Java HotSpot(TM) 64-Bit Server VM (25.0-b) for bsd-amd64 JRE (1.8.0), built on Mar 12 2024 12:13:12 by "java_re" with gcc 4.2.1 (Based on Apple Inc. build 5658) (LLVM build 2336.11.00)
Memory: 4k page, physical 16777216k(12481232k free)
CommandLine flags: -XX:InitialHeapSize=268435456 -XX:MaxHeapSize=4294967296 -XX:+PrintGC -XX:+PrintGCDateStamps -XX:+PrintGCDetails -XX:+PrintGCTimeStamps -XX:+UseCompressedClassPointers -XX:+UseCompressedOops -XX:+UseG1GC
2025-09-30T23:08:04.603+0400: [GC (Allocation Failure) 220M->409M(4096M), 0.018 secs]
2025-09-30T23:08:05.616+0400: [GC (Allocation Failure) 262M->409M(4096M), 0.018 secs]
2025-09-30T23:08:06.125+0400: [GC (Allocation Failure) 89M->409M(4096M), 0.033 secs]
2025-09-30T23:08:06.630+0400: [GC (Allocation Failure) 127M->409M(4096M), 0.006 secs]
2025-09-30T23:08:07.642+0400: [Full GC (System.gc()) 171M->409M(4096M), 0.231 secs]
2025-09-30T23:08:08.656+0400: [GC (Allocation Failure) 231M->409M(4096M), 0.013 secs]
2025-09-30T23:08:08.657+0400: [GC (Allocation Failure) 231M->409M(4096M), 0.006 secs]
2025-09-30T23:08:09.667+0400: [GC (Allocation Failure) 293M->409M(4096M), 0.020 secs]
2025-09-30T23:08:10.687+0400: [GC (Allocation Failure) 191M->409M(4096M), 0.033 secs]
2025-09-30T23:08:11.195+0400: [Full GC (System.gc()) 219M->409M(4096M), 0.132 secs]
2025-09-30T23:08:11.216+0400: [System.gc() (Allocation Failure) 219M->172M(4096M), 0.020 secs]
2025-09-30T23:08:11.723+0400: [GC (Allocation Failure) 202M->409M(4096M), 0.006 secs]
2025-09-30T23:08:12.733+0400: [GC (Allocation Failure) 262M->409M(4096M), 0.028 secs]
2025-09-30T23:08:13.743+0400: [GC (Allocation Failure) 281M->409M(4096M), 0.008 secs]
2025-09-30T23:08:13.743+0400: [GC (Allocation Failure) 281M->409M(4096M), 0.009 secs]
2025-09-30T23:08:14.758+0400: [Full GC (System.gc()) 343M->409M(4096M), 0.236 secs]
2025-09-30T23:08:15.774+0400: [GC (Allocation Failure) 403M->409M(4096M), 0.022 secs]
2025-09-30T23:08:16.283+0400: [GC (Allocation Failure) 433M->409M(4096M), 0.017 secs]
2025-09-30T23:08:16.789+0400: [GC (Allocation Failure) 465M->409M(4096M), 0.026 secs]
2025-09-30T23:08:17.804+0400: [GC (Allocation Failure) 525M->484M(4096M), 0.007 secs]
2025-09-30T23:08:18.812+0400: [Full GC (System.gc()) 685M->409M(4096M), 0.298 secs]
2025-09-30T23:08:18.813+0400: [GC (Allocation Failure) 685M->559M(4096M), 0.024 secs]
2025-09-30T23:08:18.829+0400: [System.gc() (Allocation Failure) 685M->326M(4096M), 0.016 secs]
2025-09-30T23:08:19.841+0400: [GC (Allocation Failure) 472M->447M(4096M), 0.023 secs]
2025-09-30T23:08:20.852+0400: [GC (Allocation Failure) 616M->553M(4096M), 0.023 secs]
2025-09-30T23:08:21.360+0400: [GC (Allocation Failure) 688M->568M(4096M), 0.041 secs]
2025-09-30T23:08:21.869+0400: [Full GC (System.gc()) 760M->474M(4096M), 0.288 secs]
2025-09-30T23:08:22.880+0400: [GC (Allocation Failure) 900M->793M(4096M), 0.023 secs]
2025-09-30T23:08:23.893+0400: [GC (Allocation Failure) 1040M->891M(4096M), 0.027 secs]
2025-09-30T23:08:23.894+0400: [GC (Allocation Failure) 1040M->934M(4096M), 0.005 secs]
2025-09-30T23:08:24.911+0400: [GC (Allocation Failure) 1182M->1032M(4096M), 0.006 secs]
2025-09-30T23:08:25.928+0400: [Full GC (System.gc()) 520M->409M(4096M), 0.164 secs]
2025-09-30T23:08:26.438+0400: [GC (Allocation Failure) 550M->486M(4096M), 0.015 secs]
2025-09-30T23:08:26.455+0400: [System.gc() (Allocation Failure) 550M->476M(4096M), 0.016 secs]
2025-09-30T23:08:26.962+0400: [GC (Allocation Failure) 552M->485M(4096M), 0.007 secs]
2025-09-30T23:08:27.971+0400: [GC (Allocation Failure) 564M->506M(4096M), 0.017 secs]
2025-09-30T23:08:28.991+0400: [GC (Allocation Failure) 600M->557M(4096M), 0.012 secs]
2025-09-30T23:08:28.992+0400: [Full GC (System.gc()) 600M->409M(4096M), 0.258 secs]
2025-09-30T23:08:30.000+0400: [GC (Allocation Failure) 744M->541M(4096M), 0.011 secs]
2025-09-30T23:08:31.013+0400: [GC (Allocation Failure) 888M->785M(4096M), 0.020 secs]
2025-09-30T23:08:31.519+0400: [GC (Allocation Failure) 962M->870M(4096M), 0.005 secs]
2025-09-30T23:08:32.025+0400: [GC (Allocation Failure) 897M->706M(4096M), 0.011 secs]
2025-09-30T23:08:32.580+0400: [Full GC (System.gc()) 1030M->409M(4096M), 0.263 secs]
2025-09-30T23:08:32.879+0400: [GC (Allocation Failure) 984M->896M(4096M), 0.020 secs]
2025-09-30T23:08:33.034+0400: [GC (Allocation Failure) 1022M->845M(4096M), 0.047 secs]
2025-09-30T23:08:33.478+0400: [GC (Allocation Failure) 1062M->993M(4096M), 0.009 secs]
2025-09-30T23:08:33.771+0400: [GC (Allocation Failure) 1066M->988M(4096M), 0.013 secs]
2025-09-30T23:08:34.044+0400: [Full GC (System.gc()) 1006M->656M(4096M), 0.271 secs]
2025-09-30T23:08:34.044+0400: [GC (Allocation Failure) 1006M->866M(4096M), 0.023 secs]
2025-09-30T23:08:34.056+0400: [System.gc() (Allocation Failure) 1006M->786M(4096M), 0.011 secs]
2025-09-30T23:08:34.079+0400: [GC (Allocation Failure) 872M->761M(4096M), 0.014 secs]
2025-09-30T23:08:34.388+0400: [GC (Allocation Failure) 984M->763M(4096M), 0.021 secs]
2025-09-30T23:08:34.685+0400: [System.gc() (Allocation Failure) 1070M->836M(4096M), 0.012 secs]
2025-09-30T23:08:34.976+0400: [GC (Allocation Failure) 950M->868M(4096M), 0.021 secs]
2025-09-30T23:08:35.072+0400: [Full GC (System.gc()) 982M->730M(4096M), 0.271 secs]
2025-09-30T23:08:35.276+0400: [GC (Allocation Failure) 1082M->856M(4096M), 0.029 secs]
2025-09-30T23:08:35.579+0400: [GC (Allocation Failure) 988M->914M(4096M), 0.015 secs]
2025-09-30T23:08:35.875+0400: [GC (Allocation Failure) 1098M->954M(4096M), 0.009 secs]
2025-09-30T23:08:36.085+0400: [GC (Allocation Failure) 1140M->858M(4096M), 0.015 secs]
2025-09-30T23:08:36.177+0400: [Full GC (System.gc()) 1228M->432M(4096M), 0.105 secs]
2025-09-30T23:08:36.482+0400: [GC (Allocation Failure) 1338M->1159M(4096M), 0.009 secs]
2025-09-30T23:08:36.590+0400: [GC (Allocation Failure) 1370M->1136M(4096M), 0.043 secs]
2025-09-30T23:08:36.784+0400: [GC (Allocation Failure) 1470M->1392M(4096M), 0.024 secs]
2025-09-30T23:08:37.076+0400: [GC (Allocation Failure) 1582M->1385M(4096M), 0.005 secs]
2025-09-30T23:08:37.096+0400: [Full GC (System.gc()) 1604M->716M(4096M), 0.287 secs]
2025-09-30T23:08:37.383+0400: [GC (Allocation Failure) 1712M->1579M(4096M), 0.020 secs]
2025-09-30T23:08:37.693+0400: [System.gc() (Allocation Failure) 1844M->896M(4096M), 0.012 secs]
2025-09-30T23:08:37.971+0400: [GC (Allocation Failure) 1008M->879M(4096M), 0.023 secs]
2025-09-30T23:08:38.110+0400: [GC (Allocation Failure) 1042M->887M(4096M), 0.021 secs]
2025-09-30T23:08:38.280+0400: [GC (Allocation Failure) 1088M->949M(4096M), 0.012 secs]
2025-09-30T23:08:38.580+0400: [Full GC (System.gc()) 1168M->605M(4096M), 0.286 secs]
2025-09-30T23:08:38.875+0400: [GC (Allocation Failure) 1082M->960M(4096M), 0.029 secs]
2025-09-30T23:08:39.118+0400: [GC (Allocation Failure) 1128M->1023M(4096M), 0.013 secs]
2025-09-30T23:08:39.119+0400: [GC (Allocation Failure) 1128M->989M(4096M), 0.007 secs]
2025-09-30T23:08:39.477+0400: [GC (Allocation Failure) 1324M->1044M(4096M), 0.034 secs]
2025-09-30T23:08:39.780+0400: [Full GC (System.gc()) 1452M->848M(4096M), 0.168 secs]
2025-09-30T23:08:40.077+0400: [GC (Allocation Failure) 1562M->1443M(4096M), 0.008 secs]
2025-09-30T23:08:40.131+0400: [GC (Allocation Failure) 1586M->1184M(4096M), 0.032 secs]
2025-09-30T23:08:40.382+0400: [GC (Allocation Failure) 1692M->1593M(4096M), 0.016 secs]
2025-09-30T23:08:40.683+0400: [GC (Allocation Failure) 1820M->1675M(4096M), 0.007 secs]
2025-09-30T23:08:40.696+0400: [System.gc() (Allocation Failure) 1820M->956M(4096M), 0.011 secs]
2025-09-30T23:08:40.972+0400: [Full GC (System.gc()) 1070M->634M(4096M), 0.294 secs]
2025-09-30T23:08:41.143+0400: [GC (Allocation Failure) 1110M->1032M(4096M), 0.023 secs]
2025-09-30T23:08:41.279+0400: [GC (Allocation Failure) 1148M->1077M(4096M), 0.017 secs]
2025-09-30T23:08:41.573+0400: [GC (Allocation Failure) 1258M->1104M(4096M), 0.013 secs]
2025-09-30T23:08:41.647+0400: [GC (Allocation Failure) 1288M->1182M(4096M), 0.024 secs]
2025-09-30T23:08:41.662+0400: [System.gc() (Allocation Failure) 1288M->916M(4096M), 0.015 secs]
2025-09-30T23:08:41.871+0400: [Full GC (System.gc()) 1022M->409M(4096M), 0.143 secs]
2025-09-30T23:08:42.169+0400: [GC (Allocation Failure) 1072M->924M(4096M), 0.018 secs]
2025-09-30T23:08:42.475+0400: [GC (Allocation Failure) 1262M->1094M(4096M), 0.007 secs]
2025-09-30T23:08:42.782+0400: [GC (Allocation Failure) 1344M->1198M(4096M), 0.021 secs]
2025-09-30T23:08:43.078+0400: [GC (Allocation Failure) 1248M->966M(4096M), 0.026 secs]
2025-09-30T23:08:43.178+0400: [Full GC (System.gc()) 1278M->669M(4096M), 0.131 secs]
2025-09-30T23:08:43.380+0400: [GC (Allocation Failure) 1380M->1287M(4096M), 0.006 secs]
2025-09-30T23:08:43.677+0400: [System.gc() (Allocation Failure) 1252M->1006M(4096M), 0.006 secs]
2025-09-30T23:08:43.975+0400: [GC (Allocation Failure) 1138M->1005M(4096M), 0.013 secs]
2025-09-30T23:08:44.187+0400: [GC (Allocation Failure) 1180M->1039M(4096M), 0.011 secs]
2025-09-30T23:08:44.188+0400: [GC (Allocation Failure) 1180M->1023M(4096M), 0.023 secs]
2025-09-30T23:08:44.279+0400: [Full GC (System.gc()) 1268M->892M(4096M), 0.185 secs]
2025-09-30T23:08:44.574+0400: [GC (Allocation Failure) 1378M->1297M(4096M), 0.011 secs]
2025-09-30T23:08:44.875+0400: [GC (Allocation Failure) 1322M->1218M(4096M), 0.019 secs]
2025-09-30T23:08:45.180+0400: [GC (Allocation Failure) 1312M->1134M(4096M), 0.010 secs]
2025-09-30T23:08:45.193+0400: [GC (Allocation Failure) 1334M->1192M(4096M), 0.016 secs]
2025-09-30T23:08:45.481+0400: [Full GC (System.gc()) 1380M->769M(4096M), 0.243 secs]
2025-09-30T23:08:45.793+0400: [GC (Allocation Failure) 1402M->1097M(4096M), 0.044 secs]
2025-09-30T23:08:46.076+0400: [GC (Allocation Failure) 1220M->1151M(4096M), 0.019 secs]
2025-09-30T23:08:46.204+0400: [GC (Allocation Failure) 1240M->1135M(4096M), 0.011 secs]
2025-09-30T23:08:46.377+0400: [GC (Allocation Failure) 1320M->1104M(4096M), 0.032 secs]
2025-09-30T23:08:46.702+0400: [System.gc() (Allocation Failure) 1402M->1066M(4096M), 0.017 secs]
2025-09-30T23:08:46.709+0400: [Full GC (System.gc()) 1086M->550M(4096M), 0.249 secs]
2025-09-30T23:08:46.971+0400: [GC (Allocation Failure) 1194M->1027M(4096M), 0.008 secs]
2025-09-30T23:08:47.218+0400: [GC (Allocation Failure) 1242M->946M(4096M), 0.030 secs]
2025-09-30T23:08:47.272+0400: [GC (Allocation Failure) 1326M->1254M(4096M), 0.016 secs]
2025-09-30T23:08:47.580+0400: [GC (Allocation Failure) 1372M->1231M(4096M), 0.017 secs]
2025-09-30T23:08:47.875+0400: [Full GC (System.gc()) 1380M->512M(4096M), 0.234 secs]
2025-09-30T23:08:48.232+0400: [GC (Allocation Failure) 1358M->1284M(4096M), 0.013 secs]
2025-09-30T23:08:48.481+0400: [GC (Allocation Failure) 1440M->1227M(4096M), 0.017 secs]
2025-09-30T23:08:48.774+0400: [GC (Allocation Failure) 1320M->973M(4096M), 0.049 secs]
2025-09-30T23:08:49.077+0400: [GC (Allocation Failure) 1434M->1236M(4096M), 0.005 secs]
2025-09-30T23:08:49.246+0400: [Full GC (System.gc()) 1470M->958M(4096M), 0.250 secs]
2025-09-30T23:08:49.247+0400: [GC (Allocation Failure) 1470M->1274M(4096M), 0.039 secs]
2025-09-30T23:08:49.266+0400: [System.gc() (Allocation Failure) 1470M->1066M(4096M), 0.018 secs]
2025-09-30T23:08:49.375+0400: [GC (Allocation Failure) 1160M->1080M(4096M), 0.009 secs]
2025-09-30T23:08:49.676+0400: [GC (Allocation Failure) 1274M->1115M(4096M), 0.011 secs]
2025-09-30T23:08:49.693+0400: [System.gc() (Allocation Failure) 1274M->1128M(4096M), 0.016 secs]
2025-09-30T23:08:49.975+0400: [GC (Allocation Failure) 1260M->1003M(4096M), 0.036 secs]
2025-09-30T23:08:50.279+0400: [GC (Allocation Failure) 1388M->1208M(4096M), 0.023 secs]
2025-09-30T23:08:50.279+0400: [Full GC (System.gc()) 1388M->1020M(4096M), 0.170 secs]
2025-09-30T23:08:50.581+0400: [GC (Allocation Failure) 1422M->1268M(4096M), 0.016 secs]
2025-09-30T23:08:50.871+0400: [GC (Allocation Failure) 1322M->1156M(4096M), 0.015 secs]
2025-09-30T23:08:51.291+0400: [GC (Allocation Failure) 1466M->1280M(4096M), 0.023 secs]
2025-09-30T23:08:51.495+0400: [Full GC (System.gc()) 1566M->654M(4096M), 0.113 secs]
2025-09-30T23:08:51.789+0400: [GC (Allocation Failure) 1676M->1506M(4096M), 0.024 secs]
2025-09-30T23:08:51.798+0400: [GC (Allocation Failure) 1698M->1445M(4096M), 0.015 secs]
2025-09-30T23:08:52.089+0400: [GC (Allocation Failure) 1806M->1571M(4096M), 0.011 secs]
2025-09-30T23:08:52.307+0400: [GC (Allocation Failure) 1848M->1693M(4096M), 0.017 secs]
2025-09-30T23:08:52.386+0400: [Full GC (System.gc()) 1936M->1092M(4096M), 0.218 secs]
2025-09-30T23:08:52.703+0400: [System.gc() (Allocation Failure) 2046M->1186M(4096M), 0.017 secs]
2025-09-30T23:08:52.976+0400: [GC (Allocation Failure) 1318M->1006M(4096M), 0.044 secs]
2025-09-30T23:08:53.277+0400: [GC (Allocation Failure) 1426M->1270M(4096M), 0.012 secs]
2025-09-30T23:08:53.315+0400: [GC (Allocation Failure) 1328M->1201M(4096M), 0.021 secs]
2025-09-30T23:08:53.575+0400: [GC (Allocation Failure) 1436M->1008M(4096M), 0.033 secs]
2025-09-30T23:08:53.873+0400: [Full GC (System.gc()) 1568M->837M(4096M), 0.208 secs]
2025-09-30T23:08:54.185+0400: [GC (Allocation Failure) 1680M->1454M(4096M), 0.014 secs]
2025-09-30T23:08:54.325+0400: [GC (Allocation Failure) 1714M->1477M(4096M), 0.047 secs]
2025-09-30T23:08:54.326+0400: [GC (Allocation Failure) 1714M->1463M(4096M), 0.016 secs]
2025-09-30T23:08:54.477+0400: [GC (Allocation Failure) 1810M->1616M(4096M), 0.019 secs]
2025-09-30T23:08:54.778+0400: [Full GC (System.gc()) 1922M->1032M(4096M), 0.251 secs]
2025-09-30T23:08:55.086+0400: [GC (Allocation Failure) 2054M->1784M(4096M), 0.015 secs]
2025-09-30T23:08:55.342+0400: [GC (Allocation Failure) 2100M->1788M(4096M), 0.019 secs]
2025-09-30T23:08:55.389+0400: [GC (Allocation Failure) 2184M->1768M(4096M), 0.010 secs]
2025-09-30T23:08:55.710+0400: [System.gc() (Allocation Failure) 2294M->1246M(4096M), 0.019 secs]
2025-09-30T23:08:55.977+0400: [GC (Allocation Failure) 1378M->1197M(4096M), 0.022 secs]
2025-09-30T23:08:56.276+0400: [Full GC (System.gc()) 1462M->519M(4096M), 0.222 secs]
2025-09-30T23:08:56.352+0400: [GC (Allocation Failure) 1488M->1103M(4096M), 0.044 secs]
2025-09-30T23:08:56.581+0400: [GC (Allocation Failure) 1540M->1371M(4096M), 0.019 secs]
2025-09-30T23:08:56.854+0400: [GC (Allocation Failure) 1490M->1287M(4096M), 0.016 secs]
2025-09-30T23:08:56.864+0400: [System.gc() (Allocation Failure) 1490M->1216M(4096M), 0.010 secs]
2025-09-30T23:08:56.872+0400: [GC (Allocation Failure) 1300M->995M(4096M), 0.010 secs]
2025-09-30T23:08:57.370+0400: [Full GC (System.gc()) 1454M->483M(4096M), 0.159 secs]
2025-09-30T23:08:57.476+0400: [GC (Allocation Failure) 1546M->1406M(4096M), 0.017 secs]
2025-09-30T23:08:57.773+0400: [GC (Allocation Failure) 1516M->1354M(4096M), 0.041 secs]
2025-09-30T23:08:58.072+0400: [GC (Allocation Failure) 1540M->1325M(4096M), 0.017 secs]
2025-09-30T23:08:58.375+0400: [GC (Allocation Failure) 1526M->1335M(4096M), 0.011 secs]
2025-09-30T23:08:58.382+0400: [Full GC (System.gc()) 1548M->1015M(4096M), 0.262 secs]
2025-09-30T23:08:58.674+0400: [GC (Allocation Failure) 1528M->1344M(4096M), 0.021 secs]
2025-09-30T23:08:58.695+0400: [System.gc() (Allocation Failure) 1530M->1306M(4096M), 0.018 secs]
2025-09-30T23:08:58.975+0400: [GC (Allocation Failure) 1440M->1239M(4096M), 0.015 secs]
2025-09-30T23:08:59.275+0400: [GC (Allocation Failure) 1552M->1338M(4096M), 0.048 secs]
2025-09-30T23:08:59.396+0400: [GC (Allocation Failure) 1518M->1333M(4096M), 0.005 secs]
2025-09-30T23:08:59.397+0400: [Full GC (System.gc()) 1518M->906M(4096M), 0.267 secs]
2025-09-30T23:08:59.577+0400: [GC (Allocation Failure) 1616M->1208M(4096M), 0.033 secs]
2025-09-30T23:08:59.878+0400: [GC (Allocation Failure) 1614M->1441M(4096M), 0.009 secs]
2025-09-30T23:09:00.404+0400: [GC (Allocation Failure) 1654M->1525M(4096M), 0.021 secs]
2025-09-30T23:09:00.483+0400: [GC (Allocation Failure) 1680M->1212M(4096M), 0.038 secs]
2025-09-30T23:09:00.775+0400: [Full GC (System.gc()) 1540M->566M(4096M), 0.276 secs]
2025-09-30T23:09:01.077+0400: [GC (Allocation Failure) 1676M->1532M(4096M), 0.024 secs]
2025-09-30T23:09:01.376+0400: [GC (Allocation Failure) 1784M->1464M(4096M), 0.020 secs]
2025-09-30T23:09:01.414+0400: [GC (Allocation Failure) 1808M->1559M(4096M), 0.006 secs]
2025-09-30T23:09:01.701+0400: [System.gc() (Allocation Failure) 1916M->1366M(4096M), 0.016 secs]
2025-09-30T23:09:01.918+0400: [GC (Allocation Failure) 1412M->1242M(4096M), 0.012 secs]
2025-09-30T23:09:01.972+0400: [Full GC (System.gc()) 1498M->811M(4096M), 0.102 secs]
2025-09-30T23:09:02.278+0400: [GC (Allocation Failure) 1610M->1443M(4096M), 0.007 secs]
2025-09-30T23:09:02.425+0400: [GC (Allocation Failure) 1646M->1528M(4096M), 0.010 secs]
2025-09-30T23:09:02.577+0400: [GC (Allocation Failure) 1740M->1440M(4096M), 0.023 secs]
2025-09-30T23:09:02.872+0400: [GC (Allocation Failure) 1618M->1501M(4096M), 0.011 secs]
2025-09-30T23:09:03.172+0400: [Full GC (System.gc()) 1752M->1021M(4096M), 0.219 secs]
2025-09-30T23:09:03.436+0400: [GC (Allocation Failure) 1798M->1445M(4096M), 0.028 secs]
2025-09-30T23:09:03.475+0400: [GC (Allocation Failure) 1882M->1721M(4096M), 0.013 secs]
2025-09-30T23:09:03.803+0400: [GC (Allocation Failure) 1998M->1772M(4096M), 0.020 secs]
2025-09-30T23:09:04.105+0400: [GC (Allocation Failure) 2128M->1903M(4096M), 0.025 secs]
2025-09-30T23:09:04.405+0400: [Full GC (System.gc()) 2238M->812M(4096M), 0.132 secs]
2025-09-30T23:09:04.463+0400: [GC (Allocation Failure) 2264M->2092M(4096M), 0.005 secs]
2025-09-30T23:09:04.464+0400: [GC (Allocation Failure) 2264M->1854M(4096M), 0.048 secs]
2025-09-30T23:09:04.484+0400: [System.gc() (Allocation Failure) 2264M->1346M(4096M), 0.019 secs]
2025-09-30T23:09:04.688+0400: [System.gc() (Allocation Failure) 1450M->1426M(4096M), 0.013 secs]
2025-09-30T23:09:04.981+0400: [GC (Allocation Failure) 1542M->1416M(4096M), 0.011 secs]
2025-09-30T23:09:05.282+0400: [GC (Allocation Failure) 1670M->1511M(4096M), 0.007 secs]
2025-09-30T23:09:05.499+0400: [Full GC (System.gc()) 1662M->743M(4096M), 0.237 secs]
2025-09-30T23:09:05.579+0400: [GC (Allocation Failure) 1752M->1580M(4096M), 0.011 secs]
2025-09-30T23:09:05.881+0400: [GC (Allocation Failure) 1632M->1479M(4096M), 0.005 secs]
2025-09-30T23:09:06.474+0400: [GC (Allocation Failure) 1872M->1659M(4096M), 0.040 secs]
2025-09-30T23:09:06.514+0400: [GC (Allocation Failure) 1896M->1618M(4096M), 0.009 secs]
2025-09-30T23:09:06.778+0400: [Full GC (System.gc()) 2002M->549M(4096M), 0.280 secs]
2025-09-30T23:09:07.023+0400: [GC (Allocation Failure) 2048M->1488M(4096M), 0.013 secs]
2025-09-30T23:09:07.086+0400: [GC (Allocation Failure) 2136M->1884M(4096M), 0.008 secs]
2025-09-30T23:09:07.376+0400: [GC (Allocation Failure) 2244M->1914M(4096M), 0.015 secs]
2025-09-30T23:09:07.533+0400: [GC (Allocation Failure) 2280M->2037M(4096M), 0.047 secs]
2025-09-30T23:09:07.680+0400: [Full GC (System.gc()) 2376M->699M(4096M), 0.148 secs]
2025-09-30T23:09:07.689+0400: [System.gc() (Allocation Failure) 2376M->1488M(4096M), 0.009 secs]
2025-09-30T23:09:07.978+0400: [GC (Allocation Failure) 1598M->1444M(4096M), 0.023 secs]
2025-09-30T23:09:08.285+0400: [GC (Allocation Failure) 1682M->1318M(4096M), 0.031 secs]
2025-09-30T23:09:08.545+0400: [GC (Allocation Failure) 1730M->1516M(4096M), 0.024 secs]
2025-09-30T23:09:08.579+0400: [GC (Allocation Failure) 1782M->1565M(4096M), 0.009 secs]
2025-09-30T23:09:08.880+0400: [Full GC (System.gc()) 1662M->464M(4096M), 0.221 secs]
2025-09-30T23:09:09.475+0400: [GC (Allocation Failure) 1904M->1680M(4096M), 0.008 secs]
2025-09-30T23:09:09.552+0400: [GC (Allocation Failure) 1932M->1772M(4096M), 0.022 secs]
2025-09-30T23:09:09.553+0400: [GC (Allocation Failure) 1932M->1731M(4096M), 0.031 secs]
2025-09-30T23:09:09.770+0400: [GC (Allocation Failure) 2034M->1890M(4096M), 0.015 secs]
2025-09-30T23:09:10.077+0400: [Full GC (System.gc()) 2164M->1218M(4096M), 0.239 secs]
2025-09-30T23:09:10.377+0400: [GC (Allocation Failure) 2274M->1629M(4096M), 0.044 secs]
2025-09-30T23:09:10.563+0400: [GC (Allocation Failure) 2314M->2031M(4096M), 0.005 secs]
2025-09-30T23:09:10.703+0400: [System.gc() (Allocation Failure) 2406M->1546M(4096M), 0.016 secs]
2025-09-30T23:09:10.976+0400: [GC (Allocation Failure) 1660M->1434M(4096M), 0.024 secs]
2025-09-30T23:09:11.283+0400: [GC (Allocation Failure) 1738M->1250M(4096M), 0.020 secs]
2025-09-30T23:09:11.578+0400: [Full GC (System.gc()) 1868M->531M(4096M), 0.273 secs]
2025-09-30T23:09:11.579+0400: [GC (Allocation Failure) 1872M->1693M(4096M), 0.008 secs]
2025-09-30T23:09:11.879+0400: [GC (Allocation Failure) 1764M->1507M(4096M), 0.042 secs]
2025-09-30T23:09:12.084+0400: [GC (Allocation Failure) 1804M->1610M(4096M), 0.005 secs]
2025-09-30T23:09:12.106+0400: [System.gc() (Allocation Failure) 1804M->1496M(4096M), 0.020 secs]
2025-09-30T23:09:12.176+0400: [GC (Allocation Failure) 1586M->1400M(4096M), 0.022 secs]
2025-09-30T23:09:12.475+0400: [Full GC (System.gc()) 1696M->741M(4096M), 0.194 secs]
2025-09-30T23:09:12.613+0400: [GC (Allocation Failure) 1732M->1603M(4096M), 0.007 secs]
2025-09-30T23:09:12.784+0400: [GC (Allocation Failure) 1770M->1640M(4096M), 0.007 secs]
2025-09-30T23:09:13.071+0400: [GC (Allocation Failure) 1768M->1524M(4096M), 0.038 secs]
2025-09-30T23:09:13.382+0400: [GC (Allocation Failure) 1774M->1544M(4096M), 0.012 secs]
2025-09-30T23:09:13.626+0400: [Full GC (System.gc()) 1714M->932M(4096M), 0.124 secs]
2025-09-30T23:09:13.695+0400: [System.gc() (Allocation Failure) 1776M->1606M(4096M), 0.020 secs]
2025-09-30T23:09:13.976+0400: [GC (Allocation Failure) 1718M->1425M(4096M), 0.026 secs]
2025-09-30T23:09:14.275+0400: [GC (Allocation Failure) 1846M->1681M(4096M), 0.019 secs]
2025-09-30T23:09:14.577+0400: [GC (Allocation Failure) 1836M->1587M(4096M), 0.020 secs]
2025-09-30T23:09:14.636+0400: [GC (Allocation Failure) 1864M->1572M(4096M), 0.048 secs]
2025-09-30T23:09:14.637+0400: [Full GC (System.gc()) 1864M->1044M(4096M), 0.134 secs]
2025-09-30T23:09:14.875+0400: [GC (Allocation Failure) 1970M->1817M(4096M), 0.005 secs]
2025-09-30T23:09:15.479+0400: [GC (Allocation Failure) 2212M->1725M(4096M), 0.019 secs]
2025-09-30T23:09:15.652+0400: [GC (Allocation Failure) 2250M->2014M(4096M), 0.005 secs]
2025-09-30T23:09:15.781+0400: [GC (Allocation Failure) 2344M->2077M(4096M), 0.013 secs]
2025-09-30T23:09:16.077+0400: [Full GC (System.gc()) 2468M->1599M(4096M), 0.199 secs]
2025-09-30T23:09:16.381+0400: [GC (Allocation Failure) 2600M->2263M(4096M), 0.006 secs]
2025-09-30T23:09:16.664+0400: [GC (Allocation Failure) 2646M->2336M(4096M), 0.005 secs]
2025-09-30T23:09:16.676+0400: [GC (Allocation Failure) 2728M->2259M(4096M), 0.018 secs]
2025-09-30T23:09:16.685+0400: [System.gc() (Allocation Failure) 2728M->1666M(4096M), 0.008 secs]
2025-09-30T23:09:16.976+0400: [GC (Allocation Failure) 1780M->1567M(4096M), 0.022 secs]
2025-09-30T23:09:17.170+0400: [Full GC (System.gc()) 1708M->915M(4096M), 0.157 secs]
2025-09-30T23:09:17.276+0400: [GC (Allocation Failure) 1800M->1389M(4096M), 0.018 secs]
2025-09-30T23:09:17.574+0400: [GC (Allocation Failure) 1910M->1742M(4096M), 0.016 secs]
2025-09-30T23:09:17.674+0400: [GC (Allocation Failure) 1940M->1821M(4096M), 0.017 secs]
2025-09-30T23:09:17.875+0400: [GC (Allocation Failure) 2042M->1750M(4096M), 0.011 secs]
2025-09-30T23:09:18.477+0400: [Full GC (System.gc()) 2280M->738M(4096M), 0.190 secs]
2025-09-30T23:09:18.683+0400: [GC (Allocation Failure) 2300M->2095M(4096M), 0.022 secs]
2025-09-30T23:09:18.772+0400: [GC (Allocation Failure) 2380M->1900M(4096M), 0.023 secs]
2025-09-30T23:09:19.072+0400: [GC (Allocation Failure) 2462M->2316M(4096M), 0.013 secs]
2025-09-30T23:09:19.377+0400: [GC (Allocation Failure) 2562M->2244M(4096M), 0.023 secs]
2025-09-30T23:09:19.678+0400: [Full GC (System.gc()) 2642M->1445M(4096M), 0.192 secs]
2025-09-30T23:09:19.686+0400: [System.gc() (Allocation Failure) 2642M->1705M(4096M), 0.007 secs]
2025-09-30T23:09:19.692+0400: [GC (Allocation Failure) 1727M->1619M(4096M), 0.018 secs]
2025-09-30T23:09:19.692+0400: [GC (Allocation Failure) 1727M->1585M(4096M), 0.024 secs]
2025-09-30T23:09:19.699+0400: [System.gc() (Allocation Failure) 1727M->1715M(4096M), 0.007 secs]
2025-09-30T23:09:19.976+0400: [GC (Allocation Failure) 1799M->1300M(4096M), 0.029 secs]
2025-09-30T23:09:20.276+0400: [GC (Allocation Failure) 1797M->1700M(4096M), 0.021 secs]
2025-09-30T23:09:20.575+0400: [Full GC (System.gc()) 1877M->515M(4096M), 0.201 secs]
2025-09-30T23:09:20.709+0400: [GC (Allocation Failure) 1897M->1347M(4096M), 0.033 secs]
2025-09-30T23:09:20.875+0400: [GC (Allocation Failure) 1979M->1789M(4096M), 0.017 secs]
2025-09-30T23:09:21.175+0400: [GC (Allocation Failure) 2061M->1900M(4096M), 0.011 secs]
2025-09-30T23:09:21.477+0400: [GC (Allocation Failure) 2161M->1861M(4096M), 0.022 secs]
2025-09-30T23:09:21.721+0400: [Full GC (System.gc()) 2181M->1254M(4096M), 0.113 secs]
2025-09-30T23:09:21.775+0400: [GC (Allocation Failure) 2261M->2055M(4096M), 0.012 secs]
2025-09-30T23:09:22.075+0400: [GC (Allocation Failure) 2341M->1844M(4096M), 0.026 secs]
2025-09-30T23:09:22.230+0400: [GC (Allocation Failure) 2361M->2234M(4096M), 0.017 secs]
2025-09-30T23:09:22.373+0400: [GC (Allocation Failure) 2441M->2274M(4096M), 0.012 secs]
2025-09-30T23:09:22.674+0400: [Full GC (System.gc()) 2521M->1750M(4096M), 0.116 secs]
2025-09-30T23:09:22.688+0400: [System.gc() (Allocation Failure) 2521M->1765M(4096M), 0.014 secs]
2025-09-30T23:09:22.736+0400: [GC (Allocation Failure) 1785M->1596M(4096M), 0.022 secs]
2025-09-30T23:09:22.977+0400: [GC (Allocation Failure) 1865M->1606M(4096M), 0.005 secs]
2025-09-30T23:09:23.281+0400: [GC (Allocation Failure) 1957M->1488M(4096M), 0.012 secs]
2025-09-30T23:09:23.575+0400: [GC (Allocation Failure) 2037M->1876M(4096M), 0.011 secs]
2025-09-30T23:09:23.751+0400: [Full GC (System.gc()) 2059M->1141M(4096M), 0.290 secs]
2025-09-30T23:09:23.876+0400: [GC (Allocation Failure) 2141M->1520M(4096M), 0.026 secs]
2025-09-30T23:09:24.475+0400: [GC (Allocation Failure) 2321M->2031M(4096M), 0.017 secs]
2025-09-30T23:09:24.760+0400: [GC (Allocation Failure) 2341M->2034M(4096M), 0.017 secs]
2025-09-30T23:09:24.761+0400: [GC (Allocation Failure) 2341M->1950M(4096M), 0.033 secs]
2025-09-30T23:09:24.771+0400: [Full GC (System.gc()) 2421M->1454M(4096M), 0.159 secs]
2025-09-30T23:09:25.078+0400: [GC (Allocation Failure) 2501M->2270M(4096M), 0.021 secs]
2025-09-30T23:09:25.382+0400: [GC (Allocation Failure) 2601M->2137M(4096M), 0.014 secs]
2025-09-30T23:09:25.682+0400: [GC (Allocation Failure) 2681M->2312M(4096M), 0.012 secs]
2025-09-30T23:09:25.695+0400: [System.gc() (Allocation Failure) 2681M->1825M(4096M), 0.012 secs]
2025-09-30T23:09:25.777+0400: [GC (Allocation Failure) 1845M->1577M(4096M), 0.023 secs]
2025-09-30T23:09:25.975+0400: [Full GC (System.gc()) 1929M->1125M(4096M), 0.265 secs]
2025-09-30T23:09:26.274+0400: [GC (Allocation Failure) 2009M->1789M(4096M), 0.012 secs]
2025-09-30T23:09:26.577+0400: [GC (Allocation Failure) 2109M->1836M(4096M), 0.006 secs]
2025-09-30T23:09:26.791+0400: [GC (Allocation Failure) 2129M->1881M(4096M), 0.040 secs]
2025-09-30T23:09:26.870+0400: [GC (Allocation Failure) 2209M->2061M(4096M), 0.006 secs]
2025-09-30T23:09:27.298+0400: [Full GC (System.gc()) 2311M->1250M(4096M), 0.142 secs]
2025-09-30T23:09:27.315+0400: [System.gc() (Allocation Failure) 2311M->1865M(4096M), 0.016 secs]
2025-09-30T23:09:27.477+0400: [GC (Allocation Failure) 1947M->1418M(4096M), 0.041 secs]
2025-09-30T23:09:27.775+0400: [GC (Allocation Failure) 2027M->1877M(4096M), 0.015 secs]
2025-09-30T23:09:27.822+0400: [GC (Allocation Failure) 2049M->1932M(4096M), 0.021 secs]
2025-09-30T23:09:28.076+0400: [GC (Allocation Failure) 2129M->1718M(4096M), 0.028 secs]
2025-09-30T23:09:28.373+0400: [Full GC (System.gc()) 2229M->1575M(4096M), 0.109 secs]
2025-09-30T23:09:28.686+0400: [System.gc() (Allocation Failure) 2309M->1885M(4096M), 0.011 secs]
2025-09-30T23:09:28.836+0400: [GC (Allocation Failure) 1905M->1661M(4096M), 0.021 secs]
2025-09-30T23:09:28.973+0400: [GC (Allocation Failure) 1987M->1500M(4096M), 0.041 secs]
2025-09-30T23:09:29.276+0400: [GC (Allocation Failure) 2071M->1851M(4096M), 0.014 secs]
2025-09-30T23:09:29.575+0400: [GC (Allocation Failure) 2171M->2015M(4096M), 0.021 secs]
2025-09-30T23:09:29.848+0400: [Full GC (System.gc()) 2191M->1149M(4096M), 0.207 secs]
2025-09-30T23:09:29.849+0400: [GC (Allocation Failure) 2191M->1934M(4096M), 0.008 secs]
2025-09-30T23:09:29.875+0400: [GC (Allocation Failure) 2271M->2012M(4096M), 0.008 secs]
2025-09-30T23:09:30.171+0400: [GC (Allocation Failure) 2351M->2018M(4096M), 0.011 secs]
2025-09-30T23:09:30.472+0400: [GC (Allocation Failure) 2451M->2099M(4096M), 0.023 secs]
2025-09-30T23:09:30.770+0400: [Full GC (System.gc()) 2531M->725M(4096M), 0.107 secs]
2025-09-30T23:09:30.860+0400: [GC (Allocation Failure) 2551M->2244M(4096M), 0.039 secs]
2025-09-30T23:09:31.080+0400: [GC (Allocation Failure) 2631M->2344M(4096M), 0.014 secs]
2025-09-30T23:09:31.375+0400: [GC (Allocation Failure) 2731M->2343M(4096M), 0.012 secs]
2025-09-30T23:09:31.675+0400: [GC (Allocation Failure) 2811M->2441M(4096M), 0.029 secs]
2025-09-30T23:09:31.685+0400: [System.gc() (Allocation Failure) 2811M->1945M(4096M), 0.009 secs]
2025-09-30T23:09:31.882+0400: [Full GC (System.gc()) 1965M->1052M(4096M), 0.142 secs]
2025-09-30T23:09:31.975+0400: [GC (Allocation Failure) 2045M->1754M(4096M), 0.023 secs]
2025-09-30T23:09:32.277+0400: [GC (Allocation Failure) 2127M->1761M(4096M), 0.027 secs]
2025-09-30T23:09:32.390+0400: [GC (Allocation Failure) 2147M->1931M(4096M), 0.007 secs]
2025-09-30T23:09:32.577+0400: [GC (Allocation Failure) 2227M->1897M(4096M), 0.016 secs]
2025-09-30T23:09:32.875+0400: [Full GC (System.gc()) 2307M->904M(4096M), 0.208 secs]
2025-09-30T23:09:32.893+0400: [GC (Allocation Failure) 2327M->2103M(4096M), 0.008 secs]
2025-09-30T23:09:33.476+0400: [GC (Allocation Failure) 2509M->2224M(4096M), 0.016 secs]
2025-09-30T23:09:33.775+0400: [GC (Allocation Failure) 2589M->2074M(4096M), 0.017 secs]
2025-09-30T23:09:33.900+0400: [GC (Allocation Failure) 2609M->2347M(4096M), 0.010 secs]
2025-09-30T23:09:34.071+0400: [Full GC (System.gc()) 2691M->959M(4096M), 0.275 secs]
2025-09-30T23:09:34.372+0400: [GC (Allocation Failure) 2771M->2139M(4096M), 0.011 secs]
2025-09-30T23:09:34.677+0400: [GC (Allocation Failure) 2871M->2582M(4096M), 0.019 secs]
2025-09-30T23:09:34.684+0400: [System.gc() (Allocation Failure) 2871M->2005M(4096M), 0.007 secs]
2025-09-30T23:09:34.912+0400: [GC (Allocation Failure) 2027M->1725M(4096M), 0.007 secs]
2025-09-30T23:09:34.912+0400: [GC (Allocation Failure) 2027M->1674M(4096M), 0.010 secs]
2025-09-30T23:09:34.922+0400: [System.gc() (Allocation Failure) 2027M->2015M(4096M), 0.010 secs]
2025-09-30T23:09:34.982+0400: [Full GC (System.gc()) 2095M->1050M(4096M), 0.202 secs]
2025-09-30T23:09:35.275+0400: [GC (Allocation Failure) 2179M->1893M(4096M), 0.015 secs]
2025-09-30T23:09:35.575+0400: [GC (Allocation Failure) 2281M->1988M(4096M), 0.017 secs]
2025-09-30T23:09:35.878+0400: [GC (Allocation Failure) 2361M->2157M(4096M), 0.014 secs]
2025-09-30T23:09:35.937+0400: [GC (Allocation Failure) 2381M->2096M(4096M), 0.005 secs]
2025-09-30T23:09:36.171+0400: [Full GC (System.gc()) 2461M->754M(4096M), 0.131 secs]
2025-09-30T23:09:36.476+0400: [GC (Allocation Failure) 2561M->2221M(4096M), 0.021 secs]
2025-09-30T23:09:36.775+0400: [GC (Allocation Failure) 2641M->2413M(4096M), 0.021 secs]
2025-09-30T23:09:36.948+0400: [GC (Allocation Failure) 2661M->2371M(4096M), 0.022 secs]
2025-09-30T23:09:37.072+0400: [GC (Allocation Failure) 2741M->2530M(4096M), 0.006 secs]
2025-09-30T23:09:37.380+0400: [Full GC (System.gc()) 2821M->1893M(4096M), 0.207 secs]
2025-09-30T23:09:37.452+0400: [GC (Allocation Failure) 2841M->2376M(4096M), 0.040 secs]
2025-09-30T23:09:37.680+0400: [GC (Allocation Failure) 2921M->2500M(4096M), 0.021 secs]
2025-09-30T23:09:37.690+0400: [System.gc() (Allocation Failure) 2921M->2065M(4096M), 0.009 secs]
2025-09-30T23:09:37.960+0400: [GC (Allocation Failure) 2085M->1865M(4096M), 0.020 secs]
2025-09-30T23:09:37.983+0400: [GC (Allocation Failure) 2165M->1642M(4096M), 0.039 secs]
2025-09-30T23:09:38.278+0400: [Full GC (System.gc()) 2245M->591M(4096M), 0.129 secs]
2025-09-30T23:09:38.575+0400: [GC (Allocation Failure) 2347M->2090M(4096M), 0.017 secs]
2025-09-30T23:09:38.879+0400: [GC (Allocation Failure) 2429M->1887M(4096M), 0.028 secs]
2025-09-30T23:09:38.975+0400: [GC (Allocation Failure) 2449M->2134M(4096M), 0.005 secs]
2025-09-30T23:09:39.172+0400: [GC (Allocation Failure) 2531M->2276M(4096M), 0.022 secs]
2025-09-30T23:09:39.475+0400: [Full GC (System.gc()) 2611M->1295M(4096M), 0.248 secs]
2025-09-30T23:09:39.775+0400: [GC (Allocation Failure) 2711M->2444M(4096M), 0.018 secs]
2025-09-30T23:09:39.987+0400: [GC (Allocation Failure) 2731M->2423M(4096M), 0.013 secs]
2025-09-30T23:09:39.987+0400: [GC (Allocation Failure) 2731M->2169M(4096M), 0.029 secs]
2025-09-30T23:09:40.079+0400: [GC (Allocation Failure) 2811M->2520M(4096M), 0.024 secs]
2025-09-30T23:09:40.378+0400: [Full GC (System.gc()) 2891M->784M(4096M), 0.275 secs]
2025-09-30T23:09:40.679+0400: [GC (Allocation Failure) 2991M->2345M(4096M), 0.030 secs]
2025-09-30T23:09:40.690+0400: [System.gc() (Allocation Failure) 2991M->2125M(4096M), 0.011 secs]
2025-09-30T23:09:40.976+0400: [GC (Allocation Failure) 2205M->2002M(4096M), 0.021 secs]
2025-09-30T23:09:41.001+0400: [GC (Allocation Failure) 2227M->2072M(4096M), 0.018 secs]
2025-09-30T23:09:41.274+0400: [GC (Allocation Failure) 2309M->1856M(4096M), 0.038 secs]
2025-09-30T23:09:41.575+0400: [Full GC (System.gc()) 2453M->814M(4096M), 0.178 secs]
2025-09-30T23:09:41.880+0400: [GC (Allocation Failure) 2539M->2161M(4096M), 0.020 secs]
2025-09-30T23:09:42.014+0400: [GC (Allocation Failure) 2561M->2077M(4096M), 0.027 secs]
2025-09-30T23:09:42.173+0400: [GC (Allocation Failure) 2645M->2499M(4096M), 0.023 secs]
2025-09-30T23:09:42.474+0400: [GC (Allocation Failure) 2731M->2374M(4096M), 0.021 secs]
2025-09-30T23:09:42.520+0400: [Full GC (System.gc()) 2751M->1276M(4096M), 0.136 secs]
2025-09-30T23:09:42.531+0400: [System.gc() (Allocation Failure) 2751M->2152M(4096M), 0.011 secs]
2025-09-30T23:09:42.776+0400: [GC (Allocation Failure) 2239M->2033M(4096M), 0.005 secs]
2025-09-30T23:09:43.044+0400: [System.gc() (Allocation Failure) 2257M->165M(4096M), 0.008 secs]
2025-09-30T23:09:43.089+0400: [GC (Allocation Failure) 249M->409M(4096M), 0.010 secs]
2025-09-30T23:09:43.378+0400: [GC (Allocation Failure) 325M->409M(4096M), 0.031 secs]
2025-09-30T23:09:43.676+0400: [GC (Allocation Failure) 305M->409M(4096M), 0.010 secs]
2025-09-30T23:09:43.682+0400: [System.gc() (Allocation Failure) 305M->205M(4096M), 0.006 secs]
2025-09-30T23:09:43.977+0400: [Full GC (System.gc()) 285M->409M(4096M), 0.253 secs]
2025-09-30T23:09:44.275+0400: [GC (Allocation Failure) 365M->409M(4096M), 0.022 secs]
2025-09-30T23:09:44.576+0400: [GC (Allocation Failure) 445M->409M(4096M), 0.020 secs]
2025-09-30T23:09:44.875+0400: [GC (Allocation Failure) 555M->526M(4096M), 0.011 secs]
2025-09-30T23:09:45.477+0400: [GC (Allocation Failure) 717M->624M(4096M), 0.038 secs]
2025-09-30T23:09:45.777+0400: [Full GC (System.gc()) 797M->409M(4096M), 0.143 secs]
2025-09-30T23:09:46.078+0400: [GC (Allocation Failure) 891M->794M(4096M), 0.005 secs]
2025-09-30T23:09:46.382+0400: [GC (Allocation Failure) 971M->829M(4096M), 0.029 secs]
2025-09-30T23:09:46.689+0400: [System.gc() (Allocation Failure) 1051M->205M(4096M), 0.012 secs]
2025-09-30T23:09:46.975+0400: [GC (Allocation Failure) 287M->409M(4096M), 0.018 secs]
2025-09-30T23:09:47.277+0400: [GC (Allocation Failure) 365M->409M(4096M), 0.013 secs]
2025-09-30T23:09:47.574+0400: [Full GC (System.gc()) 345M->409M(4096M), 0.104 secs]
2025-09-30T23:09:47.872+0400: [GC (Allocation Failure) 427M->409M(4096M), 0.014 secs]
2025-09-30T23:09:48.173+0400: [GC (Allocation Failure) 521M->452M(4096M), 0.021 secs]
2025-09-30T23:09:48.475+0400: [GC (Allocation Failure) 633M->482M(4096M), 0.013 secs]
2025-09-30T23:09:48.777+0400: [GC (Allocation Failure) 743M->698M(4096M), 0.024 secs]
2025-09-30T23:09:49.077+0400: [Full GC (System.gc()) 357M->409M(4096M), 0.178 secs]
2025-09-30T23:09:49.374+0400: [GC (Allocation Failure) 467M->409M(4096M), 0.031 secs]
2025-09-30T23:09:49.665+0400: [System.gc() (Allocation Failure) 495M->16M(4096M), 0.007 secs]
2025-09-30T23:09:51.088+0400: [GC (Allocation Failure) 322M->409M(4096M), 0.023 secs]
2025-09-30T23:09:51.387+0400: [GC (Allocation Failure) 432M->409M(4096M), 0.021 secs]
2025-09-30T23:09:51.987+0400: [GC (Allocation Failure) 654M->464M(4096M), 0.014 secs]
2025-09-30T23:09:52.288+0400: [Full GC (System.gc()) 764M->554M(4096M), 0.251 secs]
2025-09-30T23:09:52.591+0400: [GC (Allocation Failure) 874M->775M(4096M), 0.017 secs]
2025-09-30T23:09:52.889+0400: [GC (Allocation Failure) 986M->846M(4096M), 0.017 secs]
2025-09-30T23:09:53.204+0400: [System.gc() (Allocation Failure) 1096M->216M(4096M), 0.013 secs]
2025-09-30T23:09:53.485+0400: [GC (Allocation Failure) 326M->409M(4096M), 0.012 secs]
2025-09-30T23:09:53.789+0400: [GC (Allocation Failure) 412M->409M(4096M), 0.012 secs]
2025-09-30T23:09:54.084+0400: [Full GC (System.gc()) 524M->409M(4096M), 0.209 secs]
2025-09-30T23:09:54.384+0400: [GC (Allocation Failure) 524M->469M(4096M), 0.017 secs]
2025-09-30T23:09:54.688+0400: [GC (Allocation Failure) 460M->409M(4096M), 0.022 secs]
2025-09-30T23:09:54.984+0400: [GC (Allocation Failure) 542M->424M(4096M), 0.039 secs]
2025-09-30T23:09:55.285+0400: [GC (Allocation Failure) 481M->435M(4096M), 0.010 secs]
2025-09-30T23:09:55.583+0400: [Full GC (System.gc()) 563M->409M(4096M), 0.218 secs]
2025-09-30T23:09:55.886+0400: [GC (Allocation Failure) 442M->409M(4096M), 0.011 secs]
2025-09-30T23:09:56.192+0400: [System.gc() (Allocation Failure) 524M->206M(4096M), 0.008 secs]
2025-09-30T23:09:56.487+0400: [GC (Allocation Failure) 321M->409M(4096M), 0.008 secs]
2025-09-30T23:09:56.784+0400: [GC (Allocation Failure) 407M->409M(4096M), 0.030 secs]
2025-09-30T23:09:56.784+0400: [GC (Allocation Failure) 407M->409M(4096M), 0.021 secs]
2025-09-30T23:09:57.083+0400: [Full GC (System.gc()) 393M->409M(4096M), 0.288 secs]
2025-09-30T23:09:57.385+0400: [GC (Allocation Failure) 493M->454M(4096M), 0.009 secs]
2025-09-30T23:09:57.800+0400: [GC (Allocation Failure) 609M->534M(4096M), 0.010 secs]
2025-09-30T23:09:57.994+0400: [GC (Allocation Failure) 689M->624M(4096M), 0.007 secs]
2025-09-30T23:09:58.294+0400: [GC (Allocation Failure) 769M->667M(4096M), 0.006 secs]
2025-09-30T23:09:58.309+0400: [Full GC (System.gc()) 789M->414M(4096M), 0.134 secs]
2025-09-30T23:09:58.593+0400: [GC (Allocation Failure) 869M->773M(4096M), 0.015 secs]
2025-09-30T23:09:58.817+0400: [GC (Allocation Failure) 889M->819M(4096M), 0.014 secs]
2025-09-30T23:09:58.887+0400: [GC (Allocation Failure) 969M->683M(4096M), 0.023 secs]
2025-09-30T23:09:59.190+0400: [GC (Allocation Failure) 1049M->923M(4096M), 0.020 secs]
2025-09-30T23:09:59.208+0400: [System.gc() (Allocation Failure) 1049M->276M(4096M), 0.018 secs]
2025-09-30T23:09:59.479+0400: [Full GC (System.gc()) 378M->409M(4096M), 0.207 secs]
2025-09-30T23:09:59.784+0400: [GC (Allocation Failure) 456M->409M(4096M), 0.020 secs]
2025-09-30T23:09:59.824+0400: [GC (Allocation Failure) 366M->409M(4096M), 0.024 secs]
2025-09-30T23:10:00.084+0400: [GC (Allocation Failure) 448M->425M(4096M), 0.008 secs]
2025-09-30T23:10:00.385+0400: [GC (Allocation Failure) 554M->427M(4096M), 0.034 secs]
2025-09-30T23:10:00.837+0400: [Full GC (System.gc()) 664M->409M(4096M), 0.215 secs]
2025-09-30T23:10:00.837+0400: [GC (Allocation Failure) 664M->574M(4096M), 0.019 secs]
2025-09-30T23:10:00.988+0400: [GC (Allocation Failure) 748M->645M(4096M), 0.030 secs]
2025-09-30T23:10:01.282+0400: [GC (Allocation Failure) 836M->731M(4096M), 0.011 secs]
2025-09-30T23:10:01.586+0400: [GC (Allocation Failure) 942M->877M(4096M), 0.006 secs]
2025-09-30T23:10:01.852+0400: [Full GC (System.gc()) 966M->577M(4096M), 0.109 secs]
2025-09-30T23:10:01.884+0400: [GC (Allocation Failure) 421M->409M(4096M), 0.005 secs]
2025-09-30T23:10:02.202+0400: [System.gc() (Allocation Failure) 505M->342M(4096M), 0.020 secs]
2025-09-30T23:10:02.487+0400: [GC (Allocation Failure) 449M->409M(4096M), 0.018 secs]
2025-09-30T23:10:02.784+0400: [GC (Allocation Failure) 534M->418M(4096M), 0.010 secs]
2025-09-30T23:10:02.864+0400: [GC (Allocation Failure) 442M->409M(4096M), 0.006 secs]
2025-09-30T23:10:03.084+0400: [Full GC (System.gc()) 526M->409M(4096M), 0.284 secs]
2025-09-30T23:10:03.366+0400: [GC (Allocation Failure) 552M->463M(4096M), 0.040 secs]
2025-09-30T23:10:03.382+0400: [System.gc() (Allocation Failure) 552M->312M(4096M), 0.016 secs]
2025-09-30T23:10:03.383+0400: [GC (Allocation Failure) 392M->409M(4096M), 0.010 secs]
2025-09-30T23:10:03.689+0400: [GC (Allocation Failure) 479M->420M(4096M), 0.021 secs]
2025-09-30T23:10:03.889+0400: [GC (Allocation Failure) 401M->409M(4096M), 0.041 secs]
2025-09-30T23:10:03.982+0400: [Full GC (System.gc()) 483M->409M(4096M), 0.238 secs]
2025-09-30T23:10:04.284+0400: [GC (Allocation Failure) 569M->531M(4096M), 0.021 secs]
2025-09-30T23:10:04.585+0400: [GC (Allocation Failure) 675M->519M(4096M), 0.024 secs]
2025-09-30T23:10:04.884+0400: [GC (Allocation Failure) 761M->721M(4096M), 0.013 secs]
2025-09-30T23:10:04.898+0400: [GC (Allocation Failure) 781M->673M(4096M), 0.023 secs]
2025-09-30T23:10:05.193+0400: [System.gc() (Allocation Failure) 869M->402M(4096M), 0.008 secs]
2025-09-30T23:10:05.488+0400: [Full GC (System.gc()) 508M->409M(4096M), 0.206 secs]
2025-09-30T23:10:05.783+0400: [GC (Allocation Failure) 582M->541M(4096M), 0.019 secs]
2025-09-30T23:10:05.905+0400: [GC (Allocation Failure) 604M->542M(4096M), 0.007 secs]
2025-09-30T23:10:05.906+0400: [GC (Allocation Failure) 604M->517M(4096M), 0.040 secs]
2025-09-30T23:10:06.084+0400: [GC (Allocation Failure) 688M->638M(4096M), 0.016 secs]
2025-09-30T23:10:06.388+0400: [Full GC (System.gc()) 774M->576M(4096M), 0.207 secs]
2025-09-30T23:10:06.909+0400: [GC (Allocation Failure) 906M->682M(4096M), 0.018 secs]
2025-09-30T23:10:06.993+0400: [GC (Allocation Failure) 988M->854M(4096M), 0.015 secs]
2025-09-30T23:10:07.284+0400: [GC (Allocation Failure) 554M->475M(4096M), 0.017 secs]
2025-09-30T23:10:07.581+0400: [GC (Allocation Failure) 660M->576M(4096M), 0.014 secs]
2025-09-30T23:10:07.883+0400: [Full GC (System.gc()) 746M->409M(4096M), 0.146 secs]
2025-09-30T23:10:07.921+0400: [GC (Allocation Failure) 768M->680M(4096M), 0.017 secs]
2025-09-30T23:10:08.184+0400: [GC (Allocation Failure) 852M->678M(4096M), 0.049 secs]
2025-09-30T23:10:08.200+0400: [System.gc() (Allocation Failure) 852M->462M(4096M), 0.016 secs]
2025-09-30T23:10:08.427+0400: [GC (Allocation Failure) 489M->450M(4096M), 0.012 secs]
2025-09-30T23:10:08.479+0400: [GC (Allocation Failure) 571M->516M(4096M), 0.008 secs]
2025-09-30T23:10:08.784+0400: [Full GC (System.gc()) 655M->409M(4096M), 0.207 secs]
2025-09-30T23:10:08.934+0400: [GC (Allocation Failure) 679M->627M(4096M), 0.020 secs]
2025-09-30T23:10:09.084+0400: [GC (Allocation Failure) 761M->673M(4096M), 0.009 secs]
2025-09-30T23:10:09.384+0400: [GC (Allocation Failure) 877M->773M(4096M), 0.037 secs]
2025-09-30T23:10:09.942+0400: [GC (Allocation Failure) 1009M->861M(4096M), 0.020 secs]
2025-09-30T23:10:09.986+0400: [Full GC (System.gc()) 1089M->631M(4096M), 0.111 secs]
2025-09-30T23:10:10.283+0400: [GC (Allocation Failure) 608M->455M(4096M), 0.031 secs]
2025-09-30T23:10:10.584+0400: [GC (Allocation Failure) 714M->662M(4096M), 0.013 secs]
2025-09-30T23:10:10.883+0400: [GC (Allocation Failure) 800M->748M(4096M), 0.013 secs]
2025-09-30T23:10:10.950+0400: [GC (Allocation Failure) 822M->683M(4096M), 0.022 secs]
2025-09-30T23:10:10.950+0400: [Full GC (System.gc()) 822M->443M(4096M), 0.129 secs]
2025-09-30T23:10:10.956+0400: [System.gc() (Allocation Failure) 822M->442M(4096M), 0.006 secs]
2025-09-30T23:10:11.190+0400: [System.gc() (Allocation Failure) 529M->522M(4096M), 0.006 secs]
2025-09-30T23:10:11.483+0400: [GC (Allocation Failure) 645M->594M(4096M), 0.020 secs]
2025-09-30T23:10:11.785+0400: [GC (Allocation Failure) 765M->608M(4096M), 0.031 secs]
2025-09-30T23:10:11.964+0400: [GC (Allocation Failure) 803M->720M(4096M), 0.014 secs]
2025-09-30T23:10:12.084+0400: [GC (Allocation Failure) 897M->819M(4096M), 0.022 secs]
2025-09-30T23:10:12.385+0400: [Full GC (System.gc()) 1007M->681M(4096M), 0.152 secs]
2025-09-30T23:10:12.686+0400: [GC (Allocation Failure) 1137M->1071M(4096M), 0.010 secs]
2025-09-30T23:10:12.978+0400: [GC (Allocation Failure) 1185M->1113M(4096M), 0.006 secs]
2025-09-30T23:10:12.991+0400: [GC (Allocation Failure) 1267M->1024M(4096M), 0.021 secs]
2025-09-30T23:10:13.283+0400: [GC (Allocation Failure) 864M->778M(4096M), 0.008 secs]
2025-09-30T23:10:13.484+0400: [Full GC (System.gc()) 908M->655M(4096M), 0.193 secs]
2025-09-30T23:10:13.584+0400: [GC (Allocation Failure) 998M->811M(4096M), 0.040 secs]
2025-09-30T23:10:13.884+0400: [GC (Allocation Failure) 1100M->945M(4096M), 0.013 secs]
2025-09-30T23:10:13.992+0400: [GC (Allocation Failure) 1120M->969M(4096M), 0.018 secs]
2025-09-30T23:10:14.202+0400: [System.gc() (Allocation Failure) 1200M->574M(4096M), 0.018 secs]
2025-09-30T23:10:14.484+0400: [GC (Allocation Failure) 654M->498M(4096M), 0.010 secs]
2025-09-30T23:10:14.780+0400: [Full GC (System.gc()) 766M->409M(4096M), 0.247 secs]
2025-09-30T23:10:14.997+0400: [GC (Allocation Failure) 812M->741M(4096M), 0.017 secs]
2025-09-30T23:10:15.084+0400: [GC (Allocation Failure) 902M->805M(4096M), 0.046 secs]
2025-09-30T23:10:15.384+0400: [GC (Allocation Failure) 1012M->873M(4096M), 0.005 secs]
2025-09-30T23:10:15.985+0400: [GC (Allocation Failure) 1252M->1074M(4096M), 0.013 secs]
2025-09-30T23:10:16.011+0400: [Full GC (System.gc()) 1276M->606M(4096M), 0.197 secs]
2025-09-30T23:10:16.012+0400: [GC (Allocation Failure) 1276M->1121M(4096M), 0.023 secs]
2025-09-30T23:10:16.288+0400: [GC (Allocation Failure) 1384M->1186M(4096M), 0.009 secs]
2025-09-30T23:10:16.596+0400: [GC (Allocation Failure) 1514M->1204M(4096M), 0.027 secs]
2025-09-30T23:10:16.896+0400: [GC (Allocation Failure) 1624M->1401M(4096M), 0.008 secs]
2025-09-30T23:10:17.025+0400: [Full GC (System.gc()) 1658M->1230M(4096M), 0.188 secs]
2025-09-30T23:10:17.200+0400: [GC (Allocation Failure) 1756M->1325M(4096M), 0.039 secs]
2025-09-30T23:10:17.211+0400: [System.gc() (Allocation Failure) 1756M->646M(4096M), 0.011 secs]
2025-09-30T23:10:17.482+0400: [GC (Allocation Failure) 756M->671M(4096M), 0.009 secs]
2025-09-30T23:10:17.792+0400: [GC (Allocation Failure) 842M->797M(4096M), 0.010 secs]
2025-09-30T23:10:18.037+0400: [GC (Allocation Failure) 768M->656M(4096M), 0.047 secs]
2025-09-30T23:10:18.084+0400: [Full GC (System.gc()) 852M->634M(4096M), 0.299 secs]
2025-09-30T23:10:18.383+0400: [GC (Allocation Failure) 962M->833M(4096M), 0.015 secs]
2025-09-30T23:10:18.541+0400: [GC (Allocation Failure) 998M->707M(4096M), 0.021 secs]
2025-09-30T23:10:18.560+0400: [System.gc() (Allocation Failure) 998M->596M(4096M), 0.019 secs]
2025-09-30T23:10:18.988+0400: [GC (Allocation Failure) 770M->672M(4096M), 0.010 secs]
2025-09-30T23:10:19.068+0400: [GC (Allocation Failure) 800M->759M(4096M), 0.012 secs]
2025-09-30T23:10:19.284+0400: [Full GC (System.gc()) 902M->514M(4096M), 0.227 secs]
2025-09-30T23:10:19.581+0400: [GC (Allocation Failure) 1034M->970M(4096M), 0.016 secs]
2025-09-30T23:10:19.885+0400: [GC (Allocation Failure) 1144M->1072M(4096M), 0.005 secs]
2025-09-30T23:10:20.081+0400: [GC (Allocation Failure) 1186M->886M(4096M), 0.022 secs]
2025-09-30T23:10:20.206+0400: [System.gc() (Allocation Failure) 988M->708M(4096M), 0.019 secs]
2025-09-30T23:10:20.484+0400: [GC (Allocation Failure) 818M->753M(4096M), 0.009 secs]
2025-09-30T23:10:20.785+0400: [Full GC (System.gc()) 950M->424M(4096M), 0.130 secs]
2025-09-30T23:10:21.088+0400: [GC (Allocation Failure) 1066M->809M(4096M), 0.017 secs]
2025-09-30T23:10:21.097+0400: [GC (Allocation Failure) 980M->894M(4096M), 0.016 secs]
2025-09-30T23:10:21.098+0400: [GC (Allocation Failure) 980M->884M(4096M), 0.024 secs]
2025-09-30T23:10:21.384+0400: [GC (Allocation Failure) 1008M->876M(4096M), 0.020 secs]
2025-09-30T23:10:21.686+0400: [Full GC (System.gc()) 1010M->715M(4096M), 0.175 secs]
2025-09-30T23:10:21.989+0400: [GC (Allocation Failure) 1064M->935M(4096M), 0.010 secs]
2025-09-30T23:10:22.109+0400: [GC (Allocation Failure) 992M->871M(4096M), 0.016 secs]
2025-09-30T23:10:22.288+0400: [GC (Allocation Failure) 1060M->995M(4096M), 0.024 secs]
2025-09-30T23:10:22.583+0400: [GC (Allocation Failure) 1072M->1007M(4096M), 0.019 secs]
2025-09-30T23:10:22.886+0400: [Full GC (System.gc()) 1072M->793M(4096M), 0.117 secs]
2025-09-30T23:10:23.122+0400: [GC (Allocation Failure) 992M->921M(4096M), 0.018 secs]
2025-09-30T23:10:23.202+0400: [System.gc() (Allocation Failure) 1078M->766M(4096M), 0.018 secs]
2025-09-30T23:10:23.484+0400: [GC (Allocation Failure) 878M->785M(4096M), 0.021 secs]
2025-09-30T23:10:23.627+0400: [GC (Allocation Failure) 912M->713M(4096M), 0.013 secs]
2025-09-30T23:10:23.785+0400: [GC (Allocation Failure) 1008M->910M(4096M), 0.021 secs]
2025-09-30T23:10:24.088+0400: [Full GC (System.gc()) 1040M->637M(4096M), 0.203 secs]
2025-09-30T23:10:24.133+0400: [GC (Allocation Failure) 1066M->784M(4096M), 0.035 secs]
2025-09-30T23:10:24.383+0400: [GC (Allocation Failure) 1070M->1012M(4096M), 0.012 secs]
2025-09-30T23:10:24.988+0400: [GC (Allocation Failure) 1118M->1044M(4096M), 0.016 secs]
2025-09-30T23:10:25.141+0400: [GC (Allocation Failure) 916M->731M(4096M), 0.031 secs]
2025-09-30T23:10:25.284+0400: [Full GC (System.gc()) 1012M->584M(4096M), 0.276 secs]
2025-09-30T23:10:25.580+0400: [GC (Allocation Failure) 1122M->1037M(4096M), 0.005 secs]
2025-09-30T23:10:25.889+0400: [GC (Allocation Failure) 1252M->965M(4096M), 0.047 secs]
2025-09-30T23:10:26.155+0400: [GC (Allocation Failure) 1302M->1181M(4096M), 0.005 secs]
2025-09-30T23:10:26.156+0400: [GC (Allocation Failure) 1302M->1153M(4096M), 0.006 secs]
2025-09-30T23:10:26.175+0400: [System.gc() (Allocation Failure) 1302M->746M(4096M), 0.019 secs]
2025-09-30T23:10:26.184+0400: [Full GC (System.gc()) 830M->409M(4096M), 0.171 secs]
2025-09-30T23:10:26.194+0400: [System.gc() (Allocation Failure) 830M->826M(4096M), 0.010 secs]
2025-09-30T23:10:26.483+0400: [GC (Allocation Failure) 938M->804M(4096M), 0.009 secs]
2025-09-30T23:10:26.788+0400: [GC (Allocation Failure) 1070M->1005M(4096M), 0.006 secs]
2025-09-30T23:10:27.087+0400: [GC (Allocation Failure) 1182M->898M(4096M), 0.037 secs]
2025-09-30T23:10:27.182+0400: [GC (Allocation Failure) 1214M->1062M(4096M), 0.008 secs]
2025-09-30T23:10:27.384+0400: [Full GC (System.gc()) 1314M->719M(4096M), 0.222 secs]
2025-09-30T23:10:27.981+0400: [GC (Allocation Failure) 1302M->964M(4096M), 0.014 secs]
2025-09-30T23:10:28.189+0400: [GC (Allocation Failure) 1342M->1183M(4096M), 0.016 secs]
2025-09-30T23:10:28.287+0400: [GC (Allocation Failure) 1240M->1146M(4096M), 0.006 secs]
2025-09-30T23:10:28.584+0400: [GC (Allocation Failure) 1352M->1023M(4096M), 0.043 secs]
2025-09-30T23:10:28.695+0400: [Full GC (System.gc()) 1120M->617M(4096M), 0.110 secs]
2025-09-30T23:10:28.885+0400: [GC (Allocation Failure) 1220M->1073M(4096M), 0.013 secs]
2025-09-30T23:10:29.207+0400: [System.gc() (Allocation Failure) 1332M->876M(4096M), 0.020 secs]
2025-09-30T23:10:29.207+0400: [GC (Allocation Failure) 898M->786M(4096M), 0.047 secs]
2025-09-30T23:10:29.483+0400: [GC (Allocation Failure) 1008M->875M(4096M), 0.007 secs]
2025-09-30T23:10:29.786+0400: [GC (Allocation Failure) 1140M->1063M(4096M), 0.013 secs]
2025-09-30T23:10:30.084+0400: [Full GC (System.gc()) 1252M->497M(4096M), 0.220 secs]
2025-09-30T23:10:30.221+0400: [GC (Allocation Failure) 1286M->1125M(4096M), 0.015 secs]
2025-09-30T23:10:30.386+0400: [GC (Allocation Failure) 1278M->1097M(4096M), 0.012 secs]
2025-09-30T23:10:30.689+0400: [GC (Allocation Failure) 1178M->950M(4096M), 0.011 secs]
2025-09-30T23:10:30.982+0400: [GC (Allocation Failure) 1312M->1174M(4096M), 0.010 secs]
2025-09-30T23:10:31.233+0400: [Full GC (System.gc()) 1252M->435M(4096M), 0.264 secs]
2025-09-30T23:10:31.233+0400: [GC (Allocation Failure) 1252M->973M(4096M), 0.025 secs]
2025-09-30T23:10:31.282+0400: [GC (Allocation Failure) 1287M->1177M(4096M), 0.012 secs]
2025-09-30T23:10:31.586+0400: [GC (Allocation Failure) 1262M->1151M(4096M), 0.015 secs]
2025-09-30T23:10:31.884+0400: [GC (Allocation Failure) 1258M->1062M(4096M), 0.048 secs]
2025-09-30T23:10:32.202+0400: [System.gc() (Allocation Failure) 1242M->936M(4096M), 0.016 secs]
2025-09-30T23:10:32.244+0400: [Full GC (System.gc()) 964M->425M(4096M), 0.290 secs]
2025-09-30T23:10:32.478+0400: [GC (Allocation Failure) 1068M->974M(4096M), 0.011 secs]
2025-09-30T23:10:32.784+0400: [GC (Allocation Failure) 1200M->1059M(4096M), 0.044 secs]
2025-09-30T23:10:33.088+0400: [GC (Allocation Failure) 1316M->1172M(4096M), 0.009 secs]
2025-09-30T23:10:33.251+0400: [GC (Allocation Failure) 1248M->1144M(4096M), 0.009 secs]
2025-09-30T23:10:33.384+0400: [Full GC (System.gc()) 1246M->764M(4096M), 0.139 secs]
2025-09-30T23:10:33.753+0400: [GC (Allocation Failure) 1272M->1179M(4096M), 0.015 secs]
2025-09-30T23:10:33.759+0400: [System.gc() (Allocation Failure) 1272M->976M(4096M), 0.006 secs]
2025-09-30T23:10:33.984+0400: [GC (Allocation Failure) 1084M->938M(4096M), 0.022 secs]
2025-09-30T23:10:34.265+0400: [GC (Allocation Failure) 1128M->997M(4096M), 0.049 secs]
2025-09-30T23:10:34.285+0400: [GC (Allocation Failure) 1214M->1058M(4096M), 0.016 secs]
2025-09-30T23:10:34.584+0400: [Full GC (System.gc()) 1324M->791M(4096M), 0.108 secs]
2025-09-30T23:10:34.886+0400: [GC (Allocation Failure) 1280M->964M(4096M), 0.011 secs]
2025-09-30T23:10:35.185+0400: [GC (Allocation Failure) 1268M->1150M(4096M), 0.022 secs]
2025-09-30T23:10:35.197+0400: [System.gc() (Allocation Failure) 1268M->996M(4096M), 0.012 secs]
2025-09-30T23:10:35.270+0400: [GC (Allocation Failure) 1026M->894M(4096M), 0.019 secs]
2025-09-30T23:10:35.480+0400: [GC (Allocation Failure) 1126M->933M(4096M), 0.036 secs]
2025-09-30T23:10:35.780+0400: [Full GC (System.gc()) 1258M->409M(4096M), 0.281 secs]
2025-09-30T23:10:36.086+0400: [GC (Allocation Failure) 1366M->1284M(4096M), 0.024 secs]
2025-09-30T23:10:36.281+0400: [GC (Allocation Failure) 1174M->871M(4096M), 0.049 secs]
2025-09-30T23:10:36.282+0400: [GC (Allocation Failure) 1174M->1103M(4096M), 0.013 secs]
2025-09-30T23:10:36.384+0400: [GC (Allocation Failure) 1266M->1092M(4096M), 0.012 secs]
2025-09-30T23:10:36.990+0400: [Full GC (System.gc()) 1510M->509M(4096M), 0.299 secs]
2025-09-30T23:10:37.287+0400: [GC (Allocation Failure) 1622M->1462M(4096M), 0.016 secs]
2025-09-30T23:10:37.294+0400: [GC (Allocation Failure) 1642M->1555M(4096M), 0.015 secs]
2025-09-30T23:10:37.591+0400: [GC (Allocation Failure) 1790M->1363M(4096M), 0.043 secs]
2025-09-30T23:10:37.892+0400: [GC (Allocation Failure) 1890M->1788M(4096M), 0.017 secs]
2025-09-30T23:10:38.207+0400: [System.gc() (Allocation Failure) 1970M->1045M(4096M), 0.015 secs]
2025-09-30T23:10:38.308+0400: [Full GC (System.gc()) 1067M->624M(4096M), 0.267 secs]
2025-09-30T23:10:38.485+0400: [GC (Allocation Failure) 1147M->819M(4096M), 0.020 secs]
2025-09-30T23:10:38.783+0400: [GC (Allocation Failure) 1227M->1049M(4096M), 0.014 secs]
2025-09-30T23:10:38.814+0400: [GC (Allocation Failure) 1247M->1088M(4096M), 0.006 secs]
2025-09-30T23:10:39.083+0400: [GC (Allocation Failure) 1331M->1044M(4096M), 0.017 secs]
2025-09-30T23:10:39.321+0400: [Full GC (System.gc()) 1245M->409M(4096M), 0.202 secs]
2025-09-30T23:10:39.383+0400: [GC (Allocation Failure) 1327M->1134M(4096M), 0.021 secs]
2025-09-30T23:10:39.685+0400: [GC (Allocation Failure) 1305M->959M(4096M), 0.022 secs]
2025-09-30T23:10:39.986+0400: [GC (Allocation Failure) 1405M->1201M(4096M), 0.008 secs]
2025-09-30T23:10:40.285+0400: [GC (Allocation Failure) 1245M->1145M(4096M), 0.016 secs]
2025-09-30T23:10:40.335+0400: [Full GC (System.gc()) 1265M->848M(4096M), 0.211 secs]
2025-09-30T23:10:40.584+0400: [GC (Allocation Failure) 1347M->1241M(4096M), 0.015 secs]
2025-09-30T23:10:40.886+0400: [GC (Allocation Failure) 1447M->1284M(4096M), 0.021 secs]
2025-09-30T23:10:41.203+0400: [System.gc() (Allocation Failure) 1531M->1105M(4096M), 0.012 secs]
2025-09-30T23:10:41.346+0400: [GC (Allocation Failure) 1125M->798M(4096M), 0.048 secs]
2025-09-30T23:10:41.346+0400: [GC (Allocation Failure) 1125M->968M(4096M), 0.008 secs]
2025-09-30T23:10:41.363+0400: [System.gc() (Allocation Failure) 1125M->1115M(4096M), 0.016 secs]
2025-09-30T23:10:41.484+0400: [Full GC (System.gc()) 1197M->832M(4096M), 0.159 secs]
2025-09-30T23:10:41.784+0400: [GC (Allocation Failure) 1277M->1093M(4096M), 0.029 secs]
2025-09-30T23:10:42.087+0400: [GC (Allocation Failure) 1375M->1217M(4096M), 0.014 secs]
2025-09-30T23:10:42.379+0400: [GC (Allocation Failure) 1185M->1072M(4096M), 0.013 secs]
2025-09-30T23:10:42.383+0400: [GC (Allocation Failure) 1265M->998M(4096M), 0.047 secs]
2025-09-30T23:10:42.984+0400: [Full GC (System.gc()) 1447M->544M(4096M), 0.146 secs]
2025-09-30T23:10:43.285+0400: [GC (Allocation Failure) 1531M->1311M(4096M), 0.007 secs]
2025-09-30T23:10:43.389+0400: [GC (Allocation Failure) 1551M->1295M(4096M), 0.027 secs]
2025-09-30T23:10:43.591+0400: [GC (Allocation Failure) 1645M->1465M(4096M), 0.016 secs]
2025-09-30T23:10:43.888+0400: [GC (Allocation Failure) 1725M->1470M(4096M), 0.009 secs]
2025-09-30T23:10:43.892+0400: [Full GC (System.gc()) 1745M->887M(4096M), 0.285 secs]
2025-09-30T23:10:44.194+0400: [GC (Allocation Failure) 1825M->1665M(4096M), 0.014 secs]
2025-09-30T23:10:44.209+0400: [System.gc() (Allocation Failure) 1825M->1165M(4096M), 0.015 secs]
2025-09-30T23:10:44.398+0400: [GC (Allocation Failure) 1187M->1109M(4096M), 0.006 secs]
2025-09-30T23:10:44.483+0400: [GC (Allocation Failure) 1267M->1116M(4096M), 0.029 secs]
2025-09-30T23:10:44.786+0400: [GC (Allocation Failure) 1345M->1231M(4096M), 0.017 secs]
2025-09-30T23:10:45.084+0400: [Full GC (System.gc()) 1341M->558M(4096M), 0.248 secs]
2025-09-30T23:10:45.384+0400: [GC (Allocation Failure) 1421M->1278M(4096M), 0.029 secs]
2025-09-30T23:10:45.411+0400: [GC (Allocation Failure) 1441M->1240M(4096M), 0.024 secs]
2025-09-30T23:10:45.984+0400: [GC (Allocation Failure) 1621M->1528M(4096M), 0.006 secs]
2025-09-30T23:10:46.286+0400: [GC (Allocation Failure) 1701M->1251M(4096M), 0.043 secs]
2025-09-30T23:10:46.421+0400: [Full GC (System.gc()) 1721M->462M(4096M), 0.209 secs]
2025-09-30T23:10:46.421+0400: [GC (Allocation Failure) 1721M->1578M(4096M), 0.019 secs]
2025-09-30T23:10:46.584+0400: [GC (Allocation Failure) 1801M->1578M(4096M), 0.012 secs]
2025-09-30T23:10:46.886+0400: [GC (Allocation Failure) 1881M->1745M(4096M), 0.006 secs]
2025-09-30T23:10:47.205+0400: [System.gc() (Allocation Failure) 1981M->1225M(4096M), 0.013 secs]
2025-09-30T23:10:47.432+0400: [GC (Allocation Failure) 1245M->1147M(4096M), 0.022 secs]
2025-09-30T23:10:47.486+0400: [Full GC (System.gc()) 1327M->969M(4096M), 0.298 secs]
2025-09-30T23:10:47.784+0400: [GC (Allocation Failure) 1405M->1203M(4096M), 0.013 secs]
2025-09-30T23:10:48.083+0400: [GC (Allocation Failure) 1399M->1217M(4096M), 0.013 secs]
2025-09-30T23:10:48.384+0400: [GC (Allocation Failure) 1479M->1257M(4096M), 0.021 secs]
2025-09-30T23:10:48.440+0400: [GC (Allocation Failure) 1499M->1308M(4096M), 0.020 secs]
2025-09-30T23:10:48.684+0400: [Full GC (System.gc()) 1579M->992M(4096M), 0.129 secs]
2025-09-30T23:10:48.943+0400: [GC (Allocation Failure) 1599M->1394M(4096M), 0.022 secs]
2025-09-30T23:10:48.953+0400: [System.gc() (Allocation Failure) 1599M->1265M(4096M), 0.010 secs]
2025-09-30T23:10:48.984+0400: [GC (Allocation Failure) 1345M->1256M(4096M), 0.019 secs]
2025-09-30T23:10:49.283+0400: [GC (Allocation Failure) 1429M->1284M(4096M), 0.016 secs]
2025-09-30T23:10:49.459+0400: [GC (Allocation Failure) 1449M->1132M(4096M), 0.031 secs]
2025-09-30T23:10:49.586+0400: [Full GC (System.gc()) 1529M->796M(4096M), 0.279 secs]
2025-09-30T23:10:49.884+0400: [GC (Allocation Failure) 1611M->1478M(4096M), 0.008 secs]
2025-09-30T23:10:50.198+0400: [System.gc() (Allocation Failure) 1711M->1285M(4096M), 0.014 secs]
2025-09-30T23:10:50.473+0400: [GC (Allocation Failure) 1305M->964M(4096M), 0.019 secs]
2025-09-30T23:10:50.486+0400: [GC (Allocation Failure) 1385M->1227M(4096M), 0.023 secs]
2025-09-30T23:10:50.783+0400: [GC (Allocation Failure) 1457M->1267M(4096M), 0.019 secs]
2025-09-30T23:10:51.084+0400: [Full GC (System.gc()) 1559M->871M(4096M), 0.249 secs]
2025-09-30T23:10:51.380+0400: [GC (Allocation Failure) 1639M->1477M(4096M), 0.020 secs]
2025-09-30T23:10:51.481+0400: [GC (Allocation Failure) 1659M->1541M(4096M), 0.015 secs]
2025-09-30T23:10:51.482+0400: [GC (Allocation Failure) 1659M->1278M(4096M), 0.010 secs]
2025-09-30T23:10:51.988+0400: [GC (Allocation Failure) 1835M->1715M(4096M), 0.007 secs]
2025-09-30T23:10:52.286+0400: [Full GC (System.gc()) 1919M->1033M(4096M), 0.200 secs]
2025-09-30T23:10:52.490+0400: [GC (Allocation Failure) 1941M->1541M(4096M), 0.028 secs]
2025-09-30T23:10:52.586+0400: [GC (Allocation Failure) 2021M->1880M(4096M), 0.024 secs]
2025-09-30T23:10:52.888+0400: [GC (Allocation Failure) 2101M->1863M(4096M), 0.009 secs]
2025-09-30T23:10:53.192+0400: [GC (Allocation Failure) 2201M->1634M(4096M), 0.024 secs]
2025-09-30T23:10:53.205+0400: [System.gc() (Allocation Failure) 2201M->1345M(4096M), 0.011 secs]
2025-09-30T23:10:53.487+0400: [Full GC (System.gc()) 1425M->409M(4096M), 0.159 secs]
2025-09-30T23:10:53.501+0400: [GC (Allocation Failure) 1447M->1296M(4096M), 0.014 secs]
2025-09-30T23:10:53.786+0400: [GC (Allocation Failure) 1529M->1102M(4096M), 0.029 secs]
2025-09-30T23:10:54.002+0400: [GC (Allocation Failure) 1549M->1452M(4096M), 0.017 secs]
2025-09-30T23:10:54.085+0400: [GC (Allocation Failure) 1629M->1416M(4096M), 0.005 secs]
2025-09-30T23:10:54.383+0400: [Full GC (System.gc()) 1709M->743M(4096M), 0.234 secs]
2025-09-30T23:10:54.508+0400: [GC (Allocation Failure) 1729M->1613M(4096M), 0.023 secs]
2025-09-30T23:10:54.984+0400: [GC (Allocation Failure) 1889M->1650M(4096M), 0.010 secs]
2025-09-30T23:10:55.281+0400: [GC (Allocation Failure) 1991M->1743M(4096M), 0.026 secs]
2025-09-30T23:10:55.513+0400: [GC (Allocation Failure) 2011M->1842M(4096M), 0.022 secs]
2025-09-30T23:10:55.583+0400: [Full GC (System.gc()) 2091M->1441M(4096M), 0.225 secs]
2025-09-30T23:10:55.883+0400: [GC (Allocation Failure) 2171M->1899M(4096M), 0.013 secs]
2025-09-30T23:10:56.197+0400: [System.gc() (Allocation Failure) 2271M->1405M(4096M), 0.010 secs]
2025-09-30T23:10:56.481+0400: [GC (Allocation Failure) 1485M->1391M(4096M), 0.021 secs]
2025-09-30T23:10:56.525+0400: [GC (Allocation Failure) 1507M->1336M(4096M), 0.023 secs]
2025-09-30T23:10:56.525+0400: [GC (Allocation Failure) 1507M->1275M(4096M), 0.025 secs]
2025-09-30T23:10:56.531+0400: [System.gc() (Allocation Failure) 1507M->1395M(4096M), 0.006 secs]
2025-09-30T23:10:56.784+0400: [Full GC (System.gc()) 1477M->784M(4096M), 0.248 secs]
2025-09-30T23:10:57.084+0400: [GC (Allocation Failure) 1581M->1393M(4096M), 0.012 secs]
2025-09-30T23:10:57.384+0400: [GC (Allocation Failure) 1661M->1393M(4096M), 0.044 secs]
2025-09-30T23:10:57.544+0400: [GC (Allocation Failure) 1681M->1586M(4096M), 0.010 secs]
2025-09-30T23:10:57.685+0400: [GC (Allocation Failure) 1761M->1606M(4096M), 0.013 secs]
2025-09-30T23:10:57.984+0400: [Full GC (System.gc()) 1841M->617M(4096M), 0.158 secs]
2025-09-30T23:10:58.281+0400: [GC (Allocation Failure) 1941M->1712M(4096M), 0.019 secs]
2025-09-30T23:10:58.556+0400: [GC (Allocation Failure) 1961M->1740M(4096M), 0.010 secs]
2025-09-30T23:10:58.584+0400: [GC (Allocation Failure) 2041M->1746M(4096M), 0.037 secs]
2025-09-30T23:10:58.889+0400: [GC (Allocation Failure) 2165M->1994M(4096M), 0.021 secs]
2025-09-30T23:10:59.063+0400: [Full GC (System.gc()) 2187M->1026M(4096M), 0.271 secs]
2025-09-30T23:10:59.201+0400: [System.gc() (Allocation Failure) 2269M->1472M(4096M), 0.012 secs]
2025-09-30T23:10:59.480+0400: [GC (Allocation Failure) 1559M->1227M(4096M), 0.046 secs]
2025-09-30T23:10:59.568+0400: [GC (Allocation Failure) 1581M->1462M(4096M), 0.007 secs]
2025-09-30T23:10:59.792+0400: [GC (Allocation Failure) 1665M->1475M(4096M), 0.023 secs]
2025-09-30T23:11:00.083+0400: [GC (Allocation Failure) 1771M->1542M(4096M), 0.037 secs]
2025-09-30T23:11:00.383+0400: [Full GC (System.gc()) 1857M->806M(4096M), 0.236 secs]
2025-09-30T23:11:00.579+0400: [GC (Allocation Failure) 1881M->1657M(4096M), 0.023 secs]
2025-09-30T23:11:00.983+0400: [GC (Allocation Failure) 2049M->1537M(4096M), 0.026 secs]
2025-09-30T23:11:01.284+0400: [GC (Allocation Failure) 2157M->1892M(4096M), 0.019 secs]
2025-09-30T23:11:01.583+0400: [GC (Allocation Failure) 2227M->1897M(4096M), 0.015 secs]
2025-09-30T23:11:01.584+0400: [Full GC (System.gc()) 2235M->1665M(4096M), 0.193 secs]
2025-09-30T23:11:01.585+0400: [GC (Allocation Failure) 2263M->1950M(4096M), 0.013 secs]
2025-09-30T23:11:01.887+0400: [GC (Allocation Failure) 2349M->2154M(4096M), 0.011 secs]
2025-09-30T23:11:02.183+0400: [GC (Allocation Failure) 2455M->2095M(4096M), 0.012 secs]
2025-09-30T23:11:02.191+0400: [System.gc() (Allocation Failure) 2455M->1532M(4096M), 0.008 secs]
2025-09-30T23:11:02.485+0400: [GC (Allocation Failure) 1623M->1535M(4096M), 0.006 secs]
2025-09-30T23:11:02.597+0400: [Full GC (System.gc()) 1647M->1150M(4096M), 0.213 secs]
2025-09-30T23:11:02.785+0400: [GC (Allocation Failure) 1743M->1418M(4096M), 0.019 secs]
2025-09-30T23:11:03.079+0400: [GC (Allocation Failure) 1825M->1578M(4096M), 0.023 secs]
2025-09-30T23:11:03.110+0400: [System.gc() (Allocation Failure) 1825M->145M(4096M), 0.009 secs]
2025-09-30T23:11:03.384+0400: [GC (Allocation Failure) 227M->409M(4096M), 0.006 secs]
2025-09-30T23:11:03.986+0400: [GC (Allocation Failure) 301M->409M(4096M), 0.022 secs]
2025-09-30T23:11:04.287+0400: [Full GC (System.gc()) 383M->409M(4096M), 0.180 secs]
2025-09-30T23:11:04.583+0400: [GC (Allocation Failure) 499M->467M(4096M), 0.009 secs]
2025-09-30T23:11:04.887+0400: [GC (Allocation Failure) 563M->461M(4096M), 0.016 secs]
2025-09-30T23:11:04.890+0400: [GC (Allocation Failure) 599M->524M(4096M), 0.020 secs]
2025-09-30T23:11:05.195+0400: [System.gc() (Allocation Failure) 252M->235M(4096M), 0.011 secs]
2025-09-30T23:11:05.485+0400: [GC (Allocation Failure) 335M->409M(4096M), 0.021 secs]
2025-09-30T23:11:05.781+0400: [Full GC (System.gc()) 405M->409M(4096M), 0.102 secs]
2025-09-30T23:11:05.894+0400: [GC (Allocation Failure) 425M->409M(4096M), 0.006 secs]
2025-09-30T23:11:06.086+0400: [GC (Allocation Failure) 507M->480M(4096M), 0.005 secs]
2025-09-30T23:11:06.383+0400: [GC (Allocation Failure) 587M->504M(4096M), 0.012 secs]
2025-09-30T23:11:06.400+0400: [GC (Allocation Failure) 607M->522M(4096M), 0.023 secs]
2025-09-30T23:11:06.682+0400: [Full GC (System.gc()) 687M->419M(4096M), 0.120 secs]
2025-09-30T23:11:06.906+0400: [GC (Allocation Failure) 707M->599M(4096M), 0.021 secs]
2025-09-30T23:11:06.988+0400: [GC (Allocation Failure) 787M->677M(4096M), 0.022 secs]
2025-09-30T23:11:07.288+0400: [GC (Allocation Failure) 867M->789M(4096M), 0.022 secs]
2025-09-30T23:11:07.586+0400: [GC (Allocation Failure) 967M->747M(4096M), 0.024 secs]
2025-09-30T23:11:07.886+0400: [Full GC (System.gc()) 1047M->582M(4096M), 0.258 secs]
2025-09-30T23:11:07.918+0400: [GC (Allocation Failure) 1067M->998M(4096M), 0.019 secs]
2025-09-30T23:11:08.190+0400: [System.gc() (Allocation Failure) 297M->297M(4096M), 0.007 secs]
2025-09-30T23:11:08.488+0400: [GC (Allocation Failure) 413M->409M(4096M), 0.041 secs]
2025-09-30T23:11:08.788+0400: [GC (Allocation Failure) 477M->439M(4096M), 0.015 secs]
2025-09-30T23:11:08.931+0400: [GC (Allocation Failure) 389M->409M(4096M), 0.020 secs]
2025-09-30T23:11:08.932+0400: [Full GC (System.gc()) 389M->409M(4096M), 0.157 secs]
2025-09-30T23:11:09.083+0400: [GC (Allocation Failure) 471M->409M(4096M), 0.022 secs]
2025-09-30T23:11:09.386+0400: [GC (Allocation Failure) 555M->507M(4096M), 0.022 secs]
2025-09-30T23:11:09.943+0400: [GC (Allocation Failure) 687M->496M(4096M), 0.017 secs]
2025-09-30T23:11:09.983+0400: [GC (Allocation Failure) 767M->726M(4096M), 0.016 secs]
2025-09-30T23:11:10.281+0400: [Full GC (System.gc()) 853M->409M(4096M), 0.212 secs]
2025-09-30T23:11:10.584+0400: [GC (Allocation Failure) 961M->774M(4096M), 0.038 secs]
2025-09-30T23:11:10.886+0400: [GC (Allocation Failure) 1047M->952M(4096M), 0.006 secs]
2025-09-30T23:11:10.958+0400: [GC (Allocation Failure) 1069M->943M(4096M), 0.020 secs]
2025-09-30T23:11:11.184+0400: [GC (Allocation Failure) 392M->409M(4096M), 0.014 secs]
2025-09-30T23:11:11.204+0400: [System.gc() (Allocation Failure) 392M->362M(4096M), 0.020 secs]
2025-09-30T23:11:11.464+0400: [Full GC (System.gc()) 386M->409M(4096M), 0.245 secs]
2025-09-30T23:11:11.478+0400: [System.gc() (Allocation Failure) 386M->372M(4096M), 0.014 secs]
2025-09-30T23:11:11.483+0400: [GC (Allocation Failure) 454M->412M(4096M), 0.014 secs]
2025-09-30T23:11:11.786+0400: [GC (Allocation Failure) 540M->436M(4096M), 0.044 secs]
2025-09-30T23:11:11.984+0400: [GC (Allocation Failure) 564M->509M(4096M), 0.010 secs]
2025-09-30T23:11:12.084+0400: [GC (Allocation Failure) 646M->606M(4096M), 0.017 secs]
2025-09-30T23:11:12.385+0400: [Full GC (System.gc()) 746M->409M(4096M), 0.129 secs]
2025-09-30T23:11:12.988+0400: [GC (Allocation Failure) 735M->641M(4096M), 0.015 secs]
2025-09-30T23:11:12.992+0400: [GC (Allocation Failure) 757M->681M(4096M), 0.007 secs]
2025-09-30T23:11:13.284+0400: [GC (Allocation Failure) 841M->726M(4096M), 0.033 secs]
2025-09-30T23:11:13.586+0400: [GC (Allocation Failure) 705M->608M(4096M), 0.010 secs]
2025-09-30T23:11:13.884+0400: [Full GC (System.gc()) 791M->534M(4096M), 0.188 secs]
2025-09-30T23:11:14.004+0400: [GC (Allocation Failure) 813M->678M(4096M), 0.030 secs]
2025-09-30T23:11:14.005+0400: [GC (Allocation Failure) 813M->744M(4096M), 0.016 secs]
2025-09-30T23:11:14.192+0400: [System.gc() (Allocation Failure) 897M->422M(4096M), 0.009 secs]
2025-09-30T23:11:14.483+0400: [GC (Allocation Failure) 508M->453M(4096M), 0.020 secs]
2025-09-30T23:11:14.783+0400: [GC (Allocation Failure) 614M->499M(4096M), 0.037 secs]
2025-09-30T23:11:15.015+0400: [Full GC (System.gc()) 640M->478M(4096M), 0.222 secs]
2025-09-30T23:11:15.087+0400: [GC (Allocation Failure) 718M->653M(4096M), 0.010 secs]
2025-09-30T23:11:15.383+0400: [GC (Allocation Failure) 582M->521M(4096M), 0.039 secs]
2025-09-30T23:11:15.684+0400: [GC (Allocation Failure) 702M->667M(4096M), 0.021 secs]
2025-09-30T23:11:15.984+0400: [GC (Allocation Failure) 788M->706M(4096M), 0.007 secs]
2025-09-30T23:11:16.025+0400: [Full GC (System.gc()) 810M->409M(4096M), 0.165 secs]
2025-09-30T23:11:16.285+0400: [GC (Allocation Failure) 894M->801M(4096M), 0.011 secs]
2025-09-30T23:11:16.531+0400: [GC (Allocation Failure) 920M->853M(4096M), 0.018 secs]
2025-09-30T23:11:16.585+0400: [GC (Allocation Failure) 1000M->799M(4096M), 0.029 secs]
2025-09-30T23:11:16.883+0400: [GC (Allocation Failure) 1086M->1007M(4096M), 0.018 secs]
2025-09-30T23:11:17.038+0400: [Full GC (System.gc()) 1110M->800M(4096M), 0.238 secs]
2025-09-30T23:11:17.200+0400: [System.gc() (Allocation Failure) 1194M->482M(4096M), 0.012 secs]
2025-09-30T23:11:17.482+0400: [GC (Allocation Failure) 568M->463M(4096M), 0.035 secs]
2025-09-30T23:11:17.787+0400: [GC (Allocation Failure) 676M->629M(4096M), 0.019 secs]
2025-09-30T23:11:18.048+0400: [GC (Allocation Failure) 588M->523M(4096M), 0.022 secs]
2025-09-30T23:11:18.082+0400: [GC (Allocation Failure) 670M->523M(4096M), 0.027 secs]
2025-09-30T23:11:18.383+0400: [Full GC (System.gc()) 756M->424M(4096M), 0.160 secs]
2025-09-30T23:11:18.983+0400: [GC (Allocation Failure) 948M->807M(4096M), 0.008 secs]
2025-09-30T23:11:19.060+0400: [GC (Allocation Failure) 972M->738M(4096M), 0.036 secs]
2025-09-30T23:11:19.060+0400: [GC (Allocation Failure) 972M->841M(4096M), 0.013 secs]
2025-09-30T23:11:19.067+0400: [System.gc() (Allocation Failure) 972M->502M(4096M), 0.007 secs]
2025-09-30T23:11:19.283+0400: [GC (Allocation Failure) 586M->521M(4096M), 0.018 secs]
2025-09-30T23:11:19.578+0400: [System.gc() (Allocation Failure) 606M->165M(4096M), 0.009 secs]
2025-09-30T23:11:19.583+0400: [Full GC (System.gc()) 247M->409M(4096M), 0.294 secs]
2025-09-30T23:11:19.886+0400: [GC (Allocation Failure) 326M->409M(4096M), 0.021 secs]
2025-09-30T23:11:20.183+0400: [GC (Allocation Failure) 308M->409M(4096M), 0.018 secs]
2025-09-30T23:11:20.194+0400: [System.gc() (Allocation Failure) 308M->205M(4096M), 0.010 secs]
2025-09-30T23:11:20.484+0400: [GC (Allocation Failure) 285M->409M(4096M), 0.019 secs]
2025-09-30T23:11:20.783+0400: [GC (Allocation Failure) 367M->409M(4096M), 0.021 secs]
2025-09-30T23:11:21.084+0400: [Full GC (System.gc()) 449M->409M(4096M), 0.137 secs]
2025-09-30T23:11:21.383+0400: [GC (Allocation Failure) 529M->409M(4096M), 0.039 secs]
2025-09-30T23:11:21.992+0400: [GC (Allocation Failure) 689M->590M(4096M), 0.012 secs]
2025-09-30T23:11:22.287+0400: [GC (Allocation Failure) 769M->654M(4096M), 0.014 secs]
2025-09-30T23:11:22.590+0400: [GC (Allocation Failure) 849M->602M(4096M), 0.012 secs]
2025-09-30T23:11:22.890+0400: [Full GC (System.gc()) 929M->558M(4096M), 0.174 secs]
2025-09-30T23:11:23.201+0400: [System.gc() (Allocation Failure) 1009M->205M(4096M), 0.011 secs]
2025-09-30T23:11:23.483+0400: [GC (Allocation Failure) 287M->409M(4096M), 0.024 secs]
2025-09-30T23:11:23.786+0400: [GC (Allocation Failure) 365M->409M(4096M), 0.011 secs]
2025-09-30T23:11:24.083+0400: [GC (Allocation Failure) 347M->409M(4096M), 0.008 secs]
2025-09-30T23:11:24.379+0400: [GC (Allocation Failure) 427M->409M(4096M), 0.021 secs]
2025-09-30T23:11:24.683+0400: [Full GC (System.gc()) 507M->409M(4096M), 0.205 secs]
2025-09-30T23:11:24.983+0400: [GC (Allocation Failure) 587M->556M(4096M), 0.006 secs]
2025-09-30T23:11:25.283+0400: [GC (Allocation Failure) 669M->627M(4096M), 0.017 secs]
2025-09-30T23:11:25.585+0400: [GC (Allocation Failure) 749M->654M(4096M), 0.019 secs]
2025-09-30T23:11:25.890+0400: [GC (Allocation Failure) 829M->785M(4096M), 0.021 secs]
2025-09-30T23:11:26.201+0400: [System.gc() (Allocation Failure) 909M->205M(4096M), 0.010 secs]
2025-09-30T23:11:26.484+0400: [Full GC (System.gc()) 285M->409M(4096M), 0.225 secs]
2025-09-30T23:11:26.785+0400: [GC (Allocation Failure) 365M->409M(4096M), 0.046 secs]
2025-09-30T23:11:27.079+0400: [GC (Allocation Failure) 349M->409M(4096M), 0.012 secs]
2025-09-30T23:11:27.383+0400: [GC (Allocation Failure) 429M->409M(4096M), 0.014 secs]
2025-09-30T23:11:27.983+0400: [GC (Allocation Failure) 589M->438M(4096M), 0.047 secs]
2025-09-30T23:11:28.283+0400: [Full GC (System.gc()) 669M->422M(4096M), 0.102 secs]
2025-09-30T23:11:28.588+0400: [GC (Allocation Failure) 765M->720M(4096M), 0.023 secs]
2025-09-30T23:11:28.881+0400: [GC (Allocation Failure) 275M->409M(4096M), 0.018 secs]
2025-09-30T23:11:29.184+0400: [GC (Allocation Failure) 357M->409M(4096M), 0.015 secs]
2025-09-30T23:11:29.196+0400: [System.gc() (Allocation Failure) 357M->225M(4096M), 0.012 secs]
2025-09-30T23:11:29.199+0400: [GC (Allocation Failure) 247M->409M(4096M), 0.012 secs]
2025-09-30T23:11:29.478+0400: [Full GC (System.gc()) 329M->409M(4096M), 0.265 secs]
2025-09-30T23:11:29.781+0400: [GC (Allocation Failure) 425M->409M(4096M), 0.024 secs]
2025-09-30T23:11:30.083+0400: [GC (Allocation Failure) 429M->409M(4096M), 0.024 secs]
2025-09-30T23:11:30.206+0400: [GC (Allocation Failure) 451M->409M(4096M), 0.047 secs]
2025-09-30T23:11:30.383+0400: [GC (Allocation Failure) 531M->492M(4096M), 0.012 secs]
2025-09-30T23:11:30.710+0400: [Full GC (System.gc()) 631M->409M(4096M), 0.235 secs]
2025-09-30T23:11:30.980+0400: [GC (Allocation Failure) 711M->599M(4096M), 0.020 secs]
2025-09-30T23:11:31.216+0400: [GC (Allocation Failure) 733M->647M(4096M), 0.021 secs]
2025-09-30T23:11:31.286+0400: [GC (Allocation Failure) 827M->747M(4096M), 0.020 secs]
2025-09-30T23:11:31.589+0400: [GC (Allocation Failure) 907M->676M(4096M), 0.026 secs]
2025-09-30T23:11:31.889+0400: [Full GC (System.gc()) 1007M->409M(4096M), 0.142 secs]
2025-09-30T23:11:32.193+0400: [System.gc() (Allocation Failure) 1087M->285M(4096M), 0.006 secs]
2025-09-30T23:11:32.230+0400: [GC (Allocation Failure) 309M->409M(4096M), 0.018 secs]
2025-09-30T23:11:32.483+0400: [GC (Allocation Failure) 389M->409M(4096M), 0.036 secs]
2025-09-30T23:11:32.781+0400: [GC (Allocation Failure) 485M->417M(4096M), 0.019 secs]
2025-09-30T23:11:33.083+0400: [GC (Allocation Failure) 449M->425M(4096M), 0.013 secs]
2025-09-30T23:11:33.241+0400: [Full GC (System.gc()) 471M->409M(4096M), 0.185 secs]
2025-09-30T23:11:33.241+0400: [GC (Allocation Failure) 471M->414M(4096M), 0.011 secs]
2025-09-30T23:11:33.383+0400: [GC (Allocation Failure) 551M->468M(4096M), 0.024 secs]
2025-09-30T23:11:33.684+0400: [GC (Allocation Failure) 631M->527M(4096M), 0.018 secs]
2025-09-30T23:11:33.986+0400: [GC (Allocation Failure) 731M->622M(4096M), 0.016 secs]
2025-09-30T23:11:34.248+0400: [Full GC (System.gc()) 751M->409M(4096M), 0.186 secs]
2025-09-30T23:11:34.284+0400: [GC (Allocation Failure) 831M->661M(4096M), 0.040 secs]
2025-09-30T23:11:34.583+0400: [GC (Allocation Failure) 911M->811M(4096M), 0.012 secs]
2025-09-30T23:11:34.887+0400: [GC (Allocation Failure) 1025M->947M(4096M), 0.016 secs]
2025-09-30T23:11:35.201+0400: [System.gc() (Allocation Failure) 1129M->355M(4096M), 0.012 secs]
2025-09-30T23:11:35.258+0400: [GC (Allocation Failure) 387M->409M(4096M), 0.024 secs]
2025-09-30T23:11:35.485+0400: [Full GC (System.gc()) 489M->409M(4096M), 0.184 secs]
2025-09-30T23:11:35.759+0400: [GC (Allocation Failure) 499M->474M(4096M), 0.009 secs]
2025-09-30T23:11:35.771+0400: [System.gc() (Allocation Failure) 499M->356M(4096M), 0.011 secs]
2025-09-30T23:11:35.783+0400: [GC (Allocation Failure) 440M->409M(4096M), 0.037 secs]
2025-09-30T23:11:36.085+0400: [GC (Allocation Failure) 550M->488M(4096M), 0.018 secs]
2025-09-30T23:11:36.277+0400: [GC (Allocation Failure) 480M->453M(4096M), 0.007 secs]
2025-09-30T23:11:36.383+0400: [Full GC (System.gc()) 570M->409M(4096M), 0.268 secs]
2025-09-30T23:11:36.981+0400: [GC (Allocation Failure) 812M->722M(4096M), 0.023 secs]
2025-09-30T23:11:37.284+0400: [GC (Allocation Failure) 928M->832M(4096M), 0.008 secs]
2025-09-30T23:11:37.286+0400: [GC (Allocation Failure) 948M->790M(4096M), 0.033 secs]
2025-09-30T23:11:37.583+0400: [GC (Allocation Failure) 1058M->940M(4096M), 0.017 secs]
2025-09-30T23:11:37.886+0400: [Full GC (System.gc()) 1186M->712M(4096M), 0.147 secs]
2025-09-30T23:11:38.192+0400: [GC (Allocation Failure) 1300M->949M(4096M), 0.049 secs]
2025-09-30T23:11:38.206+0400: [System.gc() (Allocation Failure) 1300M->416M(4096M), 0.014 secs]
2025-09-30T23:11:38.298+0400: [GC (Allocation Failure) 448M->414M(4096M), 0.022 secs]
2025-09-30T23:11:38.298+0400: [GC (Allocation Failure) 448M->409M(4096M), 0.008 secs]
2025-09-30T23:11:38.483+0400: [GC (Allocation Failure) 546M->491M(4096M), 0.020 secs]
2025-09-30T23:11:38.783+0400: [Full GC (System.gc()) 610M->409M(4096M), 0.158 secs]
2025-09-30T23:11:39.079+0400: [GC (Allocation Failure) 622M->543M(4096M), 0.019 secs]
2025-09-30T23:11:39.309+0400: [GC (Allocation Failure) 668M->558M(4096M), 0.023 secs]
2025-09-30T23:11:39.383+0400: [GC (Allocation Failure) 756M->669M(4096M), 0.013 secs]
2025-09-30T23:11:39.985+0400: [GC (Allocation Failure) 996M->923M(4096M), 0.016 secs]
2025-09-30T23:11:40.284+0400: [Full GC (System.gc()) 1132M->804M(4096M), 0.139 secs]
2025-09-30T23:11:40.321+0400: [GC (Allocation Failure) 1158M->1030M(4096M), 0.024 secs]
2025-09-30T23:11:40.585+0400: [GC (Allocation Failure) 1256M->1141M(4096M), 0.006 secs]
2025-09-30T23:11:40.827+0400: [GC (Allocation Failure) 1282M->1143M(4096M), 0.046 secs]
2025-09-30T23:11:40.883+0400: [GC (Allocation Failure) 1362M->1199M(4096M), 0.021 secs]
2025-09-30T23:11:41.190+0400: [System.gc() (Allocation Failure) 694M->472M(4096M), 0.007 secs]
2025-09-30T23:11:41.332+0400: [Full GC (System.gc()) 496M->409M(4096M), 0.270 secs]
2025-09-30T23:11:41.483+0400: [GC (Allocation Failure) 578M->449M(4096M), 0.023 secs]
2025-09-30T23:11:41.786+0400: [GC (Allocation Failure) 671M->621M(4096M), 0.013 secs]
2025-09-30T23:11:41.851+0400: [System.gc() (Allocation Failure) 561M->165M(4096M), 0.014 secs]
2025-09-30T23:11:42.078+0400: [GC (Allocation Failure) 245M->409M(4096M), 0.010 secs]
2025-09-30T23:11:42.382+0400: [GC (Allocation Failure) 325M->409M(4096M), 0.043 secs]
2025-09-30T23:11:42.683+0400: [Full GC (System.gc()) 407M->409M(4096M), 0.106 secs]
2025-09-30T23:11:42.983+0400: [GC (Allocation Failure) 487M->452M(4096M), 0.013 secs]
2025-09-30T23:11:43.283+0400: [GC (Allocation Failure) 569M->502M(4096M), 0.035 secs]
2025-09-30T23:11:43.582+0400: [GC (Allocation Failure) 649M->598M(4096M), 0.016 secs]
2025-09-30T23:11:43.885+0400: [GC (Allocation Failure) 729M->674M(4096M), 0.008 secs]
2025-09-30T23:11:44.197+0400: [System.gc() (Allocation Failure) 425M->216M(4096M), 0.015 secs]
2025-09-30T23:11:44.483+0400: [Full GC (System.gc()) 328M->409M(4096M), 0.250 secs]
2025-09-30T23:11:44.785+0400: [GC (Allocation Failure) 390M->409M(4096M), 0.018 secs]
2025-09-30T23:11:45.061+0400: [System.gc() (Allocation Failure) 324M->16M(4096M), 0.005 secs]
2025-09-30T23:12:09.050+0400: [GC (Allocation Failure) 107M->409M(4096M), 0.009 secs]
2025-09-30T23:12:10.063+0400: [GC (Allocation Failure) 95M->409M(4096M), 0.032 secs]
2025-09-30T23:12:10.569+0400: [GC (Allocation Failure) 117M->409M(4096M), 0.020 secs]
2025-09-30T23:12:11.076+0400: [Full GC (System.gc()) 113M->409M(4096M), 0.133 secs]
2025-09-30T23:12:12.090+0400: [GC (Allocation Failure) 122M->409M(4096M), 0.033 secs]
2025-09-30T23:12:13.110+0400: [GC (Allocation Failure) 148M->409M(4096M), 0.006 secs]
2025-09-30T23:12:13.111+0400: [GC (Allocation Failure) 148M->409M(4096M), 0.022 secs]
2025-09-30T23:12:14.123+0400: [GC (Allocation Failure) 194M->409M(4096M), 0.042 secs]
2025-09-30T23:12:15.132+0400: [Full GC (System.gc()) 254M->409M(4096M), 0.102 secs]
2025-09-30T23:12:15.638+0400: [GC (Allocation Failure) 286M->409M(4096M), 0.020 secs]
2025-09-30T23:12:15.658+0400: [System.gc() (Allocation Failure) 286M->172M(4096M), 0.019 secs]
2025-09-30T23:12:16.168+0400: [GC (Allocation Failure) 203M->409M(4096M), 0.031 secs]
2025-09-30T23:12:17.175+0400: [GC (Allocation Failure) 263M->409M(4096M), 0.013 secs]
2025-09-30T23:12:18.194+0400: [GC (Allocation Failure) 325M->409M(4096M), 0.008 secs]
2025-09-30T23:12:18.194+0400: [Full GC (System.gc()) 325M->409M(4096M), 0.171 secs]
2025-09-30T23:12:19.208+0400: [GC (Allocation Failure) 301M->409M(4096M), 0.019 secs]
2025-09-30T23:12:20.217+0400: [GC (Allocation Failure) 363M->409M(4096M), 0.012 secs]
2025-09-30T23:12:20.725+0400: [GC (Allocation Failure) 393M->409M(4096M), 0.047 secs]
2025-09-30T23:12:21.233+0400: [GC (Allocation Failure) 393M->409M(4096M), 0.014 secs]
2025-09-30T23:12:22.245+0400: [Full GC (System.gc()) 371M->409M(4096M), 0.299 secs]
2025-09-30T23:12:23.261+0400: [GC (Allocation Failure) 433M->409M(4096M), 0.040 secs]
2025-09-30T23:12:23.261+0400: [GC (Allocation Failure) 433M->409M(4096M), 0.015 secs]
2025-09-30T23:12:23.275+0400: [System.gc() (Allocation Failure) 433M->322M(4096M), 0.014 secs]
2025-09-30T23:12:24.287+0400: [GC (Allocation Failure) 381M->409M(4096M), 0.011 secs]
2025-09-30T23:12:25.303+0400: [GC (Allocation Failure) 443M->409M(4096M), 0.047 secs]
2025-09-30T23:12:25.811+0400: [Full GC (System.gc()) 473M->409M(4096M), 0.222 secs]
2025-09-30T23:12:26.318+0400: [GC (Allocation Failure) 503M->432M(4096M), 0.023 secs]
2025-09-30T23:12:27.328+0400: [GC (Allocation Failure) 565M->420M(4096M), 0.013 secs]
2025-09-30T23:12:28.340+0400: [GC (Allocation Failure) 542M->483M(4096M), 0.023 secs]
2025-09-30T23:12:28.340+0400: [GC (Allocation Failure) 542M->460M(4096M), 0.018 secs]
2025-09-30T23:12:29.349+0400: [Full GC (System.gc()) 602M->409M(4096M), 0.194 secs]
2025-09-30T23:12:30.361+0400: [GC (Allocation Failure) 516M->467M(4096M), 0.023 secs]
2025-09-30T23:12:30.867+0400: [GC (Allocation Failure) 574M->500M(4096M), 0.008 secs]
2025-09-30T23:12:30.881+0400: [System.gc() (Allocation Failure) 574M->472M(4096M), 0.013 secs]
2025-09-30T23:12:31.389+0400: [GC (Allocation Failure) 503M->409M(4096M), 0.027 secs]
2025-09-30T23:12:32.404+0400: [System.gc() (Allocation Failure) 569M->5M(4096M), 0.007 secs]
