Java HotSpot(TM) 64-Bit Server VM (25.0-b) for bsd-amd64 JRE (1.8.0), built on Mar 12 2024 12:13:12 by "java_re" with gcc 4.2.1 (Based on Apple Inc. build 5658) (LLVM build 2336.11.00)
Memory: 4k page, physical 16777216k(12481232k free)
CommandLine flags: -XX:InitialHeapSize=268435456 -XX:MaxHeapSize=4294967296 -XX:+PrintGC -XX:+PrintGCDateStamps -XX:+PrintGCDetails -XX:+PrintGCTimeStamps -XX:+UseCompressedClassPointers -XX:+UseCompressedOops -XX:+UseG1GC
2025-10-01T00:19:02.871+0400: [GC (Allocation Failure) 112M->409M(4096M), 0.036 secs]
2025-10-01T00:19:03.897+0400: [GC (Allocation Failure) 117M->409M(4096M), 0.035 secs]
2025-10-01T00:19:04.406+0400: [GC (Allocation Failure) 93M->409M(4096M), 0.032 secs]
2025-10-01T00:19:04.913+0400: [GC (Allocation Failure) 113M->409M(4096M), 0.042 secs]
2025-10-01T00:19:05.940+0400: [Full GC (System.gc()) 115M->409M(4096M), 0.375 secs]
2025-10-01T00:19:06.964+0400: [GC (Allocation Failure) 167M->409M(4096M), 0.098 secs]
2025-10-01T00:19:06.966+0400: [GC (Allocation Failure) 167M->409M(4096M), 0.025 secs]
2025-10-01T00:19:07.985+0400: [GC (Allocation Failure) 227M->409M(4096M), 0.025 secs]
2025-10-01T00:19:08.990+0400: [GC (Allocation Failure) 205M->409M(4096M), 0.021 secs]
2025-10-01T00:19:09.497+0400: [Full GC (System.gc()) 237M->409M(4096M), 0.349 secs]
2025-10-01T00:19:09.512+0400: [GC (Allocation Failure) 237M->172M(4096M), 0.014 secs]
2025-10-01T00:19:10.021+0400: [GC (Allocation Failure) 205M->409M(4096M), 0.033 secs]
2025-10-01T00:19:11.034+0400: [GC (Allocation Failure) 265M->409M(4096M), 0.016 secs]
2025-10-01T00:19:12.044+0400: [GC (Allocation Failure) 325M->409M(4096M), 0.012 secs]
2025-10-01T00:19:12.045+0400: [GC (Allocation Failure) 325M->409M(4096M), 0.002 secs]
2025-10-01T00:19:13.055+0400: [Full GC (System.gc()) 297M->409M(4096M), 0.415 secs]
2025-10-01T00:19:14.066+0400: [GC (Allocation Failure) 357M->409M(4096M), 0.020 secs]
2025-10-01T00:19:14.576+0400: [GC (Allocation Failure) 358M->409M(4096M), 0.016 secs]
2025-10-01T00:19:15.083+0400: [GC (Allocation Failure) 328M->409M(4096M), 0.037 secs]
2025-10-01T00:19:16.095+0400: [GC (Allocation Failure) 342M->409M(4096M), 0.016 secs]
2025-10-01T00:19:17.108+0400: [Full GC (System.gc()) 430M->409M(4096M), 0.324 secs]
2025-10-01T00:19:17.108+0400: [GC (Allocation Failure) 430M->409M(4096M), 0.030 secs]
2025-10-01T00:19:17.118+0400: [GC (Allocation Failure) 430M->317M(4096M), 0.009 secs]
2025-10-01T00:19:18.131+0400: [GC (Allocation Failure) 375M->409M(4096M), 0.013 secs]
2025-10-01T00:19:19.141+0400: [GC (Allocation Failure) 437M->409M(4096M), 0.047 secs]
2025-10-01T00:19:19.649+0400: [GC (Allocation Failure) 467M->409M(4096M), 0.016 secs]
2025-10-01T00:19:20.157+0400: [Full GC (System.gc()) 497M->409M(4096M), 0.256 secs]
2025-10-01T00:19:21.170+0400: [GC (Allocation Failure) 583M->552M(4096M), 0.020 secs]
2025-10-01T00:19:22.186+0400: [GC (Allocation Failure) 623M->463M(4096M), 0.056 secs]
2025-10-01T00:19:22.187+0400: [GC (Allocation Failure) 623M->587M(4096M), 0.009 secs]
2025-10-01T00:19:23.200+0400: [GC (Allocation Failure) 677M->591M(4096M), 0.017 secs]
2025-10-01T00:19:24.214+0400: [Full GC (System.gc()) 717M->409M(4096M), 0.285 secs]
2025-10-01T00:19:24.723+0400: [GC (Allocation Failure) 717M->642M(4096M), 0.024 secs]
2025-10-01T00:19:24.739+0400: [GC (Allocation Failure) 717M->476M(4096M), 0.015 secs]
2025-10-01T00:19:25.247+0400: [GC (Allocation Failure) 550M->493M(4096M), 0.007 secs]
2025-10-01T00:19:26.253+0400: [GC (Allocation Failure) 692M->546M(4096M), 0.015 secs]
2025-10-01T00:19:27.264+0400: [GC (Allocation Failure) 836M->792M(4096M), 0.035 secs]
2025-10-01T00:19:27.264+0400: [Full GC (System.gc()) 836M->409M(4096M), 0.197 secs]
2025-10-01T00:19:28.281+0400: [GC (Allocation Failure) 966M->813M(4096M), 0.047 secs]
2025-10-01T00:19:29.297+0400: [GC (Allocation Failure) 676M->618M(4096M), 0.008 secs]
2025-10-01T00:19:29.801+0400: [GC (Allocation Failure) 696M->660M(4096M), 0.027 secs]
2025-10-01T00:19:30.306+0400: [GC (Allocation Failure) 764M->567M(4096M), 0.048 secs]
2025-10-01T00:19:31.315+0400: [Full GC (System.gc()) 904M->409M(4096M), 0.290 secs]
2025-10-01T00:19:32.330+0400: [GC (Allocation Failure) 1050M->976M(4096M), 0.034 secs]
2025-10-01T00:19:32.331+0400: [GC (Allocation Failure) 1050M->896M(4096M), 0.009 secs]
2025-10-01T00:19:32.342+0400: [GC (Allocation Failure) 1050M->626M(4096M), 0.011 secs]
2025-10-01T00:19:33.354+0400: [GC (Allocation Failure) 772M->678M(4096M), 0.025 secs]
2025-10-01T00:19:34.364+0400: [GC (Allocation Failure) 914M->778M(4096M), 0.035 secs]
2025-10-01T00:19:34.872+0400: [Full GC (System.gc()) 990M->471M(4096M), 0.347 secs]
2025-10-01T00:19:35.381+0400: [GC (Allocation Failure) 1060M->917M(4096M), 0.039 secs]
2025-10-01T00:19:36.396+0400: [GC (Allocation Failure) 1204M->1142M(4096M), 0.017 secs]
2025-10-01T00:19:37.409+0400: [GC (Allocation Failure) 1348M->1097M(4096M), 0.049 secs]
2025-10-01T00:19:37.410+0400: [GC (Allocation Failure) 1348M->1242M(4096M), 0.041 secs]
2025-10-01T00:19:38.424+0400: [Full GC (System.gc()) 1492M->1006M(4096M), 0.471 secs]
2025-10-01T00:19:39.443+0400: [GC (Allocation Failure) 1520M->1112M(4096M), 0.045 secs]
2025-10-01T00:19:39.949+0400: [GC (Allocation Failure) 1592M->1485M(4096M), 0.010 secs]
2025-10-01T00:19:39.962+0400: [GC (Allocation Failure) 1592M->776M(4096M), 0.013 secs]
2025-10-01T00:19:40.465+0400: [GC (Allocation Failure) 850M->748M(4096M), 0.015 secs]
2025-10-01T00:19:41.473+0400: [GC (Allocation Failure) 994M->802M(4096M), 0.041 secs]
2025-10-01T00:19:42.483+0400: [Full GC (System.gc()) 1136M->803M(4096M), 0.451 secs]
2025-10-01T00:19:42.483+0400: [GC (Allocation Failure) 1136M->1056M(4096M), 0.026 secs]
2025-10-01T00:19:43.497+0400: [GC (Allocation Failure) 1278M->1015M(4096M), 0.089 secs]
2025-10-01T00:19:44.510+0400: [GC (Allocation Failure) 1422M->1238M(4096M), 0.016 secs]
2025-10-01T00:19:45.018+0400: [GC (Allocation Failure) 1494M->1405M(4096M), 0.039 secs]
2025-10-01T00:19:45.526+0400: [Full GC (System.gc()) 1566M->813M(4096M), 0.473 secs]
2025-10-01T00:19:46.541+0400: [GC (Allocation Failure) 1584M->1367M(4096M), 0.038 secs]
2025-10-01T00:19:47.561+0400: [GC (Allocation Failure) 1730M->1620M(4096M), 0.039 secs]
2025-10-01T00:19:47.562+0400: [GC (Allocation Failure) 1730M->1336M(4096M), 0.083 secs]
2025-10-01T00:19:47.576+0400: [GC (Allocation Failure) 1730M->926M(4096M), 0.014 secs]
2025-10-01T00:19:48.588+0400: [GC (Allocation Failure) 1074M->958M(4096M), 0.031 secs]
2025-10-01T00:19:49.598+0400: [Full GC (System.gc()) 1216M->796M(4096M), 0.294 secs]
2025-10-01T00:19:50.104+0400: [GC (Allocation Failure) 1288M->1006M(4096M), 0.079 secs]
2025-10-01T00:19:50.607+0400: [GC (Allocation Failure) 1360M->1169M(4096M), 0.043 secs]
2025-10-01T00:19:51.619+0400: [GC (Allocation Failure) 1502M->1334M(4096M), 0.035 secs]
2025-10-01T00:19:52.629+0400: [GC (Allocation Failure) 1644M->1381M(4096M), 0.026 secs]
2025-10-01T00:19:52.630+0400: [Full GC (System.gc()) 1644M->663M(4096M), 0.127 secs]
2025-10-01T00:19:53.647+0400: [GC (Allocation Failure) 1788M->1520M(4096M), 0.022 secs]
2025-10-01T00:19:54.666+0400: [GC (Allocation Failure) 1806M->1582M(4096M), 0.087 secs]
2025-10-01T00:19:55.173+0400: [GC (Allocation Failure) 1112M->961M(4096M), 0.012 secs]
2025-10-01T00:19:55.189+0400: [GC (Allocation Failure) 1112M->1076M(4096M), 0.015 secs]
2025-10-01T00:19:55.697+0400: [GC (Allocation Failure) 1152M->1088M(4096M), 0.041 secs]
2025-10-01T00:19:56.709+0400: [Full GC (System.gc()) 1296M->409M(4096M), 0.104 secs]
2025-10-01T00:19:57.713+0400: [GC (Allocation Failure) 1442M->1322M(4096M), 0.039 secs]
2025-10-01T00:19:57.714+0400: [GC (Allocation Failure) 1442M->1339M(4096M), 0.006 secs]
2025-10-01T00:19:58.723+0400: [GC (Allocation Failure) 1584M->1261M(4096M), 0.012 secs]
2025-10-01T00:19:59.734+0400: [GC (Allocation Failure) 1728M->1551M(4096M), 0.029 secs]
2025-10-01T00:20:00.242+0400: [Full GC (System.gc()) 1798M->1201M(4096M), 0.170 secs]
2025-10-01T00:20:00.749+0400: [GC (Allocation Failure) 1872M->1096M(4096M), 0.062 secs]
2025-10-01T00:20:00.750+0400: [GC (Allocation Failure) 1872M->1627M(4096M), 0.021 secs]
2025-10-01T00:20:01.256+0400: [GC (Allocation Failure) 1942M->1787M(4096M), 0.014 secs]
2025-10-01T00:20:01.765+0400: [GC (Allocation Failure) 2014M->745M(4096M), 0.050 secs]
2025-10-01T00:20:01.767+0400: [Full GC (System.gc()) 2014M->1173M(4096M), 0.395 secs]
2025-10-01T00:20:02.772+0400: [GC (Allocation Failure) 1310M->1227M(4096M), 0.020 secs]
2025-10-01T00:20:02.773+0400: [GC (Allocation Failure) 1310M->918M(4096M), 0.082 secs]
2025-10-01T00:20:02.790+0400: [GC (Allocation Failure) 1310M->1226M(4096M), 0.017 secs]
2025-10-01T00:20:03.800+0400: [GC (Allocation Failure) 1372M->1207M(4096M), 0.025 secs]
2025-10-01T00:20:04.808+0400: [GC (Allocation Failure) 1516M->1316M(4096M), 0.043 secs]
2025-10-01T00:20:05.315+0400: [Full GC (System.gc()) 1588M->683M(4096M), 0.281 secs]
2025-10-01T00:20:05.821+0400: [GC (Allocation Failure) 1658M->1518M(4096M), 0.004 secs]
2025-10-01T00:20:06.831+0400: [GC (Allocation Failure) 1802M->1632M(4096M), 0.047 secs]
2025-10-01T00:20:07.335+0400: [GC (Allocation Failure) 1872M->854M(4096M), 0.051 secs]
2025-10-01T00:20:07.839+0400: [GC (Allocation Failure) 1944M->1709M(4096M), 0.012 secs]
2025-10-01T00:20:07.840+0400: [Full GC (System.gc()) 1944M->1239M(4096M), 0.443 secs]
2025-10-01T00:20:08.349+0400: [GC (Allocation Failure) 2016M->1204M(4096M), 0.187 secs]
2025-10-01T00:20:08.859+0400: [GC (Allocation Failure) 2088M->1890M(4096M), 0.047 secs]
2025-10-01T00:20:08.859+0400: [GC (Allocation Failure) 2088M->1891M(4096M), 0.042 secs]
2025-10-01T00:20:09.369+0400: [GC (Allocation Failure) 2160M->892M(4096M), 0.050 secs]
2025-10-01T00:20:09.870+0400: [Full GC (System.gc()) 2098M->1320M(4096M), 0.181 secs]
2025-10-01T00:20:09.871+0400: [GC (Allocation Failure) 2098M->1800M(4096M), 0.009 secs]
2025-10-01T00:20:10.380+0400: [GC (Allocation Failure) 2168M->1062M(4096M), 0.050 secs]
2025-10-01T00:20:10.395+0400: [GC (Allocation Failure) 2168M->1376M(4096M), 0.014 secs]
2025-10-01T00:20:10.902+0400: [GC (Allocation Failure) 1452M->1283M(4096M), 0.017 secs]
2025-10-01T00:20:11.913+0400: [GC (Allocation Failure) 1598M->1411M(4096M), 0.021 secs]
2025-10-01T00:20:12.920+0400: [Full GC (System.gc()) 1742M->798M(4096M), 0.489 secs]
2025-10-01T00:20:12.921+0400: [GC (Allocation Failure) 1742M->1572M(4096M), 0.003 secs]
2025-10-01T00:20:13.930+0400: [GC (Allocation Failure) 1886M->1689M(4096M), 0.028 secs]
2025-10-01T00:20:13.930+0400: [GC (Allocation Failure) 1886M->722M(4096M), 0.095 secs]
2025-10-01T00:20:14.437+0400: [GC (Allocation Failure) 1956M->1748M(4096M), 0.016 secs]
2025-10-01T00:20:14.943+0400: [Full GC (System.gc()) 2030M->1243M(4096M), 0.387 secs]
2025-10-01T00:20:14.944+0400: [GC (Allocation Failure) 2030M->1212M(4096M), 0.074 secs]
2025-10-01T00:20:15.448+0400: [GC (Allocation Failure) 2100M->1863M(4096M), 0.038 secs]
2025-10-01T00:20:15.957+0400: [GC (Allocation Failure) 2172M->1993M(4096M), 0.015 secs]
2025-10-01T00:20:15.958+0400: [GC (Allocation Failure) 2172M->1320M(4096M), 0.164 secs]
2025-10-01T00:20:16.469+0400: [Full GC (System.gc()) 2244M->1319M(4096M), 0.269 secs]
2025-10-01T00:20:16.976+0400: [GC (Allocation Failure) 2314M->2063M(4096M), 0.039 secs]
2025-10-01T00:20:16.976+0400: [GC (Allocation Failure) 2314M->1408M(4096M), 0.104 secs]
2025-10-01T00:20:17.487+0400: [GC (Allocation Failure) 2252M->1979M(4096M), 0.002 secs]
2025-10-01T00:20:17.997+0400: [GC (Allocation Failure) 2322M->2043M(4096M), 0.036 secs]
2025-10-01T00:20:17.998+0400: [GC (Allocation Failure) 2322M->790M(4096M), 0.050 secs]
2025-10-01T00:20:18.015+0400: [GC (Allocation Failure) 2322M->1526M(4096M), 0.017 secs]
2025-10-01T00:20:19.028+0400: [GC (Allocation Failure) 1676M->1437M(4096M), 0.031 secs]
2025-10-01T00:20:20.034+0400: [GC (Allocation Failure) 1818M->1635M(4096M), 0.018 secs]
2025-10-01T00:20:20.541+0400: [GC (Allocation Failure) 1890M->702M(4096M), 0.050 secs]
2025-10-01T00:20:21.046+0400: [GC (Allocation Failure) 1964M->1758M(4096M), 0.027 secs]
2025-10-01T00:20:21.047+0400: [Full GC (System.gc()) 1964M->1050M(4096M), 0.454 secs]
2025-10-01T00:20:21.550+0400: [GC (Allocation Failure) 2034M->1260M(4096M), 0.050 secs]
2025-10-01T00:20:22.056+0400: [GC (Allocation Failure) 2106M->1921M(4096M), 0.003 secs]
2025-10-01T00:20:22.056+0400: [GC (Allocation Failure) 2106M->1794M(4096M), 0.033 secs]
2025-10-01T00:20:22.563+0400: [GC (Allocation Failure) 2176M->1214M(4096M), 0.178 secs]
2025-10-01T00:20:23.068+0400: [Full GC (System.gc()) 2250M->1524M(4096M), 0.492 secs]
2025-10-01T00:20:23.069+0400: [GC (Allocation Failure) 2250M->2126M(4096M), 0.007 secs]
2025-10-01T00:20:23.576+0400: [GC (Allocation Failure) 2320M->900M(4096M), 0.055 secs]
2025-10-01T00:20:24.084+0400: [GC (Allocation Failure) 2394M->2227M(4096M), 0.029 secs]
2025-10-01T00:20:24.084+0400: [GC (Allocation Failure) 2394M->2260M(4096M), 0.009 secs]
2025-10-01T00:20:24.587+0400: [GC (Allocation Failure) 2464M->1618M(4096M), 0.054 secs]
2025-10-01T00:20:25.092+0400: [GC (Allocation Failure) 2538M->2171M(4096M), 0.007 secs]
2025-10-01T00:20:25.094+0400: [GC (Allocation Failure) 2538M->2393M(4096M), 0.038 secs]
2025-10-01T00:20:25.603+0400: [GC (Allocation Failure) 2608M->1155M(4096M), 0.163 secs]
2025-10-01T00:20:25.620+0400: [GC (Allocation Failure) 2608M->1676M(4096M), 0.017 secs]
2025-10-01T00:20:26.127+0400: [GC (Allocation Failure) 1752M->1530M(4096M), 0.030 secs]
2025-10-01T00:20:27.136+0400: [Full GC (System.gc()) 1896M->1078M(4096M), 0.103 secs]
2025-10-01T00:20:27.137+0400: [GC (Allocation Failure) 1896M->726M(4096M), 0.172 secs]
2025-10-01T00:20:27.643+0400: [GC (Allocation Failure) 1970M->1738M(4096M), 0.029 secs]
2025-10-01T00:20:28.149+0400: [GC (Allocation Failure) 2040M->1865M(4096M), 0.012 secs]
2025-10-01T00:20:28.150+0400: [GC (Allocation Failure) 2040M->1210M(4096M), 0.183 secs]
2025-10-01T00:20:28.656+0400: [Full GC (System.gc()) 2112M->594M(4096M), 0.183 secs]
2025-10-01T00:20:29.162+0400: [GC (Allocation Failure) 2182M->2043M(4096M), 0.019 secs]
2025-10-01T00:20:29.163+0400: [GC (Allocation Failure) 2182M->1144M(4096M), 0.080 secs]
2025-10-01T00:20:29.670+0400: [GC (Allocation Failure) 2254M->2126M(4096M), 0.003 secs]
2025-10-01T00:20:30.172+0400: [GC (Allocation Failure) 2324M->2052M(4096M), 0.049 secs]
2025-10-01T00:20:30.172+0400: [GC (Allocation Failure) 2324M->801M(4096M), 0.050 secs]
2025-10-01T00:20:30.674+0400: [GC (Allocation Failure) 2396M->2237M(4096M), 0.042 secs]
2025-10-01T00:20:31.181+0400: [GC (Allocation Failure) 2466M->2241M(4096M), 0.017 secs]
2025-10-01T00:20:31.182+0400: [GC (Allocation Failure) 2466M->1217M(4096M), 0.050 secs]
2025-10-01T00:20:31.689+0400: [GC (Allocation Failure) 2554M->2279M(4096M), 0.008 secs]
2025-10-01T00:20:32.195+0400: [Full GC (System.gc()) 2624M->1328M(4096M), 0.141 secs]
2025-10-01T00:20:32.195+0400: [GC (Allocation Failure) 2624M->1449M(4096M), 0.094 secs]
2025-10-01T00:20:32.703+0400: [GC (Allocation Failure) 2694M->2488M(4096M), 0.041 secs]
2025-10-01T00:20:33.207+0400: [GC (Allocation Failure) 2764M->2597M(4096M), 0.049 secs]
2025-10-01T00:20:33.207+0400: [GC (Allocation Failure) 2764M->1378M(4096M), 0.064 secs]
2025-10-01T00:20:33.217+0400: [GC (Allocation Failure) 2764M->1826M(4096M), 0.010 secs]
2025-10-01T00:20:33.721+0400: [Full GC (System.gc()) 1900M->1022M(4096M), 0.223 secs]
2025-10-01T00:20:34.227+0400: [GC (Allocation Failure) 1970M->1757M(4096M), 0.010 secs]
2025-10-01T00:20:34.227+0400: [GC (Allocation Failure) 1970M->771M(4096M), 0.060 secs]
2025-10-01T00:20:34.728+0400: [GC (Allocation Failure) 2056M->1837M(4096M), 0.038 secs]
2025-10-01T00:20:35.232+0400: [GC (Allocation Failure) 2110M->1977M(4096M), 0.028 secs]
2025-10-01T00:20:35.233+0400: [GC (Allocation Failure) 2110M->726M(4096M), 0.053 secs]
2025-10-01T00:20:35.738+0400: [GC (Allocation Failure) 2140M->1977M(4096M), 0.032 secs]
2025-10-01T00:20:36.254+0400: [GC (Allocation Failure) 2164M->5M(4096M), 0.010 secs]
