Java HotSpot(TM) 64-Bit Server VM (25.0-b) for bsd-amd64 JRE (1.8.0), built on Mar 12 2024 12:13:12 by "java_re" with gcc 4.2.1 (Based on Apple Inc. build 5658) (LLVM build 2336.11.00)
Memory: 4k page, physical 16777216k(12481232k free)
CommandLine flags: -XX:InitialHeapSize=268435456 -XX:MaxHeapSize=4294967296 -XX:+PrintGC -XX:+PrintGCDateStamps -XX:+PrintGCDetails -XX:+PrintGCTimeStamps -XX:+UseCompressedClassPointers -XX:+UseCompressedOops -XX:+UseG1GC
2025-10-01T10:08:00.869+0400: [GC (Allocation Failure) 304M->409M(4096M), 0.041 secs]
2025-10-01T10:08:01.885+0400: [GC (Allocation Failure) 344M->409M(4096M), 0.020 secs]
2025-10-01T10:08:02.388+0400: [GC (Allocation Failure) 364M->409M(4096M), 0.012 secs]
2025-10-01T10:08:02.895+0400: [GC (Allocation Failure) 398M->409M(4096M), 0.002 secs]
2025-10-01T10:08:03.906+0400: [Full GC (System.gc()) 474M->409M(4096M), 0.193 secs]
2025-10-01T10:08:04.919+0400: [GC (Allocation Failure) 548M->483M(4096M), 0.038 secs]
2025-10-01T10:08:04.920+0400: [GC (Allocation Failure) 548M->518M(4096M), 0.004 secs]
2025-10-01T10:08:05.929+0400: [GC (Allocation Failure) 610M->564M(4096M), 0.022 secs]
2025-10-01T10:08:06.936+0400: [GC (Allocation Failure) 670M->544M(4096M), 0.074 secs]
2025-10-01T10:08:07.440+0400: [Full GC (System.gc()) 700M->409M(4096M), 0.190 secs]
2025-10-01T10:08:07.460+0400: [GC (Allocation Failure) 700M->173M(4096M), 0.020 secs]
2025-10-01T10:08:07.961+0400: [GC (Allocation Failure) 203M->409M(4096M), 0.048 secs]
2025-10-01T10:08:08.969+0400: [GC (Allocation Failure) 247M->409M(4096M), 0.084 secs]
2025-10-01T10:08:09.983+0400: [GC (Allocation Failure) 285M->409M(4096M), 0.035 secs]
2025-10-01T10:08:09.984+0400: [GC (Allocation Failure) 285M->409M(4096M), 0.041 secs]
2025-10-01T10:08:10.993+0400: [Full GC (System.gc()) 305M->409M(4096M), 0.147 secs]
2025-10-01T10:08:12.004+0400: [GC (Allocation Failure) 367M->409M(4096M), 0.011 secs]
2025-10-01T10:08:12.511+0400: [GC (Allocation Failure) 397M->409M(4096M), 0.022 secs]
2025-10-01T10:08:13.018+0400: [GC (Allocation Failure) 427M->409M(4096M), 0.029 secs]
2025-10-01T10:08:14.030+0400: [GC (Allocation Failure) 487M->428M(4096M), 0.037 secs]
2025-10-01T10:08:15.041+0400: [Full GC (System.gc()) 549M->409M(4096M), 0.281 secs]
2025-10-01T10:08:15.042+0400: [GC (Allocation Failure) 549M->450M(4096M), 0.024 secs]
2025-10-01T10:08:15.064+0400: [GC (Allocation Failure) 549M->323M(4096M), 0.021 secs]
2025-10-01T10:08:16.075+0400: [GC (Allocation Failure) 384M->409M(4096M), 0.044 secs]
2025-10-01T10:08:17.086+0400: [GC (Allocation Failure) 446M->409M(4096M), 0.028 secs]
2025-10-01T10:08:17.592+0400: [GC (Allocation Failure) 476M->409M(4096M), 0.052 secs]
2025-10-01T10:08:18.096+0400: [Full GC (System.gc()) 508M->409M(4096M), 0.419 secs]
2025-10-01T10:08:19.107+0400: [GC (Allocation Failure) 568M->530M(4096M), 0.048 secs]
2025-10-01T10:08:20.115+0400: [GC (Allocation Failure) 543M->472M(4096M), 0.022 secs]
2025-10-01T10:08:20.116+0400: [GC (Allocation Failure) 543M->497M(4096M), 0.046 secs]
2025-10-01T10:08:21.128+0400: [GC (Allocation Failure) 605M->565M(4096M), 0.012 secs]
2025-10-01T10:08:22.140+0400: [Full GC (System.gc()) 510M->409M(4096M), 0.117 secs]
2025-10-01T10:08:22.648+0400: [GC (Allocation Failure) 540M->467M(4096M), 0.005 secs]
2025-10-01T10:08:22.670+0400: [GC (Allocation Failure) 540M->473M(4096M), 0.021 secs]
2025-10-01T10:08:23.180+0400: [GC (Allocation Failure) 504M->479M(4096M), 0.003 secs]
2025-10-01T10:08:24.188+0400: [GC (Allocation Failure) 564M->474M(4096M), 0.024 secs]
2025-10-01T10:08:25.201+0400: [GC (Allocation Failure) 624M->566M(4096M), 0.005 secs]
2025-10-01T10:08:25.203+0400: [Full GC (System.gc()) 624M->450M(4096M), 0.417 secs]
2025-10-01T10:08:26.215+0400: [GC (Allocation Failure) 686M->490M(4096M), 0.005 secs]
2025-10-01T10:08:27.227+0400: [GC (Allocation Failure) 746M->669M(4096M), 0.038 secs]
2025-10-01T10:08:27.734+0400: [GC (Allocation Failure) 778M->706M(4096M), 0.019 secs]
2025-10-01T10:08:28.242+0400: [GC (Allocation Failure) 808M->717M(4096M), 0.012 secs]
2025-10-01T10:08:29.256+0400: [Full GC (System.gc()) 738M->409M(4096M), 0.248 secs]
2025-10-01T10:08:30.269+0400: [GC (Allocation Failure) 800M->726M(4096M), 0.014 secs]
2025-10-01T10:08:30.270+0400: [GC (Allocation Failure) 800M->686M(4096M), 0.027 secs]
2025-10-01T10:08:30.293+0400: [GC (Allocation Failure) 800M->623M(4096M), 0.022 secs]
2025-10-01T10:08:31.307+0400: [GC (Allocation Failure) 686M->623M(4096M), 0.023 secs]
2025-10-01T10:08:32.316+0400: [GC (Allocation Failure) 746M->687M(4096M), 0.028 secs]
2025-10-01T10:08:32.823+0400: [Full GC (System.gc()) 778M->409M(4096M), 0.209 secs]
2025-10-01T10:08:33.330+0400: [GC (Allocation Failure) 808M->715M(4096M), 0.013 secs]
2025-10-01T10:08:34.339+0400: [GC (Allocation Failure) 870M->785M(4096M), 0.035 secs]
2025-10-01T10:08:35.356+0400: [GC (Allocation Failure) 930M->804M(4096M), 0.077 secs]
2025-10-01T10:08:35.357+0400: [GC (Allocation Failure) 930M->796M(4096M), 0.019 secs]
2025-10-01T10:08:36.372+0400: [Full GC (System.gc()) 992M->737M(4096M), 0.101 secs]
2025-10-01T10:08:37.389+0400: [GC (Allocation Failure) 1054M->803M(4096M), 0.059 secs]
2025-10-01T10:08:37.898+0400: [GC (Allocation Failure) 1084M->991M(4096M), 0.013 secs]
2025-10-01T10:08:37.916+0400: [GC (Allocation Failure) 1084M->773M(4096M), 0.017 secs]
2025-10-01T10:08:38.424+0400: [GC (Allocation Failure) 806M->714M(4096M), 0.045 secs]
2025-10-01T10:08:39.437+0400: [GC (Allocation Failure) 866M->735M(4096M), 0.053 secs]
2025-10-01T10:08:40.450+0400: [Full GC (System.gc()) 926M->582M(4096M), 0.414 secs]
2025-10-01T10:08:40.451+0400: [GC (Allocation Failure) 926M->861M(4096M), 0.046 secs]
2025-10-01T10:08:41.464+0400: [GC (Allocation Failure) 988M->792M(4096M), 0.058 secs]
2025-10-01T10:08:42.474+0400: [GC (Allocation Failure) 1048M->921M(4096M), 0.041 secs]
2025-10-01T10:08:42.982+0400: [GC (Allocation Failure) 1080M->989M(4096M), 0.021 secs]
2025-10-01T10:08:43.487+0400: [Full GC (System.gc()) 1110M->623M(4096M), 0.472 secs]
2025-10-01T10:08:44.499+0400: [GC (Allocation Failure) 1172M->1040M(4096M), 0.012 secs]
2025-10-01T10:08:45.515+0400: [GC (Allocation Failure) 1234M->1145M(4096M), 0.008 secs]
2025-10-01T10:08:45.516+0400: [GC (Allocation Failure) 1234M->1084M(4096M), 0.095 secs]
2025-10-01T10:08:45.537+0400: [GC (Allocation Failure) 1234M->923M(4096M), 0.020 secs]
2025-10-01T10:08:46.556+0400: [GC (Allocation Failure) 985M->894M(4096M), 0.041 secs]
2025-10-01T10:08:47.564+0400: [Full GC (System.gc()) 1073M->467M(4096M), 0.153 secs]
2025-10-01T10:08:48.071+0400: [GC (Allocation Failure) 1103M->808M(4096M), 0.027 secs]
2025-10-01T10:08:48.577+0400: [GC (Allocation Failure) 1163M->1054M(4096M), 0.027 secs]
2025-10-01T10:08:49.591+0400: [GC (Allocation Failure) 1219M->1059M(4096M), 0.002 secs]
2025-10-01T10:08:50.606+0400: [GC (Allocation Failure) 1259M->1072M(4096M), 0.023 secs]
2025-10-01T10:08:50.607+0400: [Full GC (System.gc()) 1259M->409M(4096M), 0.287 secs]
2025-10-01T10:08:51.618+0400: [GC (Allocation Failure) 1313M->1186M(4096M), 0.002 secs]
2025-10-01T10:08:52.630+0400: [GC (Allocation Failure) 1353M->1072M(4096M), 0.058 secs]
2025-10-01T10:08:53.137+0400: [GC (Allocation Failure) 1373M->1171M(4096M), 0.013 secs]
2025-10-01T10:08:53.149+0400: [GC (Allocation Failure) 1373M->1066M(4096M), 0.012 secs]
2025-10-01T10:08:53.651+0400: [GC (Allocation Failure) 1086M->1023M(4096M), 0.021 secs]
2025-10-01T10:08:54.659+0400: [Full GC (System.gc()) 1128M->780M(4096M), 0.121 secs]
2025-10-01T10:08:55.671+0400: [GC (Allocation Failure) 1168M->1066M(4096M), 0.017 secs]
2025-10-01T10:08:55.672+0400: [GC (Allocation Failure) 1168M->1107M(4096M), 0.005 secs]
2025-10-01T10:08:56.682+0400: [GC (Allocation Failure) 1208M->907M(4096M), 0.017 secs]
2025-10-01T10:08:57.690+0400: [GC (Allocation Failure) 1262M->1116M(4096M), 0.012 secs]
2025-10-01T10:08:58.196+0400: [Full GC (System.gc()) 1282M->409M(4096M), 0.294 secs]
2025-10-01T10:08:58.702+0400: [GC (Allocation Failure) 1302M->949M(4096M), 0.013 secs]
2025-10-01T10:08:59.718+0400: [GC (Allocation Failure) 1342M->1201M(4096M), 0.023 secs]
2025-10-01T10:09:00.740+0400: [GC (Allocation Failure) 1382M->1267M(4096M), 0.024 secs]
2025-10-01T10:09:00.742+0400: [GC (Allocation Failure) 1382M->1023M(4096M), 0.046 secs]
2025-10-01T10:09:00.764+0400: [GC (Allocation Failure) 1382M->1216M(4096M), 0.022 secs]
2025-10-01T10:09:01.781+0400: [Full GC (System.gc()) 1256M->779M(4096M), 0.104 secs]
2025-10-01T10:09:02.800+0400: [GC (Allocation Failure) 1298M->1172M(4096M), 0.017 secs]
2025-10-01T10:09:03.318+0400: [GC (Allocation Failure) 1318M->1140M(4096M), 0.049 secs]
2025-10-01T10:09:03.823+0400: [GC (Allocation Failure) 1338M->1247M(4096M), 0.008 secs]
2025-10-01T10:09:04.834+0400: [GC (Allocation Failure) 1378M->1215M(4096M), 0.020 secs]
2025-10-01T10:09:05.843+0400: [Full GC (System.gc()) 1418M->795M(4096M), 0.118 secs]
2025-10-01T10:09:05.844+0400: [GC (Allocation Failure) 1418M->1248M(4096M), 0.002 secs]
2025-10-01T10:09:06.858+0400: [GC (Allocation Failure) 1458M->1341M(4096M), 0.005 secs]
2025-10-01T10:09:07.866+0400: [GC (Allocation Failure) 1498M->1229M(4096M), 0.013 secs]
2025-10-01T10:09:08.377+0400: [GC (Allocation Failure) 1518M->1398M(4096M), 0.010 secs]
2025-10-01T10:09:08.400+0400: [GC (Allocation Failure) 1518M->1366M(4096M), 0.022 secs]
2025-10-01T10:09:08.908+0400: [Full GC (System.gc()) 1386M->452M(4096M), 0.247 secs]
2025-10-01T10:09:09.919+0400: [GC (Allocation Failure) 1428M->1030M(4096M), 0.024 secs]
2025-10-01T10:09:10.930+0400: [GC (Allocation Failure) 1468M->1383M(4096M), 0.022 secs]
2025-10-01T10:09:10.931+0400: [GC (Allocation Failure) 1468M->1249M(4096M), 0.011 secs]
2025-10-01T10:09:11.943+0400: [GC (Allocation Failure) 1508M->1279M(4096M), 0.044 secs]
2025-10-01T10:09:12.952+0400: [Full GC (System.gc()) 1548M->984M(4096M), 0.129 secs]
2025-10-01T10:09:13.464+0400: [GC (Allocation Failure) 1568M->1345M(4096M), 0.006 secs]
2025-10-01T10:09:13.972+0400: [GC (Allocation Failure) 1588M->1241M(4096M), 0.012 secs]
2025-10-01T10:09:14.983+0400: [GC (Allocation Failure) 1628M->1503M(4096M), 0.014 secs]
2025-10-01T10:09:15.993+0400: [GC (Allocation Failure) 1668M->1533M(4096M), 0.007 secs]
2025-10-01T10:09:15.994+0400: [Full GC (System.gc()) 1668M->1113M(4096M), 0.141 secs]
2025-10-01T10:09:16.019+0400: [GC (Allocation Failure) 1668M->1516M(4096M), 0.024 secs]
2025-10-01T10:09:17.031+0400: [GC (Allocation Failure) 1556M->1327M(4096M), 0.004 secs]
2025-10-01T10:09:18.043+0400: [GC (Allocation Failure) 1598M->1443M(4096M), 0.024 secs]
2025-10-01T10:09:18.556+0400: [GC (Allocation Failure) 1618M->1389M(4096M), 0.048 secs]
2025-10-01T10:09:19.069+0400: [GC (Allocation Failure) 1638M->1487M(4096M), 0.002 secs]
2025-10-01T10:09:20.078+0400: [Full GC (System.gc()) 1678M->772M(4096M), 0.250 secs]
2025-10-01T10:09:21.090+0400: [GC (Allocation Failure) 1718M->1460M(4096M), 0.009 secs]
2025-10-01T10:09:21.091+0400: [GC (Allocation Failure) 1718M->1601M(4096M), 0.007 secs]
2025-10-01T10:09:22.103+0400: [GC (Allocation Failure) 1758M->1568M(4096M), 0.002 secs]
2025-10-01T10:09:23.118+0400: [GC (Allocation Failure) 1798M->1525M(4096M), 0.039 secs]
2025-10-01T10:09:23.638+0400: [Full GC (System.gc()) 1818M->624M(4096M), 0.235 secs]
2025-10-01T10:09:23.659+0400: [GC (Allocation Failure) 1818M->1666M(4096M), 0.021 secs]
2025-10-01T10:09:24.170+0400: [GC (Allocation Failure) 1686M->1546M(4096M), 0.015 secs]
2025-10-01T10:09:25.178+0400: [GC (Allocation Failure) 1728M->1210M(4096M), 0.034 secs]
2025-10-01T10:09:26.185+0400: [GC (Allocation Failure) 1768M->1645M(4096M), 0.020 secs]
2025-10-01T10:09:26.185+0400: [GC (Allocation Failure) 1768M->1585M(4096M), 0.007 secs]
2025-10-01T10:09:27.202+0400: [Full GC (System.gc()) 1808M->1299M(4096M), 0.175 secs]
2025-10-01T10:09:28.217+0400: [GC (Allocation Failure) 1848M->1675M(4096M), 0.022 secs]
2025-10-01T10:09:28.218+0400: [GC (Allocation Failure) 1848M->1753M(4096M), 0.012 secs]
2025-10-01T10:09:28.722+0400: [GC (Allocation Failure) 1868M->636M(4096M), 0.055 secs]
2025-10-01T10:09:29.228+0400: [GC (Allocation Failure) 1888M->1679M(4096M), 0.005 secs]
2025-10-01T10:09:29.228+0400: [Full GC (System.gc()) 1888M->1133M(4096M), 0.250 secs]
2025-10-01T10:09:29.736+0400: [GC (Allocation Failure) 1908M->647M(4096M), 0.077 secs]
2025-10-01T10:09:30.244+0400: [GC (Allocation Failure) 1928M->1723M(4096M), 0.022 secs]
2025-10-01T10:09:30.245+0400: [GC (Allocation Failure) 1928M->1733M(4096M), 0.003 secs]
2025-10-01T10:09:30.751+0400: [GC (Allocation Failure) 1948M->681M(4096M), 0.050 secs]
2025-10-01T10:09:31.258+0400: [Full GC (System.gc()) 1968M->1255M(4096M), 0.202 secs]
2025-10-01T10:09:31.259+0400: [GC (Allocation Failure) 1968M->1797M(4096M), 0.011 secs]
2025-10-01T10:09:31.281+0400: [GC (Allocation Failure) 1968M->1816M(4096M), 0.022 secs]
2025-10-01T10:09:32.297+0400: [GC (Allocation Failure) 1856M->1044M(4096M), 0.064 secs]
2025-10-01T10:09:32.298+0400: [GC (Allocation Failure) 1856M->1655M(4096M), 0.020 secs]
2025-10-01T10:09:32.803+0400: [GC (Allocation Failure) 1876M->1610M(4096M), 0.008 secs]
2025-10-01T10:09:33.309+0400: [GC (Allocation Failure) 1896M->643M(4096M), 0.050 secs]
2025-10-01T10:09:33.310+0400: [GC (Allocation Failure) 1896M->1791M(4096M), 0.013 secs]
2025-10-01T10:09:33.813+0400: [GC (Allocation Failure) 1918M->1686M(4096M), 0.009 secs]
2025-10-01T10:09:34.319+0400: [GC (Allocation Failure) 1938M->885M(4096M), 0.055 secs]
2025-10-01T10:09:34.319+0400: [GC (Allocation Failure) 1938M->1766M(4096M), 0.005 secs]
2025-10-01T10:09:34.825+0400: [Full GC (System.gc()) 1958M->856M(4096M), 0.159 secs]
2025-10-01T10:09:35.332+0400: [GC (Allocation Failure) 1978M->1194M(4096M), 0.053 secs]
2025-10-01T10:09:35.332+0400: [GC (Allocation Failure) 1978M->1822M(4096M), 0.005 secs]
2025-10-01T10:09:35.841+0400: [GC (Allocation Failure) 1998M->1753M(4096M), 0.015 secs]
2025-10-01T10:09:36.351+0400: [GC (Allocation Failure) 2018M->1198M(4096M), 0.052 secs]
2025-10-01T10:09:36.352+0400: [Full GC (System.gc()) 2018M->1501M(4096M), 0.233 secs]
2025-10-01T10:09:36.862+0400: [GC (Allocation Failure) 2038M->1915M(4096M), 0.019 secs]
2025-10-01T10:09:37.371+0400: [GC (Allocation Failure) 2058M->1223M(4096M), 0.073 secs]
2025-10-01T10:09:37.372+0400: [GC (Allocation Failure) 2058M->1841M(4096M), 0.008 secs]
2025-10-01T10:09:37.877+0400: [GC (Allocation Failure) 2078M->1866M(4096M), 0.024 secs]
2025-10-01T10:09:38.383+0400: [GC (Allocation Failure) 2098M->1204M(4096M), 0.050 secs]
2025-10-01T10:09:38.384+0400: [GC (Allocation Failure) 2098M->1804M(4096M), 0.012 secs]
2025-10-01T10:09:38.893+0400: [GC (Allocation Failure) 2118M->1870M(4096M), 0.009 secs]
2025-10-01T10:09:38.917+0400: [GC (Allocation Failure) 2118M->1966M(4096M), 0.023 secs]
2025-10-01T10:09:39.432+0400: [GC (Allocation Failure) 1986M->1009M(4096M), 0.087 secs]
2025-10-01T10:09:39.434+0400: [GC (Allocation Failure) 1986M->1813M(4096M), 0.018 secs]
2025-10-01T10:09:39.945+0400: [Full GC (System.gc()) 2006M->524M(4096M), 0.240 secs]
2025-10-01T10:09:40.455+0400: [GC (Allocation Failure) 2026M->1124M(4096M), 0.055 secs]
2025-10-01T10:09:40.455+0400: [GC (Allocation Failure) 2026M->1863M(4096M), 0.020 secs]
2025-10-01T10:09:40.965+0400: [GC (Allocation Failure) 2046M->1784M(4096M), 0.006 secs]
2025-10-01T10:09:41.473+0400: [GC (Allocation Failure) 2066M->1238M(4096M), 0.073 secs]
2025-10-01T10:09:41.473+0400: [Full GC (System.gc()) 2066M->1534M(4096M), 0.293 secs]
2025-10-01T10:09:41.981+0400: [GC (Allocation Failure) 2086M->1878M(4096M), 0.020 secs]
2025-10-01T10:09:42.485+0400: [GC (Allocation Failure) 2106M->1041M(4096M), 0.091 secs]
2025-10-01T10:09:42.486+0400: [GC (Allocation Failure) 2106M->1894M(4096M), 0.019 secs]
2025-10-01T10:09:42.996+0400: [GC (Allocation Failure) 2126M->1902M(4096M), 0.002 secs]
2025-10-01T10:09:43.504+0400: [GC (Allocation Failure) 2146M->777M(4096M), 0.050 secs]
2025-10-01T10:09:43.505+0400: [GC (Allocation Failure) 2146M->1926M(4096M), 0.021 secs]
2025-10-01T10:09:44.013+0400: [GC (Allocation Failure) 2166M->1891M(4096M), 0.021 secs]
2025-10-01T10:09:44.521+0400: [GC (Allocation Failure) 2186M->777M(4096M), 0.094 secs]
2025-10-01T10:09:44.521+0400: [GC (Allocation Failure) 2186M->1905M(4096M), 0.012 secs]
2025-10-01T10:09:45.031+0400: [Full GC (System.gc()) 2206M->788M(4096M), 0.170 secs]
2025-10-01T10:09:45.537+0400: [GC (Allocation Failure) 2228M->1046M(4096M), 0.057 secs]
2025-10-01T10:09:45.538+0400: [GC (Allocation Failure) 2228M->2106M(4096M), 0.009 secs]
2025-10-01T10:09:46.048+0400: [GC (Allocation Failure) 2248M->2115M(4096M), 0.023 secs]
2025-10-01T10:09:46.555+0400: [GC (Allocation Failure) 2268M->1375M(4096M), 0.050 secs]
2025-10-01T10:09:46.555+0400: [Full GC (System.gc()) 2268M->856M(4096M), 0.228 secs]
2025-10-01T10:09:46.575+0400: [GC (Allocation Failure) 2268M->2116M(4096M), 0.019 secs]
2025-10-01T10:09:47.087+0400: [GC (Allocation Failure) 2136M->1909M(4096M), 0.020 secs]
2025-10-01T10:09:47.599+0400: [GC (Allocation Failure) 2158M->771M(4096M), 0.050 secs]
2025-10-01T10:09:47.600+0400: [GC (Allocation Failure) 2158M->2011M(4096M), 0.024 secs]
2025-10-01T10:09:48.110+0400: [GC (Allocation Failure) 2178M->1923M(4096M), 0.002 secs]
2025-10-01T10:09:48.617+0400: [GC (Allocation Failure) 2198M->1197M(4096M), 0.053 secs]
2025-10-01T10:09:48.618+0400: [GC (Allocation Failure) 2198M->1890M(4096M), 0.019 secs]
2025-10-01T10:09:49.122+0400: [GC (Allocation Failure) 2218M->1964M(4096M), 0.022 secs]
2025-10-01T10:09:49.628+0400: [GC (Allocation Failure) 2238M->1215M(4096M), 0.050 secs]
2025-10-01T10:09:49.629+0400: [GC (Allocation Failure) 2238M->2102M(4096M), 0.017 secs]
2025-10-01T10:09:50.136+0400: [Full GC (System.gc()) 2258M->1157M(4096M), 0.298 secs]
2025-10-01T10:09:50.639+0400: [GC (Allocation Failure) 2278M->826M(4096M), 0.050 secs]
2025-10-01T10:09:50.640+0400: [GC (Allocation Failure) 2278M->1969M(4096M), 0.019 secs]
2025-10-01T10:09:51.150+0400: [GC (Allocation Failure) 2298M->1984M(4096M), 0.010 secs]
2025-10-01T10:09:51.659+0400: [GC (Allocation Failure) 2318M->1175M(4096M), 0.057 secs]
2025-10-01T10:09:51.660+0400: [Full GC (System.gc()) 2318M->1151M(4096M), 0.122 secs]
2025-10-01T10:09:52.165+0400: [GC (Allocation Failure) 2338M->2049M(4096M), 0.017 secs]
2025-10-01T10:09:52.675+0400: [GC (Allocation Failure) 2358M->993M(4096M), 0.050 secs]
2025-10-01T10:09:52.676+0400: [GC (Allocation Failure) 2358M->2232M(4096M), 0.023 secs]
2025-10-01T10:09:53.181+0400: [GC (Allocation Failure) 2378M->2036M(4096M), 0.002 secs]
2025-10-01T10:09:53.687+0400: [GC (Allocation Failure) 2398M->1329M(4096M), 0.060 secs]
2025-10-01T10:09:53.688+0400: [GC (Allocation Failure) 2398M->2144M(4096M), 0.011 secs]
2025-10-01T10:09:54.197+0400: [GC (Allocation Failure) 2418M->2154M(4096M), 0.016 secs]
2025-10-01T10:09:54.220+0400: [GC (Allocation Failure) 2418M->2266M(4096M), 0.022 secs]
2025-10-01T10:09:54.735+0400: [GC (Allocation Failure) 2286M->1080M(4096M), 0.050 secs]
2025-10-01T10:09:54.736+0400: [GC (Allocation Failure) 2286M->1977M(4096M), 0.013 secs]
2025-10-01T10:09:55.246+0400: [Full GC (System.gc()) 2306M->1542M(4096M), 0.203 secs]
2025-10-01T10:09:55.757+0400: [GC (Allocation Failure) 2328M->1522M(4096M), 0.079 secs]
2025-10-01T10:09:55.758+0400: [GC (Allocation Failure) 2328M->2194M(4096M), 0.002 secs]
2025-10-01T10:09:56.269+0400: [GC (Allocation Failure) 2348M->2221M(4096M), 0.008 secs]
2025-10-01T10:09:56.780+0400: [GC (Allocation Failure) 2368M->1558M(4096M), 0.085 secs]
2025-10-01T10:09:56.781+0400: [Full GC (System.gc()) 2368M->1044M(4096M), 0.293 secs]
2025-10-01T10:09:57.288+0400: [GC (Allocation Failure) 2388M->2059M(4096M), 0.002 secs]
2025-10-01T10:09:57.798+0400: [GC (Allocation Failure) 2408M->1428M(4096M), 0.050 secs]
2025-10-01T10:09:57.798+0400: [GC (Allocation Failure) 2408M->2088M(4096M), 0.021 secs]
2025-10-01T10:09:58.306+0400: [GC (Allocation Failure) 2428M->2191M(4096M), 0.023 secs]
2025-10-01T10:09:58.814+0400: [GC (Allocation Failure) 2448M->1054M(4096M), 0.050 secs]
2025-10-01T10:09:58.814+0400: [GC (Allocation Failure) 2448M->2197M(4096M), 0.003 secs]
2025-10-01T10:09:59.322+0400: [GC (Allocation Failure) 2468M->2296M(4096M), 0.019 secs]
2025-10-01T10:09:59.832+0400: [GC (Allocation Failure) 2488M->1529M(4096M), 0.078 secs]
2025-10-01T10:09:59.833+0400: [GC (Allocation Failure) 2488M->2154M(4096M), 0.002 secs]
2025-10-01T10:10:00.343+0400: [Full GC (System.gc()) 2508M->627M(4096M), 0.162 secs]
2025-10-01T10:10:00.850+0400: [GC (Allocation Failure) 2528M->1359M(4096M), 0.050 secs]
2025-10-01T10:10:00.851+0400: [GC (Allocation Failure) 2528M->2399M(4096M), 0.014 secs]
2025-10-01T10:10:01.355+0400: [GC (Allocation Failure) 2548M->2383M(4096M), 0.024 secs]
2025-10-01T10:10:01.865+0400: [GC (Allocation Failure) 2568M->1639M(4096M), 0.087 secs]
2025-10-01T10:10:01.865+0400: [Full GC (System.gc()) 2568M->729M(4096M), 0.220 secs]
2025-10-01T10:10:01.888+0400: [GC (Allocation Failure) 2568M->2416M(4096M), 0.022 secs]
2025-10-01T10:10:02.397+0400: [GC (Allocation Failure) 2436M->2183M(4096M), 0.022 secs]
2025-10-01T10:10:02.905+0400: [GC (Allocation Failure) 2456M->1444M(4096M), 0.069 secs]
2025-10-01T10:10:02.906+0400: [GC (Allocation Failure) 2456M->2195M(4096M), 0.019 secs]
2025-10-01T10:10:03.412+0400: [GC (Allocation Failure) 2478M->2190M(4096M), 0.002 secs]
2025-10-01T10:10:03.913+0400: [GC (Allocation Failure) 2498M->1286M(4096M), 0.050 secs]
2025-10-01T10:10:03.914+0400: [GC (Allocation Failure) 2498M->2167M(4096M), 0.021 secs]
2025-10-01T10:10:04.421+0400: [GC (Allocation Failure) 2518M->2221M(4096M), 0.023 secs]
2025-10-01T10:10:04.925+0400: [GC (Allocation Failure) 2538M->1549M(4096M), 0.086 secs]
2025-10-01T10:10:04.926+0400: [GC (Allocation Failure) 2538M->2293M(4096M), 0.024 secs]
2025-10-01T10:10:05.437+0400: [Full GC (System.gc()) 2558M->1439M(4096M), 0.298 secs]
2025-10-01T10:10:05.947+0400: [GC (Allocation Failure) 2578M->1564M(4096M), 0.085 secs]
2025-10-01T10:10:05.948+0400: [GC (Allocation Failure) 2578M->2322M(4096M), 0.014 secs]
2025-10-01T10:10:06.456+0400: [GC (Allocation Failure) 2598M->2298M(4096M), 0.013 secs]
2025-10-01T10:10:06.962+0400: [GC (Allocation Failure) 2618M->1423M(4096M), 0.053 secs]
2025-10-01T10:10:06.963+0400: [Full GC (System.gc()) 2618M->1261M(4096M), 0.271 secs]
2025-10-01T10:10:07.470+0400: [GC (Allocation Failure) 2638M->2286M(4096M), 0.005 secs]
2025-10-01T10:10:07.974+0400: [GC (Allocation Failure) 2658M->1641M(4096M), 0.094 secs]
2025-10-01T10:10:07.975+0400: [GC (Allocation Failure) 2658M->2329M(4096M), 0.013 secs]
2025-10-01T10:10:08.484+0400: [GC (Allocation Failure) 2678M->2448M(4096M), 0.002 secs]
2025-10-01T10:10:08.994+0400: [GC (Allocation Failure) 2698M->1280M(4096M), 0.050 secs]
2025-10-01T10:10:08.996+0400: [GC (Allocation Failure) 2698M->2403M(4096M), 0.008 secs]
2025-10-01T10:10:09.504+0400: [GC (Allocation Failure) 2718M->2548M(4096M), 0.020 secs]
2025-10-01T10:10:09.528+0400: [GC (Allocation Failure) 2718M->2566M(4096M), 0.023 secs]
2025-10-01T10:10:10.042+0400: [GC (Allocation Failure) 2586M->1424M(4096M), 0.050 secs]
2025-10-01T10:10:10.043+0400: [GC (Allocation Failure) 2586M->2390M(4096M), 0.010 secs]
2025-10-01T10:10:10.552+0400: [Full GC (System.gc()) 2608M->1696M(4096M), 0.160 secs]
2025-10-01T10:10:11.057+0400: [GC (Allocation Failure) 2628M->1673M(4096M), 0.050 secs]
2025-10-01T10:10:11.058+0400: [GC (Allocation Failure) 2628M->2335M(4096M), 0.013 secs]
2025-10-01T10:10:11.564+0400: [GC (Allocation Failure) 2648M->2292M(4096M), 0.008 secs]
2025-10-01T10:10:12.070+0400: [GC (Allocation Failure) 2668M->1066M(4096M), 0.091 secs]
2025-10-01T10:10:12.070+0400: [Full GC (System.gc()) 2668M->1918M(4096M), 0.127 secs]
2025-10-01T10:10:12.573+0400: [GC (Allocation Failure) 2688M->2323M(4096M), 0.012 secs]
2025-10-01T10:10:13.076+0400: [GC (Allocation Failure) 2708M->961M(4096M), 0.050 secs]
2025-10-01T10:10:13.076+0400: [GC (Allocation Failure) 2708M->2398M(4096M), 0.018 secs]
2025-10-01T10:10:13.584+0400: [GC (Allocation Failure) 2728M->2548M(4096M), 0.019 secs]
2025-10-01T10:10:14.092+0400: [GC (Allocation Failure) 2748M->1778M(4096M), 0.050 secs]
2025-10-01T10:10:14.093+0400: [GC (Allocation Failure) 2748M->2545M(4096M), 0.002 secs]
2025-10-01T10:10:14.603+0400: [GC (Allocation Failure) 2768M->2609M(4096M), 0.007 secs]
2025-10-01T10:10:15.112+0400: [GC (Allocation Failure) 2788M->1637M(4096M), 0.050 secs]
2025-10-01T10:10:15.113+0400: [GC (Allocation Failure) 2788M->2512M(4096M), 0.023 secs]
2025-10-01T10:10:15.620+0400: [Full GC (System.gc()) 2808M->796M(4096M), 0.296 secs]
2025-10-01T10:10:16.130+0400: [GC (Allocation Failure) 2828M->948M(4096M), 0.050 secs]
2025-10-01T10:10:16.131+0400: [GC (Allocation Failure) 2828M->2638M(4096M), 0.002 secs]
2025-10-01T10:10:16.641+0400: [GC (Allocation Failure) 2848M->2439M(4096M), 0.013 secs]
2025-10-01T10:10:17.149+0400: [GC (Allocation Failure) 2868M->1683M(4096M), 0.063 secs]
2025-10-01T10:10:17.150+0400: [Full GC (System.gc()) 2868M->975M(4096M), 0.265 secs]
2025-10-01T10:10:17.173+0400: [GC (Allocation Failure) 2868M->2716M(4096M), 0.022 secs]
2025-10-01T10:10:17.685+0400: [GC (Allocation Failure) 2736M->2477M(4096M), 0.004 secs]
2025-10-01T10:10:18.196+0400: [GC (Allocation Failure) 2756M->1451M(4096M), 0.050 secs]
2025-10-01T10:10:18.197+0400: [GC (Allocation Failure) 2756M->2518M(4096M), 0.003 secs]
2025-10-01T10:10:18.704+0400: [GC (Allocation Failure) 2778M->2596M(4096M), 0.021 secs]
2025-10-01T10:10:19.214+0400: [GC (Allocation Failure) 2798M->1099M(4096M), 0.050 secs]
2025-10-01T10:10:19.215+0400: [GC (Allocation Failure) 2798M->2419M(4096M), 0.014 secs]
2025-10-01T10:10:19.726+0400: [GC (Allocation Failure) 2818M->2494M(4096M), 0.021 secs]
2025-10-01T10:10:20.244+0400: [GC (Allocation Failure) 2838M->1346M(4096M), 0.082 secs]
2025-10-01T10:10:20.245+0400: [GC (Allocation Failure) 2838M->2622M(4096M), 0.024 secs]
2025-10-01T10:10:20.759+0400: [Full GC (System.gc()) 2858M->1960M(4096M), 0.136 secs]
2025-10-01T10:10:21.268+0400: [GC (Allocation Failure) 2878M->1627M(4096M), 0.095 secs]
2025-10-01T10:10:21.269+0400: [GC (Allocation Failure) 2878M->2539M(4096M), 0.021 secs]
2025-10-01T10:10:21.776+0400: [GC (Allocation Failure) 2898M->2603M(4096M), 0.018 secs]
2025-10-01T10:10:22.285+0400: [GC (Allocation Failure) 2918M->1055M(4096M), 0.062 secs]
2025-10-01T10:10:22.286+0400: [Full GC (System.gc()) 2918M->1802M(4096M), 0.198 secs]
2025-10-01T10:10:22.796+0400: [GC (Allocation Failure) 2938M->2722M(4096M), 0.015 secs]
2025-10-01T10:10:23.305+0400: [GC (Allocation Failure) 2958M->1818M(4096M), 0.050 secs]
2025-10-01T10:10:23.306+0400: [GC (Allocation Failure) 2958M->2747M(4096M), 0.011 secs]
2025-10-01T10:10:23.815+0400: [GC (Allocation Failure) 2978M->2757M(4096M), 0.022 secs]
2025-10-01T10:10:24.323+0400: [GC (Allocation Failure) 2998M->1084M(4096M), 0.050 secs]
2025-10-01T10:10:24.324+0400: [GC (Allocation Failure) 2998M->2634M(4096M), 0.022 secs]
2025-10-01T10:10:24.833+0400: [GC (Allocation Failure) 3018M->2743M(4096M), 0.006 secs]
2025-10-01T10:10:24.854+0400: [GC (Allocation Failure) 3018M->2866M(4096M), 0.020 secs]
2025-10-01T10:10:25.369+0400: [GC (Allocation Failure) 2886M->1815M(4096M), 0.051 secs]
2025-10-01T10:10:25.370+0400: [GC (Allocation Failure) 2886M->2727M(4096M), 0.012 secs]
2025-10-01T10:10:25.876+0400: [Full GC (System.gc()) 2922M->1613M(4096M), 0.161 secs]
2025-10-01T10:10:26.383+0400: [GC (Allocation Failure) 2942M->1249M(4096M), 0.050 secs]
2025-10-01T10:10:26.384+0400: [GC (Allocation Failure) 2942M->2649M(4096M), 0.019 secs]
2025-10-01T10:10:26.890+0400: [GC (Allocation Failure) 2962M->2575M(4096M), 0.005 secs]
2025-10-01T10:10:27.399+0400: [GC (Allocation Failure) 2982M->1808M(4096M), 0.080 secs]
2025-10-01T10:10:27.399+0400: [Full GC (System.gc()) 2982M->894M(4096M), 0.293 secs]
2025-10-01T10:10:27.909+0400: [GC (Allocation Failure) 3002M->2813M(4096M), 0.008 secs]
2025-10-01T10:10:28.415+0400: [GC (Allocation Failure) 3022M->1250M(4096M), 0.050 secs]
2025-10-01T10:10:28.416+0400: [GC (Allocation Failure) 3022M->2750M(4096M), 0.005 secs]
2025-10-01T10:10:28.922+0400: [GC (Allocation Failure) 3042M->2795M(4096M), 0.018 secs]
2025-10-01T10:10:29.424+0400: [GC (Allocation Failure) 3062M->1553M(4096M), 0.090 secs]
2025-10-01T10:10:29.424+0400: [GC (Allocation Failure) 3062M->2728M(4096M), 0.004 secs]
2025-10-01T10:10:29.929+0400: [GC (Allocation Failure) 3082M->2653M(4096M), 0.021 secs]
2025-10-01T10:10:30.437+0400: [GC (Allocation Failure) 3150M->1726M(4096M), 0.066 secs]
2025-10-01T10:10:30.439+0400: [GC (Allocation Failure) 3152M->2708M(4096M), 0.007 secs]
2025-10-01T10:10:30.941+0400: [Full GC (System.gc()) 3196M->1417M(4096M), 0.109 secs]
2025-10-01T10:10:31.448+0400: [GC (Allocation Failure) 3280M->2137M(4096M), 0.050 secs]
2025-10-01T10:10:31.448+0400: [GC (Allocation Failure) 3280M->2997M(4096M), 0.018 secs]
2025-10-01T10:10:31.955+0400: [GC (Allocation Failure) 3356M->3106M(4096M), 0.013 secs]
2025-10-01T10:10:32.463+0400: [GC (Allocation Failure) 3426M->2235M(4096M), 0.050 secs]
2025-10-01T10:10:32.464+0400: [Full GC (System.gc()) 3426M->1244M(4096M), 0.197 secs]
2025-10-01T10:10:32.492+0400: [GC (Allocation Failure) 3426M->3027M(4096M), 0.027 secs]
2025-10-01T10:10:32.998+0400: [GC (Allocation Failure) 3101M->2686M(4096M), 0.013 secs]
2025-10-01T10:10:33.507+0400: [GC (Allocation Failure) 3173M->1105M(4096M), 0.055 secs]
2025-10-01T10:10:33.508+0400: [GC (Allocation Failure) 3173M->2702M(4096M), 0.023 secs]
2025-10-01T10:10:34.014+0400: [GC (Allocation Failure) 3247M->2857M(4096M), 0.024 secs]
2025-10-01T10:10:34.520+0400: [GC (Allocation Failure) 3317M->1423M(4096M), 0.060 secs]
2025-10-01T10:10:34.521+0400: [GC (Allocation Failure) 3317M->3129M(4096M), 0.016 secs]
2025-10-01T10:10:35.028+0400: [GC (Allocation Failure) 3385M->3094M(4096M), 0.021 secs]
2025-10-01T10:10:35.536+0400: [GC (Allocation Failure) 3405M->1584M(4096M), 0.050 secs]
2025-10-01T10:10:35.537+0400: [GC (Allocation Failure) 3405M->3019M(4096M), 0.018 secs]
2025-10-01T10:10:36.046+0400: [Full GC (System.gc()) 3425M->1572M(4096M), 0.102 secs]
2025-10-01T10:10:36.556+0400: [GC (Allocation Failure) 3445M->1346M(4096M), 0.050 secs]
2025-10-01T10:10:36.556+0400: [GC (Allocation Failure) 3445M->3150M(4096M), 0.002 secs]
2025-10-01T10:10:37.065+0400: [GC (Allocation Failure) 3465M->3198M(4096M), 0.002 secs]
2025-10-01T10:10:37.575+0400: [GC (Allocation Failure) 3485M->1313M(4096M), 0.087 secs]
2025-10-01T10:10:37.575+0400: [Full GC (System.gc()) 3485M->1065M(4096M), 0.286 secs]
2025-10-01T10:10:38.084+0400: [GC (Allocation Failure) 3505M->3141M(4096M), 0.020 secs]
2025-10-01T10:10:38.593+0400: [GC (Allocation Failure) 3525M->1884M(4096M), 0.071 secs]
2025-10-01T10:10:38.594+0400: [GC (Allocation Failure) 3525M->3236M(4096M), 0.002 secs]
2025-10-01T10:10:39.103+0400: [GC (Allocation Failure) 3545M->3360M(4096M), 0.024 secs]
2025-10-01T10:10:39.607+0400: [GC (Allocation Failure) 3565M->2360M(4096M), 0.050 secs]
2025-10-01T10:10:39.607+0400: [GC (Allocation Failure) 3565M->3053M(4096M), 0.012 secs]
2025-10-01T10:10:40.116+0400: [GC (Allocation Failure) 3585M->3236M(4096M), 0.013 secs]
2025-10-01T10:10:40.138+0400: [GC (Allocation Failure) 3585M->3166M(4096M), 0.022 secs]
2025-10-01T10:10:40.647+0400: [GC (Allocation Failure) 3186M->1788M(4096M), 0.050 secs]
2025-10-01T10:10:40.647+0400: [GC (Allocation Failure) 3186M->3010M(4096M), 0.004 secs]
2025-10-01T10:10:41.152+0400: [Full GC (System.gc()) 3206M->872M(4096M), 0.231 secs]
2025-10-01T10:10:41.669+0400: [GC (Allocation Failure) 3242M->1989M(4096M), 0.051 secs]
2025-10-01T10:10:41.670+0400: [GC (Allocation Failure) 3242M->2891M(4096M), 0.002 secs]
2025-10-01T10:10:42.180+0400: [GC (Allocation Failure) 3262M->2855M(4096M), 0.009 secs]
2025-10-01T10:10:42.687+0400: [GC (Allocation Failure) 3282M->1606M(4096M), 0.096 secs]
2025-10-01T10:10:42.688+0400: [Full GC (System.gc()) 3282M->871M(4096M), 0.262 secs]
2025-10-01T10:10:43.194+0400: [GC (Allocation Failure) 3316M->2965M(4096M), 0.022 secs]
2025-10-01T10:10:43.696+0400: [GC (Allocation Failure) 3336M->1325M(4096M), 0.056 secs]
2025-10-01T10:10:43.696+0400: [GC (Allocation Failure) 3336M->3061M(4096M), 0.017 secs]
2025-10-01T10:10:44.203+0400: [GC (Allocation Failure) 3356M->2956M(4096M), 0.002 secs]
2025-10-01T10:10:44.707+0400: [GC (Allocation Failure) 3376M->2023M(4096M), 0.050 secs]
2025-10-01T10:10:44.708+0400: [GC (Allocation Failure) 3376M->3032M(4096M), 0.022 secs]
2025-10-01T10:10:45.213+0400: [GC (Allocation Failure) 3412M->3166M(4096M), 0.002 secs]
2025-10-01T10:10:45.717+0400: [GC (Allocation Failure) 3432M->1664M(4096M), 0.076 secs]
2025-10-01T10:10:45.717+0400: [GC (Allocation Failure) 3432M->3214M(4096M), 0.006 secs]
2025-10-01T10:10:46.226+0400: [Full GC (System.gc()) 3452M->1936M(4096M), 0.178 secs]
2025-10-01T10:10:46.733+0400: [GC (Allocation Failure) 3472M->1529M(4096M), 0.080 secs]
2025-10-01T10:10:46.733+0400: [GC (Allocation Failure) 3472M->3094M(4096M), 0.002 secs]
2025-10-01T10:10:47.238+0400: [GC (Allocation Failure) 3492M->3287M(4096M), 0.009 secs]
2025-10-01T10:10:47.743+0400: [GC (Allocation Failure) 3512M->1611M(4096M), 0.050 secs]
2025-10-01T10:10:47.744+0400: [Full GC (System.gc()) 3512M->1695M(4096M), 0.206 secs]
2025-10-01T10:10:47.768+0400: [GC (Allocation Failure) 3512M->3316M(4096M), 0.024 secs]
2025-10-01T10:10:48.280+0400: [GC (Allocation Failure) 3336M->3092M(4096M), 0.003 secs]
2025-10-01T10:10:48.786+0400: [GC (Allocation Failure) 3358M->1724M(4096M), 0.055 secs]
2025-10-01T10:10:48.787+0400: [GC (Allocation Failure) 3358M->2960M(4096M), 0.008 secs]
2025-10-01T10:10:49.296+0400: [GC (Allocation Failure) 3378M->3052M(4096M), 0.022 secs]
2025-10-01T10:10:49.803+0400: [GC (Allocation Failure) 3398M->2252M(4096M), 0.050 secs]
2025-10-01T10:10:49.804+0400: [GC (Allocation Failure) 3398M->2899M(4096M), 0.011 secs]
2025-10-01T10:10:50.314+0400: [GC (Allocation Failure) 3418M->3075M(4096M), 0.014 secs]
2025-10-01T10:10:50.818+0400: [GC (Allocation Failure) 3438M->1602M(4096M), 0.050 secs]
2025-10-01T10:10:50.818+0400: [GC (Allocation Failure) 3438M->3093M(4096M), 0.022 secs]
2025-10-01T10:10:51.329+0400: [Full GC (System.gc()) 3458M->878M(4096M), 0.207 secs]
2025-10-01T10:10:51.835+0400: [GC (Allocation Failure) 3478M->2272M(4096M), 0.073 secs]
2025-10-01T10:10:51.836+0400: [GC (Allocation Failure) 3478M->3080M(4096M), 0.021 secs]
2025-10-01T10:10:52.359+0400: [GC (Allocation Failure) 3498M->3060M(4096M), 0.017 secs]
2025-10-01T10:10:52.867+0400: [GC (Allocation Failure) 3518M->1960M(4096M), 0.050 secs]
2025-10-01T10:10:52.868+0400: [Full GC (System.gc()) 3518M->1530M(4096M), 0.252 secs]
2025-10-01T10:10:53.371+0400: [GC (Allocation Failure) 3538M->3247M(4096M), 0.008 secs]
2025-10-01T10:10:53.878+0400: [GC (Allocation Failure) 3558M->1961M(4096M), 0.050 secs]
2025-10-01T10:10:53.879+0400: [GC (Allocation Failure) 3558M->3256M(4096M), 0.010 secs]
2025-10-01T10:10:54.384+0400: [GC (Allocation Failure) 3578M->3132M(4096M), 0.010 secs]
2025-10-01T10:10:54.892+0400: [GC (Allocation Failure) 3598M->1210M(4096M), 0.099 secs]
2025-10-01T10:10:54.893+0400: [GC (Allocation Failure) 3598M->3140M(4096M), 0.005 secs]
2025-10-01T10:10:55.397+0400: [GC (Allocation Failure) 3618M->3397M(4096M), 0.012 secs]
2025-10-01T10:10:55.416+0400: [GC (Allocation Failure) 3618M->3466M(4096M), 0.019 secs]
2025-10-01T10:10:55.928+0400: [GC (Allocation Failure) 3486M->1270M(4096M), 0.050 secs]
2025-10-01T10:10:55.929+0400: [GC (Allocation Failure) 3486M->3065M(4096M), 0.015 secs]
2025-10-01T10:10:56.440+0400: [Full GC (System.gc()) 3506M->885M(4096M), 0.107 secs]
2025-10-01T10:10:56.947+0400: [GC (Allocation Failure) 3528M->1414M(4096M), 0.079 secs]
2025-10-01T10:10:56.948+0400: [GC (Allocation Failure) 3528M->3197M(4096M), 0.014 secs]
2025-10-01T10:10:57.452+0400: [GC (Allocation Failure) 3548M->3338M(4096M), 0.012 secs]
2025-10-01T10:10:57.959+0400: [GC (Allocation Failure) 3568M->1939M(4096M), 0.084 secs]
2025-10-01T10:10:57.959+0400: [Full GC (System.gc()) 3568M->1793M(4096M), 0.109 secs]
2025-10-01T10:10:58.463+0400: [GC (Allocation Failure) 3588M->3160M(4096M), 0.013 secs]
2025-10-01T10:10:58.968+0400: [GC (Allocation Failure) 3608M->2090M(4096M), 0.077 secs]
2025-10-01T10:10:58.968+0400: [GC (Allocation Failure) 3608M->3275M(4096M), 0.003 secs]
2025-10-01T10:10:59.479+0400: [GC (Allocation Failure) 3628M->3285M(4096M), 0.010 secs]
2025-10-01T10:10:59.989+0400: [GC (Allocation Failure) 3648M->1340M(4096M), 0.064 secs]
2025-10-01T10:10:59.990+0400: [GC (Allocation Failure) 3648M->3202M(4096M), 0.011 secs]
2025-10-01T10:11:00.500+0400: [GC (Allocation Failure) 3668M->3188M(4096M), 0.021 secs]
2025-10-01T10:11:01.006+0400: [GC (Allocation Failure) 3688M->1252M(4096M), 0.066 secs]
2025-10-01T10:11:01.006+0400: [GC (Allocation Failure) 3688M->3206M(4096M), 0.009 secs]
2025-10-01T10:11:01.513+0400: [Full GC (System.gc()) 3708M->1596M(4096M), 0.205 secs]
2025-10-01T10:11:02.023+0400: [GC (Allocation Failure) 3728M->2064M(4096M), 0.050 secs]
2025-10-01T10:11:02.024+0400: [GC (Allocation Failure) 3728M->3446M(4096M), 0.016 secs]
2025-10-01T10:11:02.533+0400: [GC (Allocation Failure) 3748M->3438M(4096M), 0.012 secs]
2025-10-01T10:11:03.040+0400: [GC (Allocation Failure) 3768M->1874M(4096M), 0.050 secs]
2025-10-01T10:11:03.041+0400: [Full GC (System.gc()) 3768M->1077M(4096M), 0.247 secs]
2025-10-01T10:11:03.062+0400: [GC (Allocation Failure) 3768M->3616M(4096M), 0.021 secs]
2025-10-01T10:11:03.574+0400: [GC (Allocation Failure) 3636M->3331M(4096M), 0.011 secs]
2025-10-01T10:11:04.083+0400: [GC (Allocation Failure) 3658M->2368M(4096M), 0.050 secs]
2025-10-01T10:11:04.083+0400: [GC (Allocation Failure) 3658M->3397M(4096M), 0.023 secs]
2025-10-01T10:11:04.594+0400: [GC (Allocation Failure) 3678M->3465M(4096M), 0.016 secs]
2025-10-01T10:11:05.101+0400: [GC (Allocation Failure) 3698M->2196M(4096M), 0.097 secs]
2025-10-01T10:11:05.101+0400: [GC (Allocation Failure) 3698M->3508M(4096M), 0.019 secs]
2025-10-01T10:11:05.622+0400: [GC (Allocation Failure) 3718M->3232M(4096M), 0.017 secs]
2025-10-01T10:11:06.133+0400: [GC (Allocation Failure) 3738M->1572M(4096M), 0.077 secs]
2025-10-01T10:11:06.134+0400: [GC (Allocation Failure) 3738M->3514M(4096M), 0.017 secs]
2025-10-01T10:11:06.646+0400: [Full GC (System.gc()) 3758M->2037M(4096M), 0.279 secs]
2025-10-01T10:11:07.157+0400: [GC (Allocation Failure) 3778M->2137M(4096M), 0.050 secs]
2025-10-01T10:11:07.157+0400: [GC (Allocation Failure) 3778M->3526M(4096M), 0.017 secs]
2025-10-01T10:11:07.666+0400: [GC (Allocation Failure) 3798M->3257M(4096M), 0.006 secs]
2025-10-01T10:11:08.176+0400: [GC (Allocation Failure) 3818M->1291M(4096M), 0.091 secs]
2025-10-01T10:11:08.176+0400: [Full GC (System.gc()) 3818M->1448M(4096M), 0.136 secs]
2025-10-01T10:11:08.681+0400: [GC (Allocation Failure) 3838M->3323M(4096M), 0.012 secs]
2025-10-01T10:11:09.189+0400: [GC (Allocation Failure) 3858M->2184M(4096M), 0.093 secs]
2025-10-01T10:11:09.189+0400: [GC (Allocation Failure) 3858M->3531M(4096M), 0.021 secs]
2025-10-01T10:11:09.695+0400: [GC (Allocation Failure) 3878M->3649M(4096M), 0.007 secs]
2025-10-01T10:11:10.203+0400: [GC (Allocation Failure) 3898M->2488M(4096M), 0.099 secs]
2025-10-01T10:11:10.203+0400: [GC (Allocation Failure) 3898M->3379M(4096M), 0.004 secs]
2025-10-01T10:11:10.711+0400: [GC (Allocation Failure) 3918M->3368M(4096M), 0.006 secs]
2025-10-01T10:11:10.732+0400: [GC (Allocation Failure) 3918M->3766M(4096M), 0.021 secs]
2025-10-01T10:11:11.242+0400: [GC (Allocation Failure) 3786M->2291M(4096M), 0.050 secs]
2025-10-01T10:11:11.242+0400: [GC (Allocation Failure) 3786M->3583M(4096M), 0.020 secs]
2025-10-01T10:11:11.747+0400: [Full GC (System.gc()) 3806M->1732M(4096M), 0.179 secs]
2025-10-01T10:11:12.256+0400: [GC (Allocation Failure) 3828M->2144M(4096M), 0.074 secs]
2025-10-01T10:11:12.256+0400: [GC (Allocation Failure) 3828M->3568M(4096M), 0.015 secs]
2025-10-01T10:11:12.768+0400: [GC (Allocation Failure) 3848M->3343M(4096M), 0.011 secs]
2025-10-01T10:11:13.276+0400: [GC (Allocation Failure) 3868M->2379M(4096M), 0.050 secs]
2025-10-01T10:11:13.276+0400: [Full GC (System.gc()) 3868M->2301M(4096M), 0.137 secs]
2025-10-01T10:11:13.784+0400: [GC (Allocation Failure) 3888M->3365M(4096M), 0.018 secs]
2025-10-01T10:11:14.294+0400: [GC (Allocation Failure) 3908M->2467M(4096M), 0.050 secs]
2025-10-01T10:11:14.294+0400: [GC (Allocation Failure) 3908M->3420M(4096M), 0.003 secs]
2025-10-01T10:11:14.803+0400: [GC (Allocation Failure) 3928M->3690M(4096M), 0.021 secs]
2025-10-01T10:11:15.307+0400: [GC (Allocation Failure) 3948M->1664M(4096M), 0.080 secs]
2025-10-01T10:11:15.308+0400: [GC (Allocation Failure) 3948M->3511M(4096M), 0.013 secs]
2025-10-01T10:11:15.814+0400: [GC (Allocation Failure) 3968M->3689M(4096M), 0.011 secs]
2025-10-01T10:11:16.321+0400: [GC (Allocation Failure) 3988M->1607M(4096M), 0.050 secs]
2025-10-01T10:11:16.321+0400: [GC (Allocation Failure) 3988M->3778M(4096M), 0.013 secs]
2025-10-01T10:11:16.827+0400: [Full GC (System.gc()) 4008M->2993M(4096M), 0.165 secs]
2025-10-01T10:11:17.330+0400: [GC (Allocation Failure) 4028M->1912M(4096M), 0.050 secs]
2025-10-01T10:11:17.330+0400: [GC (Allocation Failure) 4028M->3585M(4096M), 0.013 secs]
2025-10-01T10:11:17.841+0400: [GC (Allocation Failure) 4048M->3614M(4096M), 0.013 secs]
2025-10-01T10:11:18.350+0400: [GC (Allocation Failure) 4068M->2609M(4096M), 0.050 secs]
2025-10-01T10:11:18.350+0400: [Full GC (System.gc()) 4068M->2869M(4096M), 0.100 secs]
2025-10-01T10:11:18.369+0400: [GC (Allocation Failure) 4068M->3916M(4096M), 0.019 secs]
2025-10-01T10:11:18.884+0400: [GC (Allocation Failure) 3936M->3607M(4096M), 0.012 secs]
2025-10-01T10:11:19.392+0400: [GC (Allocation Failure) 3956M->1912M(4096M), 0.050 secs]
2025-10-01T10:11:19.392+0400: [GC (Allocation Failure) 3956M->3440M(4096M), 0.024 secs]
2025-10-01T10:11:19.900+0400: [GC (Allocation Failure) 3976M->3391M(4096M), 0.023 secs]
2025-10-01T10:11:20.404+0400: [GC (Allocation Failure) 3996M->2099M(4096M), 0.050 secs]
2025-10-01T10:11:20.404+0400: [GC (Allocation Failure) 3996M->3442M(4096M), 0.014 secs]
2025-10-01T10:11:20.907+0400: [GC (Allocation Failure) 4016M->3577M(4096M), 0.023 secs]
2025-10-01T10:11:21.412+0400: [GC (Allocation Failure) 4036M->1994M(4096M), 0.076 secs]
2025-10-01T10:11:21.413+0400: [GC (Allocation Failure) 4036M->3799M(4096M), 0.005 secs]
2025-10-01T10:11:21.916+0400: [Full GC (System.gc()) 4056M->1760M(4096M), 0.133 secs]
2025-10-01T10:11:22.429+0400: [GC (Allocation Failure) 4076M->1673M(4096M), 0.050 secs]
2025-10-01T10:11:22.429+0400: [GC (Allocation Failure) 4076M->3797M(4096M), 0.009 secs]
2025-10-01T10:11:22.935+0400: [GC (Allocation Failure) 4018M->3732M(4096M), 0.003 secs]
2025-10-01T10:11:23.438+0400: [GC (Allocation Failure) 4038M->1504M(4096M), 0.050 secs]
2025-10-01T10:11:23.438+0400: [Full GC (System.gc()) 4038M->2300M(4096M), 0.198 secs]
2025-10-01T10:11:23.946+0400: [GC (Allocation Failure) 4058M->3751M(4096M), 0.002 secs]
2025-10-01T10:11:24.453+0400: [GC (Allocation Failure) 4078M->2469M(4096M), 0.073 secs]
2025-10-01T10:11:24.453+0400: [GC (Allocation Failure) 4078M->3723M(4096M), 0.012 secs]
2025-10-01T10:11:24.964+0400: [GC (Allocation Failure) 4056M->3757M(4096M), 0.022 secs]
2025-10-01T10:11:25.469+0400: [GC (Allocation Failure) 4076M->1820M(4096M), 0.087 secs]
2025-10-01T10:11:25.470+0400: [GC (Allocation Failure) 4076M->3775M(4096M), 0.016 secs]
2025-10-01T10:11:25.980+0400: [GC (Allocation Failure) 4076M->3504M(4096M), 0.019 secs]
2025-10-01T10:11:26.002+0400: [GC (Allocation Failure) 4076M->4065M(4096M), 0.021 secs]
2025-10-01T10:11:26.555+0400: [GC (Allocation Failure) 4085M->1847M(4096M), 0.091 secs]
2025-10-01T10:11:26.555+0400: [GC (Allocation Failure) 4085M->3554M(4096M), 0.002 secs]
2025-10-01T10:11:27.170+0400: [GC (Allocation Failure) 4095M->5M(4096M), 0.010 secs]
2025-10-01T10:12:56.936+0400: [Full GC (System.gc()) 133M->409M(4096M), 0.216 secs]
2025-10-01T10:12:57.948+0400: [GC (Allocation Failure) 173M->409M(4096M), 0.013 secs]
2025-10-01T10:12:58.451+0400: [GC (Allocation Failure) 207M->409M(4096M), 0.008 secs]
2025-10-01T10:12:58.959+0400: [GC (Allocation Failure) 227M->409M(4096M), 0.007 secs]
2025-10-01T10:12:59.973+0400: [GC (Allocation Failure) 154M->409M(4096M), 0.046 secs]
2025-10-01T10:13:00.980+0400: [Full GC (System.gc()) 214M->409M(4096M), 0.285 secs]
2025-10-01T10:13:00.980+0400: [GC (Allocation Failure) 214M->409M(4096M), 0.010 secs]
2025-10-01T10:13:01.993+0400: [GC (Allocation Failure) 189M->409M(4096M), 0.043 secs]
2025-10-01T10:13:03.002+0400: [GC (Allocation Failure) 251M->409M(4096M), 0.019 secs]
2025-10-01T10:13:03.509+0400: [GC (Allocation Failure) 216M->409M(4096M), 0.023 secs]
2025-10-01T10:13:03.527+0400: [GC (Allocation Failure) 216M->173M(4096M), 0.018 secs]
2025-10-01T10:13:04.030+0400: [Full GC (System.gc()) 204M->409M(4096M), 0.283 secs]
2025-10-01T10:13:05.042+0400: [GC (Allocation Failure) 262M->409M(4096M), 0.020 secs]
2025-10-01T10:13:06.055+0400: [GC (Allocation Failure) 324M->409M(4096M), 0.015 secs]
2025-10-01T10:13:06.058+0400: [GC (Allocation Failure) 324M->409M(4096M), 0.006 secs]
2025-10-01T10:13:07.073+0400: [GC (Allocation Failure) 312M->409M(4096M), 0.015 secs]
2025-10-01T10:13:08.088+0400: [Full GC (System.gc()) 363M->409M(4096M), 0.170 secs]
2025-10-01T10:13:08.592+0400: [GC (Allocation Failure) 341M->409M(4096M), 0.005 secs]
2025-10-01T10:13:09.099+0400: [GC (Allocation Failure) 371M->409M(4096M), 0.002 secs]
2025-10-01T10:13:10.114+0400: [GC (Allocation Failure) 397M->409M(4096M), 0.018 secs]
2025-10-01T10:13:11.133+0400: [GC (Allocation Failure) 457M->409M(4096M), 0.029 secs]
2025-10-01T10:13:11.134+0400: [Full GC (System.gc()) 457M->409M(4096M), 0.234 secs]
2025-10-01T10:13:11.154+0400: [GC (Allocation Failure) 457M->323M(4096M), 0.020 secs]
2025-10-01T10:13:12.170+0400: [GC (Allocation Failure) 382M->409M(4096M), 0.011 secs]
2025-10-01T10:13:13.184+0400: [GC (Allocation Failure) 444M->409M(4096M), 0.023 secs]
2025-10-01T10:13:13.692+0400: [GC (Allocation Failure) 474M->431M(4096M), 0.012 secs]
2025-10-01T10:13:14.197+0400: [GC (Allocation Failure) 506M->480M(4096M), 0.002 secs]
2025-10-01T10:13:15.211+0400: [Full GC (System.gc()) 566M->409M(4096M), 0.105 secs]
2025-10-01T10:13:16.218+0400: [GC (Allocation Failure) 550M->473M(4096M), 0.010 secs]
2025-10-01T10:13:16.219+0400: [GC (Allocation Failure) 550M->514M(4096M), 0.007 secs]
2025-10-01T10:13:17.229+0400: [GC (Allocation Failure) 612M->549M(4096M), 0.038 secs]
2025-10-01T10:13:18.243+0400: [GC (Allocation Failure) 518M->451M(4096M), 0.005 secs]
2025-10-01T10:13:18.747+0400: [Full GC (System.gc()) 548M->409M(4096M), 0.229 secs]
2025-10-01T10:13:18.769+0400: [GC (Allocation Failure) 548M->473M(4096M), 0.022 secs]
2025-10-01T10:13:19.279+0400: [GC (Allocation Failure) 503M->409M(4096M), 0.048 secs]
2025-10-01T10:13:20.292+0400: [GC (Allocation Failure) 563M->510M(4096M), 0.015 secs]
2025-10-01T10:13:21.303+0400: [GC (Allocation Failure) 625M->580M(4096M), 0.004 secs]
2025-10-01T10:13:21.303+0400: [GC (Allocation Failure) 625M->527M(4096M), 0.040 secs]
2025-10-01T10:13:22.322+0400: [Full GC (System.gc()) 685M->409M(4096M), 0.148 secs]
2025-10-01T10:13:23.339+0400: [GC (Allocation Failure) 747M->648M(4096M), 0.013 secs]
2025-10-01T10:13:23.847+0400: [GC (Allocation Failure) 777M->641M(4096M), 0.043 secs]
2025-10-01T10:13:24.355+0400: [GC (Allocation Failure) 809M->742M(4096M), 0.005 secs]
2025-10-01T10:13:25.368+0400: [GC (Allocation Failure) 740M->650M(4096M), 0.004 secs]
2025-10-01T10:13:26.380+0400: [Full GC (System.gc()) 800M->409M(4096M), 0.126 secs]
2025-10-01T10:13:26.381+0400: [GC (Allocation Failure) 800M->727M(4096M), 0.008 secs]
2025-10-01T10:13:26.402+0400: [GC (Allocation Failure) 800M->623M(4096M), 0.021 secs]
2025-10-01T10:13:27.417+0400: [GC (Allocation Failure) 683M->589M(4096M), 0.006 secs]
2025-10-01T10:13:28.429+0400: [GC (Allocation Failure) 743M->604M(4096M), 0.046 secs]
2025-10-01T10:13:28.936+0400: [GC (Allocation Failure) 773M->660M(4096M), 0.024 secs]
2025-10-01T10:13:29.441+0400: [Full GC (System.gc()) 805M->409M(4096M), 0.242 secs]
2025-10-01T10:13:30.454+0400: [GC (Allocation Failure) 867M->654M(4096M), 0.032 secs]
2025-10-01T10:13:31.472+0400: [GC (Allocation Failure) 927M->848M(4096M), 0.002 secs]
2025-10-01T10:13:31.473+0400: [GC (Allocation Failure) 927M->846M(4096M), 0.017 secs]
2025-10-01T10:13:32.492+0400: [GC (Allocation Failure) 989M->881M(4096M), 0.009 secs]
2025-10-01T10:13:33.509+0400: [Full GC (System.gc()) 1051M->514M(4096M), 0.147 secs]
2025-10-01T10:13:34.014+0400: [GC (Allocation Failure) 1081M->935M(4096M), 0.019 secs]
2025-10-01T10:13:34.035+0400: [GC (Allocation Failure) 1081M->773M(4096M), 0.019 secs]
2025-10-01T10:13:34.545+0400: [GC (Allocation Failure) 804M->626M(4096M), 0.005 secs]
2025-10-01T10:13:35.558+0400: [GC (Allocation Failure) 863M->749M(4096M), 0.005 secs]
2025-10-01T10:13:36.573+0400: [GC (Allocation Failure) 923M->865M(4096M), 0.012 secs]
2025-10-01T10:13:36.573+0400: [Full GC (System.gc()) 923M->409M(4096M), 0.254 secs]
2025-10-01T10:13:37.588+0400: [GC (Allocation Failure) 985M->892M(4096M), 0.002 secs]
2025-10-01T10:13:38.597+0400: [GC (Allocation Failure) 1045M->938M(4096M), 0.009 secs]
2025-10-01T10:13:39.106+0400: [GC (Allocation Failure) 1075M->860M(4096M), 0.018 secs]
2025-10-01T10:13:39.614+0400: [GC (Allocation Failure) 1107M->1022M(4096M), 0.018 secs]
2025-10-01T10:13:40.625+0400: [Full GC (System.gc()) 1167M->448M(4096M), 0.193 secs]
2025-10-01T10:13:41.641+0400: [GC (Allocation Failure) 1227M->965M(4096M), 0.005 secs]
2025-10-01T10:13:41.642+0400: [GC (Allocation Failure) 1227M->1138M(4096M), 0.004 secs]
2025-10-01T10:13:41.667+0400: [GC (Allocation Failure) 1227M->923M(4096M), 0.025 secs]
2025-10-01T10:13:42.682+0400: [GC (Allocation Failure) 980M->845M(4096M), 0.024 secs]
2025-10-01T10:13:43.696+0400: [GC (Allocation Failure) 1042M->887M(4096M), 0.021 secs]
2025-10-01T10:13:44.203+0400: [Full GC (System.gc()) 1072M->511M(4096M), 0.230 secs]
2025-10-01T10:13:44.710+0400: [GC (Allocation Failure) 1102M->1000M(4096M), 0.004 secs]
2025-10-01T10:13:45.720+0400: [GC (Allocation Failure) 1162M->854M(4096M), 0.045 secs]
2025-10-01T10:13:46.741+0400: [GC (Allocation Failure) 1224M->1138M(4096M), 0.016 secs]
2025-10-01T10:13:46.741+0400: [GC (Allocation Failure) 1224M->1087M(4096M), 0.014 secs]
2025-10-01T10:13:47.757+0400: [Full GC (System.gc()) 1284M->499M(4096M), 0.210 secs]
2025-10-01T10:13:48.773+0400: [GC (Allocation Failure) 1346M->1201M(4096M), 0.005 secs]
2025-10-01T10:13:49.281+0400: [GC (Allocation Failure) 1376M->1268M(4096M), 0.016 secs]
2025-10-01T10:13:49.303+0400: [GC (Allocation Failure) 1376M->1073M(4096M), 0.022 secs]
2025-10-01T10:13:49.813+0400: [GC (Allocation Failure) 1104M->984M(4096M), 0.047 secs]
2025-10-01T10:13:50.822+0400: [GC (Allocation Failure) 1159M->1042M(4096M), 0.007 secs]
2025-10-01T10:13:51.835+0400: [Full GC (System.gc()) 1221M->795M(4096M), 0.109 secs]
2025-10-01T10:13:51.836+0400: [GC (Allocation Failure) 1221M->905M(4096M), 0.012 secs]
2025-10-01T10:13:52.851+0400: [GC (Allocation Failure) 1281M->1130M(4096M), 0.012 secs]
2025-10-01T10:13:53.863+0400: [GC (Allocation Failure) 1343M->1181M(4096M), 0.002 secs]
2025-10-01T10:13:54.371+0400: [GC (Allocation Failure) 1373M->1121M(4096M), 0.005 secs]
2025-10-01T10:13:54.881+0400: [Full GC (System.gc()) 1403M->1010M(4096M), 0.205 secs]
2025-10-01T10:13:55.898+0400: [GC (Allocation Failure) 1465M->1378M(4096M), 0.004 secs]
2025-10-01T10:13:56.916+0400: [GC (Allocation Failure) 1525M->1190M(4096M), 0.015 secs]
2025-10-01T10:13:56.917+0400: [GC (Allocation Failure) 1525M->1371M(4096M), 0.004 secs]
2025-10-01T10:13:56.938+0400: [GC (Allocation Failure) 1525M->1223M(4096M), 0.020 secs]
2025-10-01T10:13:57.954+0400: [GC (Allocation Failure) 1281M->1160M(4096M), 0.013 secs]
2025-10-01T10:13:58.969+0400: [Full GC (System.gc()) 1343M->670M(4096M), 0.163 secs]
2025-10-01T10:13:59.477+0400: [GC (Allocation Failure) 1373M->1245M(4096M), 0.020 secs]
2025-10-01T10:13:59.981+0400: [GC (Allocation Failure) 1403M->1233M(4096M), 0.012 secs]
2025-10-01T10:14:00.996+0400: [GC (Allocation Failure) 1465M->1064M(4096M), 0.026 secs]
2025-10-01T10:14:02.014+0400: [GC (Allocation Failure) 1527M->1396M(4096M), 0.002 secs]
2025-10-01T10:14:02.014+0400: [Full GC (System.gc()) 1527M->708M(4096M), 0.101 secs]
2025-10-01T10:14:03.029+0400: [GC (Allocation Failure) 1587M->1357M(4096M), 0.026 secs]
2025-10-01T10:14:04.043+0400: [GC (Allocation Failure) 1647M->1470M(4096M), 0.021 secs]
2025-10-01T10:14:04.552+0400: [GC (Allocation Failure) 1679M->1453M(4096M), 0.004 secs]
2025-10-01T10:14:04.573+0400: [GC (Allocation Failure) 1679M->1373M(4096M), 0.020 secs]
2025-10-01T10:14:05.082+0400: [GC (Allocation Failure) 1403M->1120M(4096M), 0.005 secs]
2025-10-01T10:14:06.095+0400: [Full GC (System.gc()) 1462M->564M(4096M), 0.288 secs]
2025-10-01T10:14:07.106+0400: [GC (Allocation Failure) 1522M->1342M(4096M), 0.012 secs]
2025-10-01T10:14:07.106+0400: [GC (Allocation Failure) 1522M->1134M(4096M), 0.007 secs]
2025-10-01T10:14:08.114+0400: [GC (Allocation Failure) 1584M->1444M(4096M), 0.014 secs]
2025-10-01T10:14:09.131+0400: [GC (Allocation Failure) 1644M->1462M(4096M), 0.019 secs]
2025-10-01T10:14:09.637+0400: [Full GC (System.gc()) 1676M->1005M(4096M), 0.177 secs]
2025-10-01T10:14:10.144+0400: [GC (Allocation Failure) 1706M->1605M(4096M), 0.003 secs]
2025-10-01T10:14:11.165+0400: [GC (Allocation Failure) 1766M->1516M(4096M), 0.005 secs]
2025-10-01T10:14:12.181+0400: [GC (Allocation Failure) 1826M->1542M(4096M), 0.029 secs]
2025-10-01T10:14:12.181+0400: [GC (Allocation Failure) 1826M->1579M(4096M), 0.018 secs]
2025-10-01T10:14:12.206+0400: [GC (Allocation Failure) 1826M->1523M(4096M), 0.024 secs]
2025-10-01T10:14:13.222+0400: [Full GC (System.gc()) 1579M->1145M(4096M), 0.173 secs]
2025-10-01T10:14:14.238+0400: [GC (Allocation Failure) 1641M->1404M(4096M), 0.005 secs]
2025-10-01T10:14:14.746+0400: [GC (Allocation Failure) 1671M->1467M(4096M), 0.023 secs]
2025-10-01T10:14:15.250+0400: [GC (Allocation Failure) 1701M->1532M(4096M), 0.015 secs]
2025-10-01T10:14:16.265+0400: [GC (Allocation Failure) 1763M->1308M(4096M), 0.008 secs]
2025-10-01T10:14:17.281+0400: [Full GC (System.gc()) 1823M->994M(4096M), 0.159 secs]
2025-10-01T10:14:17.282+0400: [GC (Allocation Failure) 1823M->1674M(4096M), 0.002 secs]
2025-10-01T10:14:17.790+0400: [GC (Allocation Failure) 1853M->1165M(4096M), 0.050 secs]
2025-10-01T10:14:18.297+0400: [GC (Allocation Failure) 1885M->1681M(4096M), 0.014 secs]
2025-10-01T10:14:18.297+0400: [GC (Allocation Failure) 1885M->1729M(4096M), 0.011 secs]
2025-10-01T10:14:18.802+0400: [GC (Allocation Failure) 1915M->1127M(4096M), 0.055 secs]
2025-10-01T10:14:19.310+0400: [GC (Allocation Failure) 1945M->1669M(4096M), 0.017 secs]
2025-10-01T10:14:19.312+0400: [GC (Allocation Failure) 1945M->1686M(4096M), 0.004 secs]
2025-10-01T10:14:19.822+0400: [GC (Allocation Failure) 1977M->955M(4096M), 0.050 secs]
2025-10-01T10:14:19.845+0400: [GC (Allocation Failure) 1977M->1673M(4096M), 0.022 secs]
2025-10-01T10:14:20.354+0400: [GC (Allocation Failure) 1703M->1555M(4096M), 0.005 secs]
2025-10-01T10:14:21.362+0400: [Full GC (System.gc()) 1760M->991M(4096M), 0.223 secs]
2025-10-01T10:14:22.375+0400: [GC (Allocation Failure) 1822M->1356M(4096M), 0.023 secs]
2025-10-01T10:14:22.375+0400: [GC (Allocation Failure) 1822M->1715M(4096M), 0.009 secs]
2025-10-01T10:14:22.879+0400: [GC (Allocation Failure) 1852M->1732M(4096M), 0.014 secs]
2025-10-01T10:14:23.385+0400: [GC (Allocation Failure) 1882M->1136M(4096M), 0.080 secs]
2025-10-01T10:14:23.386+0400: [Full GC (System.gc()) 1882M->1129M(4096M), 0.262 secs]
2025-10-01T10:14:23.892+0400: [GC (Allocation Failure) 1912M->1699M(4096M), 0.021 secs]
2025-10-01T10:14:24.402+0400: [GC (Allocation Failure) 1944M->820M(4096M), 0.050 secs]
2025-10-01T10:14:24.402+0400: [GC (Allocation Failure) 1944M->1737M(4096M), 0.018 secs]
2025-10-01T10:14:24.912+0400: [GC (Allocation Failure) 1974M->1702M(4096M), 0.002 secs]
2025-10-01T10:14:25.425+0400: [GC (Allocation Failure) 2004M->1268M(4096M), 0.050 secs]
2025-10-01T10:14:25.426+0400: [GC (Allocation Failure) 2004M->1794M(4096M), 0.005 secs]
2025-10-01T10:14:25.934+0400: [GC (Allocation Failure) 2034M->1787M(4096M), 0.011 secs]
2025-10-01T10:14:26.444+0400: [GC (Allocation Failure) 2066M->1127M(4096M), 0.050 secs]
2025-10-01T10:14:26.445+0400: [GC (Allocation Failure) 2066M->1761M(4096M), 0.018 secs]
2025-10-01T10:14:26.954+0400: [Full GC (System.gc()) 2096M->858M(4096M), 0.158 secs]
2025-10-01T10:14:27.459+0400: [GC (Allocation Failure) 2128M->1312M(4096M), 0.050 secs]
2025-10-01T10:14:27.461+0400: [GC (Allocation Failure) 2128M->1893M(4096M), 0.002 secs]
2025-10-01T10:14:27.483+0400: [GC (Allocation Failure) 2128M->1823M(4096M), 0.022 secs]
2025-10-01T10:14:27.992+0400: [GC (Allocation Failure) 1854M->1725M(4096M), 0.010 secs]
2025-10-01T10:14:28.495+0400: [GC (Allocation Failure) 1879M->792M(4096M), 0.050 secs]
2025-10-01T10:14:28.496+0400: [Full GC (System.gc()) 1879M->1097M(4096M), 0.152 secs]
2025-10-01T10:14:28.999+0400: [GC (Allocation Failure) 1911M->1709M(4096M), 0.011 secs]
2025-10-01T10:14:29.506+0400: [GC (Allocation Failure) 1941M->1050M(4096M), 0.050 secs]
2025-10-01T10:14:29.506+0400: [GC (Allocation Failure) 1941M->1708M(4096M), 0.021 secs]
2025-10-01T10:14:30.013+0400: [GC (Allocation Failure) 1971M->1852M(4096M), 0.013 secs]
2025-10-01T10:14:30.519+0400: [GC (Allocation Failure) 2001M->926M(4096M), 0.050 secs]
2025-10-01T10:14:30.519+0400: [GC (Allocation Failure) 2001M->1725M(4096M), 0.010 secs]
2025-10-01T10:14:31.022+0400: [GC (Allocation Failure) 2031M->1879M(4096M), 0.020 secs]
2025-10-01T10:14:31.530+0400: [GC (Allocation Failure) 2061M->1045M(4096M), 0.050 secs]
2025-10-01T10:14:31.531+0400: [GC (Allocation Failure) 2061M->1891M(4096M), 0.002 secs]
2025-10-01T10:14:32.034+0400: [Full GC (System.gc()) 2091M->558M(4096M), 0.250 secs]
2025-10-01T10:14:32.543+0400: [GC (Allocation Failure) 2123M->1217M(4096M), 0.050 secs]
2025-10-01T10:14:32.543+0400: [GC (Allocation Failure) 2123M->1916M(4096M), 0.010 secs]
2025-10-01T10:14:33.052+0400: [GC (Allocation Failure) 2153M->1966M(4096M), 0.003 secs]
2025-10-01T10:14:33.562+0400: [GC (Allocation Failure) 2185M->1075M(4096M), 0.050 secs]
2025-10-01T10:14:33.562+0400: [Full GC (System.gc()) 2185M->1007M(4096M), 0.254 secs]
2025-10-01T10:14:34.072+0400: [GC (Allocation Failure) 2215M->2048M(4096M), 0.015 secs]
2025-10-01T10:14:34.582+0400: [GC (Allocation Failure) 2245M->1377M(4096M), 0.065 secs]
2025-10-01T10:14:34.583+0400: [GC (Allocation Failure) 2245M->1935M(4096M), 0.011 secs]
2025-10-01T10:14:35.091+0400: [GC (Allocation Failure) 2277M->1939M(4096M), 0.005 secs]
2025-10-01T10:14:35.107+0400: [GC (Allocation Failure) 2277M->1973M(4096M), 0.016 secs]
2025-10-01T10:14:35.616+0400: [GC (Allocation Failure) 2004M->899M(4096M), 0.050 secs]
2025-10-01T10:14:35.617+0400: [GC (Allocation Failure) 2004M->1767M(4096M), 0.023 secs]
2025-10-01T10:14:36.124+0400: [GC (Allocation Failure) 2031M->1883M(4096M), 0.019 secs]
2025-10-01T10:14:36.628+0400: [GC (Allocation Failure) 2063M->826M(4096M), 0.050 secs]
2025-10-01T10:14:36.629+0400: [GC (Allocation Failure) 2063M->1869M(4096M), 0.008 secs]
2025-10-01T10:14:37.135+0400: [Full GC (System.gc()) 2093M->740M(4096M), 0.232 secs]
2025-10-01T10:14:37.637+0400: [GC (Allocation Failure) 2123M->778M(4096M), 0.050 secs]
2025-10-01T10:14:37.637+0400: [GC (Allocation Failure) 2123M->1970M(4096M), 0.002 secs]
2025-10-01T10:14:38.144+0400: [GC (Allocation Failure) 2153M->1860M(4096M), 0.018 secs]
2025-10-01T10:14:38.650+0400: [GC (Allocation Failure) 2185M->1254M(4096M), 0.050 secs]
2025-10-01T10:14:38.651+0400: [Full GC (System.gc()) 2185M->880M(4096M), 0.194 secs]
2025-10-01T10:14:39.163+0400: [GC (Allocation Failure) 2215M->2083M(4096M), 0.013 secs]
2025-10-01T10:14:39.674+0400: [GC (Allocation Failure) 2245M->850M(4096M), 0.050 secs]
2025-10-01T10:14:39.674+0400: [GC (Allocation Failure) 2247M->1950M(4096M), 0.018 secs]
2025-10-01T10:14:40.181+0400: [GC (Allocation Failure) 2277M->2161M(4096M), 0.003 secs]
2025-10-01T10:14:40.686+0400: [GC (Allocation Failure) 2307M->1481M(4096M), 0.094 secs]
2025-10-01T10:14:40.686+0400: [GC (Allocation Failure) 2307M->1985M(4096M), 0.022 secs]
2025-10-01T10:14:41.195+0400: [GC (Allocation Failure) 2337M->2196M(4096M), 0.013 secs]
2025-10-01T10:14:41.700+0400: [GC (Allocation Failure) 2369M->1318M(4096M), 0.050 secs]
2025-10-01T10:14:41.701+0400: [GC (Allocation Failure) 2369M->2244M(4096M), 0.023 secs]
2025-10-01T10:14:42.209+0400: [Full GC (System.gc()) 2399M->867M(4096M), 0.276 secs]
2025-10-01T10:14:42.716+0400: [GC (Allocation Failure) 2429M->1166M(4096M), 0.097 secs]
2025-10-01T10:14:42.717+0400: [GC (Allocation Failure) 2429M->2274M(4096M), 0.019 secs]
2025-10-01T10:14:42.731+0400: [GC (Allocation Failure) 2429M->2123M(4096M), 0.014 secs]
2025-10-01T10:14:43.245+0400: [GC (Allocation Failure) 2154M->1984M(4096M), 0.024 secs]
2025-10-01T10:14:43.757+0400: [GC (Allocation Failure) 2181M->942M(4096M), 0.050 secs]
2025-10-01T10:14:43.757+0400: [Full GC (System.gc()) 2181M->1432M(4096M), 0.223 secs]
2025-10-01T10:14:44.266+0400: [GC (Allocation Failure) 2211M->1943M(4096M), 0.010 secs]
2025-10-01T10:14:44.781+0400: [GC (Allocation Failure) 2243M->941M(4096M), 0.079 secs]
2025-10-01T10:14:44.782+0400: [GC (Allocation Failure) 2243M->2123M(4096M), 0.012 secs]
2025-10-01T10:14:45.293+0400: [GC (Allocation Failure) 2273M->2063M(4096M), 0.002 secs]
2025-10-01T10:14:45.809+0400: [GC (Allocation Failure) 2303M->1351M(4096M), 0.050 secs]
2025-10-01T10:14:45.809+0400: [GC (Allocation Failure) 2303M->2186M(4096M), 0.015 secs]
2025-10-01T10:14:46.317+0400: [GC (Allocation Failure) 2335M->2162M(4096M), 0.009 secs]
2025-10-01T10:14:46.824+0400: [GC (Allocation Failure) 2365M->1366M(4096M), 0.050 secs]
2025-10-01T10:14:46.825+0400: [GC (Allocation Failure) 2365M->2014M(4096M), 0.014 secs]
2025-10-01T10:14:47.334+0400: [Full GC (System.gc()) 2395M->863M(4096M), 0.153 secs]
2025-10-01T10:14:47.840+0400: [GC (Allocation Failure) 2427M->1026M(4096M), 0.050 secs]
2025-10-01T10:14:47.840+0400: [GC (Allocation Failure) 2427M->2255M(4096M), 0.023 secs]
2025-10-01T10:14:48.350+0400: [GC (Allocation Failure) 2457M->2102M(4096M), 0.013 secs]
2025-10-01T10:14:48.860+0400: [GC (Allocation Failure) 2487M->1111M(4096M), 0.074 secs]
2025-10-01T10:14:48.861+0400: [Full GC (System.gc()) 2487M->1030M(4096M), 0.230 secs]
2025-10-01T10:14:49.370+0400: [GC (Allocation Failure) 2517M->2153M(4096M), 0.022 secs]
2025-10-01T10:14:49.881+0400: [GC (Allocation Failure) 2547M->1580M(4096M), 0.050 secs]
2025-10-01T10:14:49.881+0400: [GC (Allocation Failure) 2547M->2346M(4096M), 0.010 secs]
2025-10-01T10:14:50.391+0400: [GC (Allocation Failure) 2579M->2441M(4096M), 0.024 secs]
2025-10-01T10:14:50.412+0400: [GC (Allocation Failure) 2579M->2273M(4096M), 0.019 secs]
2025-10-01T10:14:50.922+0400: [GC (Allocation Failure) 2303M->1092M(4096M), 0.050 secs]
2025-10-01T10:14:50.922+0400: [GC (Allocation Failure) 2303M->1982M(4096M), 0.008 secs]
2025-10-01T10:14:51.429+0400: [GC (Allocation Failure) 2331M->2099M(4096M), 0.002 secs]
2025-10-01T10:14:51.935+0400: [GC (Allocation Failure) 2363M->904M(4096M), 0.050 secs]
2025-10-01T10:14:51.935+0400: [GC (Allocation Failure) 2363M->2206M(4096M), 0.018 secs]
2025-10-01T10:14:52.440+0400: [Full GC (System.gc()) 2393M->950M(4096M), 0.236 secs]
2025-10-01T10:14:52.946+0400: [GC (Allocation Failure) 2423M->1529M(4096M), 0.066 secs]
2025-10-01T10:14:52.947+0400: [GC (Allocation Failure) 2423M->2192M(4096M), 0.002 secs]
2025-10-01T10:14:53.453+0400: [GC (Allocation Failure) 2453M->2124M(4096M), 0.005 secs]
2025-10-01T10:14:53.959+0400: [GC (Allocation Failure) 2483M->1198M(4096M), 0.090 secs]
2025-10-01T10:14:53.959+0400: [Full GC (System.gc()) 2483M->1651M(4096M), 0.102 secs]
2025-10-01T10:14:54.468+0400: [GC (Allocation Failure) 2515M->2170M(4096M), 0.002 secs]
2025-10-01T10:14:54.971+0400: [GC (Allocation Failure) 2545M->1634M(4096M), 0.085 secs]
2025-10-01T10:14:54.972+0400: [GC (Allocation Failure) 2545M->2322M(4096M), 0.005 secs]
2025-10-01T10:14:55.479+0400: [GC (Allocation Failure) 2575M->2433M(4096M), 0.005 secs]
2025-10-01T10:14:55.998+0400: [GC (Allocation Failure) 2607M->1267M(4096M), 0.050 secs]
2025-10-01T10:14:55.999+0400: [GC (Allocation Failure) 2607M->2443M(4096M), 0.004 secs]
2025-10-01T10:14:56.507+0400: [GC (Allocation Failure) 2637M->2406M(4096M), 0.023 secs]
2025-10-01T10:14:57.013+0400: [GC (Allocation Failure) 2667M->1733M(4096M), 0.050 secs]
2025-10-01T10:14:57.013+0400: [GC (Allocation Failure) 2667M->2363M(4096M), 0.022 secs]
2025-10-01T10:14:57.523+0400: [Full GC (System.gc()) 2697M->1060M(4096M), 0.133 secs]
2025-10-01T10:14:58.031+0400: [GC (Allocation Failure) 2729M->1015M(4096M), 0.087 secs]
2025-10-01T10:14:58.032+0400: [GC (Allocation Failure) 2729M->2486M(4096M), 0.002 secs]
2025-10-01T10:14:58.057+0400: [GC (Allocation Failure) 2729M->2423M(4096M), 0.025 secs]
2025-10-01T10:14:58.567+0400: [GC (Allocation Failure) 2454M->2145M(4096M), 0.010 secs]
2025-10-01T10:14:59.074+0400: [GC (Allocation Failure) 2482M->1299M(4096M), 0.050 secs]
2025-10-01T10:14:59.074+0400: [Full GC (System.gc()) 2482M->1275M(4096M), 0.194 secs]
2025-10-01T10:14:59.577+0400: [GC (Allocation Failure) 2514M->2218M(4096M), 0.020 secs]
2025-10-01T10:15:00.082+0400: [GC (Allocation Failure) 2544M->914M(4096M), 0.055 secs]
2025-10-01T10:15:00.082+0400: [GC (Allocation Failure) 2544M->2325M(4096M), 0.003 secs]
2025-10-01T10:15:00.604+0400: [GC (Allocation Failure) 2574M->2222M(4096M), 0.022 secs]
2025-10-01T10:15:01.120+0400: [GC (Allocation Failure) 2606M->1340M(4096M), 0.052 secs]
2025-10-01T10:15:01.120+0400: [GC (Allocation Failure) 2606M->2315M(4096M), 0.008 secs]
2025-10-01T10:15:01.640+0400: [GC (Allocation Failure) 2636M->2417M(4096M), 0.002 secs]
2025-10-01T10:15:02.149+0400: [GC (Allocation Failure) 2668M->1459M(4096M), 0.050 secs]
2025-10-01T10:15:02.150+0400: [GC (Allocation Failure) 2668M->2337M(4096M), 0.022 secs]
2025-10-01T10:15:02.663+0400: [Full GC (System.gc()) 2698M->1129M(4096M), 0.129 secs]
2025-10-01T10:15:03.173+0400: [GC (Allocation Failure) 2728M->1037M(4096M), 0.050 secs]
2025-10-01T10:15:03.174+0400: [GC (Allocation Failure) 2728M->2548M(4096M), 0.015 secs]
2025-10-01T10:15:03.681+0400: [GC (Allocation Failure) 2758M->2522M(4096M), 0.004 secs]
2025-10-01T10:15:04.189+0400: [GC (Allocation Failure) 2790M->1278M(4096M), 0.058 secs]
2025-10-01T10:15:04.190+0400: [Full GC (System.gc()) 2790M->2084M(4096M), 0.268 secs]
2025-10-01T10:15:04.699+0400: [GC (Allocation Failure) 2820M->2538M(4096M), 0.002 secs]
2025-10-01T10:15:05.207+0400: [GC (Allocation Failure) 2850M->1010M(4096M), 0.050 secs]
2025-10-01T10:15:05.208+0400: [GC (Allocation Failure) 2850M->2474M(4096M), 0.019 secs]
2025-10-01T10:15:05.716+0400: [GC (Allocation Failure) 2882M->2467M(4096M), 0.002 secs]
2025-10-01T10:15:05.740+0400: [GC (Allocation Failure) 2882M->2573M(4096M), 0.024 secs]
2025-10-01T10:15:06.250+0400: [GC (Allocation Failure) 2604M->1175M(4096M), 0.074 secs]
2025-10-01T10:15:06.250+0400: [GC (Allocation Failure) 2604M->2468M(4096M), 0.023 secs]
2025-10-01T10:15:06.756+0400: [GC (Allocation Failure) 2632M->2422M(4096M), 0.002 secs]
2025-10-01T10:15:07.262+0400: [GC (Allocation Failure) 2662M->1417M(4096M), 0.076 secs]
2025-10-01T10:15:07.263+0400: [GC (Allocation Failure) 2662M->2475M(4096M), 0.002 secs]
2025-10-01T10:15:07.769+0400: [Full GC (System.gc()) 2694M->1596M(4096M), 0.155 secs]
2025-10-01T10:15:08.270+0400: [GC (Allocation Failure) 2724M->1581M(4096M), 0.050 secs]
2025-10-01T10:15:08.271+0400: [GC (Allocation Failure) 2724M->2446M(4096M), 0.002 secs]
2025-10-01T10:15:08.777+0400: [GC (Allocation Failure) 2754M->2403M(4096M), 0.021 secs]
2025-10-01T10:15:09.283+0400: [GC (Allocation Failure) 2786M->1173M(4096M), 0.050 secs]
2025-10-01T10:15:09.284+0400: [Full GC (System.gc()) 2786M->1354M(4096M), 0.295 secs]
2025-10-01T10:15:09.795+0400: [GC (Allocation Failure) 2816M->2585M(4096M), 0.015 secs]
2025-10-01T10:15:10.304+0400: [GC (Allocation Failure) 2846M->1403M(4096M), 0.050 secs]
2025-10-01T10:15:10.305+0400: [GC (Allocation Failure) 2846M->2626M(4096M), 0.021 secs]
2025-10-01T10:15:10.815+0400: [GC (Allocation Failure) 2878M->2670M(4096M), 0.023 secs]
2025-10-01T10:15:11.325+0400: [GC (Allocation Failure) 2908M->1368M(4096M), 0.056 secs]
2025-10-01T10:15:11.328+0400: [GC (Allocation Failure) 2908M->2748M(4096M), 0.018 secs]
2025-10-01T10:15:11.838+0400: [GC (Allocation Failure) 2938M->2561M(4096M), 0.013 secs]
2025-10-01T10:15:12.348+0400: [GC (Allocation Failure) 2968M->1739M(4096M), 0.050 secs]
2025-10-01T10:15:12.348+0400: [GC (Allocation Failure) 2968M->2746M(4096M), 0.022 secs]
2025-10-01T10:15:12.855+0400: [Full GC (System.gc()) 2998M->887M(4096M), 0.192 secs]
2025-10-01T10:15:13.362+0400: [GC (Allocation Failure) 3028M->1953M(4096M), 0.060 secs]
2025-10-01T10:15:13.362+0400: [GC (Allocation Failure) 3028M->2791M(4096M), 0.005 secs]
2025-10-01T10:15:13.374+0400: [GC (Allocation Failure) 3028M->2723M(4096M), 0.012 secs]
2025-10-01T10:15:13.886+0400: [GC (Allocation Failure) 2754M->2477M(4096M), 0.023 secs]
2025-10-01T10:15:14.398+0400: [GC (Allocation Failure) 2781M->1189M(4096M), 0.069 secs]
2025-10-01T10:15:14.399+0400: [Full GC (System.gc()) 2781M->1297M(4096M), 0.172 secs]
2025-10-01T10:15:14.911+0400: [GC (Allocation Failure) 2813M->2540M(4096M), 0.002 secs]
2025-10-01T10:15:15.420+0400: [GC (Allocation Failure) 2843M->1313M(4096M), 0.077 secs]
2025-10-01T10:15:15.420+0400: [GC (Allocation Failure) 2843M->2536M(4096M), 0.010 secs]
2025-10-01T10:15:15.925+0400: [GC (Allocation Failure) 2873M->2521M(4096M), 0.012 secs]
2025-10-01T10:15:16.431+0400: [GC (Allocation Failure) 2903M->1168M(4096M), 0.050 secs]
2025-10-01T10:15:16.432+0400: [GC (Allocation Failure) 2903M->2699M(4096M), 0.012 secs]
2025-10-01T10:15:16.938+0400: [GC (Allocation Failure) 2935M->2627M(4096M), 0.024 secs]
2025-10-01T10:15:17.446+0400: [GC (Allocation Failure) 2965M->1066M(4096M), 0.050 secs]
2025-10-01T10:15:17.447+0400: [GC (Allocation Failure) 2965M->2726M(4096M), 0.007 secs]
2025-10-01T10:15:17.956+0400: [Full GC (System.gc()) 2995M->1142M(4096M), 0.138 secs]
2025-10-01T10:15:18.465+0400: [GC (Allocation Failure) 3027M->1803M(4096M), 0.050 secs]
2025-10-01T10:15:18.465+0400: [GC (Allocation Failure) 3027M->2677M(4096M), 0.011 secs]
2025-10-01T10:15:18.974+0400: [GC (Allocation Failure) 3057M->2739M(4096M), 0.024 secs]
2025-10-01T10:15:19.480+0400: [GC (Allocation Failure) 3087M->1982M(4096M), 0.050 secs]
2025-10-01T10:15:19.480+0400: [Full GC (System.gc()) 3087M->974M(4096M), 0.273 secs]
2025-10-01T10:15:19.985+0400: [GC (Allocation Failure) 3117M->2730M(4096M), 0.013 secs]
2025-10-01T10:15:20.501+0400: [GC (Allocation Failure) 3147M->1417M(4096M), 0.050 secs]
2025-10-01T10:15:20.501+0400: [GC (Allocation Failure) 3147M->2709M(4096M), 0.002 secs]
2025-10-01T10:15:21.015+0400: [GC (Allocation Failure) 3179M->2796M(4096M), 0.014 secs]
2025-10-01T10:15:21.039+0400: [GC (Allocation Failure) 3179M->2873M(4096M), 0.023 secs]
2025-10-01T10:15:21.548+0400: [GC (Allocation Failure) 2904M->1088M(4096M), 0.050 secs]
2025-10-01T10:15:21.549+0400: [GC (Allocation Failure) 2904M->2603M(4096M), 0.002 secs]
2025-10-01T10:15:22.056+0400: [GC (Allocation Failure) 2932M->2498M(4096M), 0.016 secs]
2025-10-01T10:15:22.560+0400: [GC (Allocation Failure) 2964M->1766M(4096M), 0.073 secs]
2025-10-01T10:15:22.560+0400: [GC (Allocation Failure) 2964M->2760M(4096M), 0.014 secs]
2025-10-01T10:15:23.066+0400: [Full GC (System.gc()) 2994M->1064M(4096M), 0.140 secs]
2025-10-01T10:15:23.572+0400: [GC (Allocation Failure) 3024M->1574M(4096M), 0.075 secs]
2025-10-01T10:15:23.573+0400: [GC (Allocation Failure) 3024M->2650M(4096M), 0.018 secs]
2025-10-01T10:15:24.078+0400: [GC (Allocation Failure) 3054M->2736M(4096M), 0.002 secs]
2025-10-01T10:15:24.583+0400: [GC (Allocation Failure) 3086M->2049M(4096M), 0.097 secs]
2025-10-01T10:15:24.583+0400: [Full GC (System.gc()) 3086M->1534M(4096M), 0.251 secs]
2025-10-01T10:15:25.090+0400: [GC (Allocation Failure) 3116M->2780M(4096M), 0.008 secs]
2025-10-01T10:15:25.597+0400: [GC (Allocation Failure) 3146M->1104M(4096M), 0.050 secs]
2025-10-01T10:15:25.598+0400: [GC (Allocation Failure) 3146M->2776M(4096M), 0.013 secs]
2025-10-01T10:15:26.108+0400: [GC (Allocation Failure) 3176M->2987M(4096M), 0.013 secs]
2025-10-01T10:15:26.616+0400: [GC (Allocation Failure) 3208M->1773M(4096M), 0.050 secs]
2025-10-01T10:15:26.617+0400: [GC (Allocation Failure) 3208M->2888M(4096M), 0.023 secs]
2025-10-01T10:15:27.124+0400: [GC (Allocation Failure) 3238M->2913M(4096M), 0.011 secs]
2025-10-01T10:15:27.633+0400: [GC (Allocation Failure) 3270M->1245M(4096M), 0.064 secs]
2025-10-01T10:15:27.634+0400: [GC (Allocation Failure) 3270M->3007M(4096M), 0.006 secs]
2025-10-01T10:15:28.144+0400: [Full GC (System.gc()) 3300M->842M(4096M), 0.196 secs]
2025-10-01T10:15:28.654+0400: [GC (Allocation Failure) 3330M->1146M(4096M), 0.050 secs]
2025-10-01T10:15:28.655+0400: [GC (Allocation Failure) 3330M->2861M(4096M), 0.016 secs]
2025-10-01T10:15:28.675+0400: [GC (Allocation Failure) 3330M->3023M(4096M), 0.020 secs]
2025-10-01T10:15:29.188+0400: [GC (Allocation Failure) 3054M->2639M(4096M), 0.014 secs]
2025-10-01T10:15:29.693+0400: [GC (Allocation Failure) 3082M->1096M(4096M), 0.075 secs]
2025-10-01T10:15:29.694+0400: [Full GC (System.gc()) 3082M->1587M(4096M), 0.161 secs]
2025-10-01T10:15:30.202+0400: [GC (Allocation Failure) 3114M->2757M(4096M), 0.003 secs]
2025-10-01T10:15:30.720+0400: [GC (Allocation Failure) 3144M->1925M(4096M), 0.050 secs]
2025-10-01T10:15:30.720+0400: [GC (Allocation Failure) 3144M->2739M(4096M), 0.024 secs]
2025-10-01T10:15:31.231+0400: [GC (Allocation Failure) 3176M->2908M(4096M), 0.010 secs]
2025-10-01T10:15:31.745+0400: [GC (Allocation Failure) 3206M->1712M(4096M), 0.059 secs]
2025-10-01T10:15:31.746+0400: [GC (Allocation Failure) 3206M->2874M(4096M), 0.024 secs]
2025-10-01T10:15:32.255+0400: [GC (Allocation Failure) 3236M->2936M(4096M), 0.023 secs]
2025-10-01T10:15:32.766+0400: [GC (Allocation Failure) 3266M->2020M(4096M), 0.075 secs]
2025-10-01T10:15:32.766+0400: [GC (Allocation Failure) 3266M->2990M(4096M), 0.002 secs]
2025-10-01T10:15:33.273+0400: [Full GC (System.gc()) 3298M->2416M(4096M), 0.230 secs]
2025-10-01T10:15:33.785+0400: [GC (Allocation Failure) 3328M->1707M(4096M), 0.050 secs]
2025-10-01T10:15:33.785+0400: [GC (Allocation Failure) 3328M->2935M(4096M), 0.002 secs]
2025-10-01T10:15:34.297+0400: [GC (Allocation Failure) 3358M->2890M(4096M), 0.024 secs]
2025-10-01T10:15:34.808+0400: [GC (Allocation Failure) 3388M->2074M(4096M), 0.079 secs]
2025-10-01T10:15:34.808+0400: [Full GC (System.gc()) 3388M->1202M(4096M), 0.214 secs]
2025-10-01T10:15:35.314+0400: [GC (Allocation Failure) 3420M->3037M(4096M), 0.024 secs]
2025-10-01T10:15:35.823+0400: [GC (Allocation Failure) 3450M->2167M(4096M), 0.099 secs]
2025-10-01T10:15:35.823+0400: [GC (Allocation Failure) 3450M->3270M(4096M), 0.006 secs]
2025-10-01T10:15:36.339+0400: [GC (Allocation Failure) 3478M->3258M(4096M), 0.021 secs]
2025-10-01T10:15:36.379+0400: [GC (Allocation Failure) 3478M->3173M(4096M), 0.040 secs]
2025-10-01T10:15:36.895+0400: [GC (Allocation Failure) 3204M->2049M(4096M), 0.050 secs]
2025-10-01T10:15:36.895+0400: [GC (Allocation Failure) 3204M->2938M(4096M), 0.015 secs]
2025-10-01T10:15:37.405+0400: [GC (Allocation Failure) 3232M->2823M(4096M), 0.011 secs]
2025-10-01T10:15:37.909+0400: [GC (Allocation Failure) 3262M->1951M(4096M), 0.050 secs]
2025-10-01T10:15:37.909+0400: [GC (Allocation Failure) 3262M->2885M(4096M), 0.019 secs]
2025-10-01T10:15:38.413+0400: [Full GC (System.gc()) 3292M->2211M(4096M), 0.158 secs]
2025-10-01T10:15:38.924+0400: [GC (Allocation Failure) 3322M->1727M(4096M), 0.050 secs]
2025-10-01T10:15:38.925+0400: [GC (Allocation Failure) 3322M->3068M(4096M), 0.022 secs]
2025-10-01T10:15:39.427+0400: [GC (Allocation Failure) 3354M->3139M(4096M), 0.013 secs]
2025-10-01T10:15:39.929+0400: [GC (Allocation Failure) 3384M->2067M(4096M), 0.050 secs]
2025-10-01T10:15:39.929+0400: [Full GC (System.gc()) 3384M->928M(4096M), 0.212 secs]
2025-10-01T10:15:40.445+0400: [GC (Allocation Failure) 3414M->3163M(4096M), 0.003 secs]
2025-10-01T10:15:40.960+0400: [GC (Allocation Failure) 3446M->1311M(4096M), 0.050 secs]
2025-10-01T10:15:40.961+0400: [GC (Allocation Failure) 3446M->3047M(4096M), 0.007 secs]
2025-10-01T10:15:41.476+0400: [GC (Allocation Failure) 3476M->3261M(4096M), 0.011 secs]
2025-10-01T10:15:41.992+0400: [GC (Allocation Failure) 3506M->1772M(4096M), 0.050 secs]
2025-10-01T10:15:41.992+0400: [GC (Allocation Failure) 3506M->3116M(4096M), 0.011 secs]
2025-10-01T10:15:42.507+0400: [GC (Allocation Failure) 3538M->3343M(4096M), 0.013 secs]
2025-10-01T10:15:43.022+0400: [GC (Allocation Failure) 3568M->2217M(4096M), 0.050 secs]
2025-10-01T10:15:43.023+0400: [GC (Allocation Failure) 3568M->3163M(4096M), 0.022 secs]
2025-10-01T10:15:53.616+0400: [Full GC (System.gc()) 3594M->1007M(4096M), 0.156 secs]
2025-10-01T10:15:54.124+0400: [GC (Allocation Failure) 3624M->2346M(4096M), 0.063 secs]
2025-10-01T10:15:54.124+0400: [GC (Allocation Failure) 3624M->3167M(4096M), 0.002 secs]
2025-10-01T10:15:54.147+0400: [GC (Allocation Failure) 3626M->3323M(4096M), 0.023 secs]
2025-10-01T10:15:54.660+0400: [GC (Allocation Failure) 3354M->2866M(4096M), 0.002 secs]
2025-10-01T10:15:55.166+0400: [GC (Allocation Failure) 3382M->1442M(4096M), 0.076 secs]
2025-10-01T10:15:55.167+0400: [Full GC (System.gc()) 3382M->1555M(4096M), 0.109 secs]
2025-10-01T10:15:55.673+0400: [GC (Allocation Failure) 3414M->3132M(4096M), 0.012 secs]
2025-10-01T10:15:56.179+0400: [GC (Allocation Failure) 3444M->1468M(4096M), 0.077 secs]
2025-10-01T10:15:56.179+0400: [GC (Allocation Failure) 3444M->3171M(4096M), 0.007 secs]
2025-10-01T10:15:56.683+0400: [GC (Allocation Failure) 3474M->3119M(4096M), 0.002 secs]
2025-10-01T10:15:57.189+0400: [GC (Allocation Failure) 3504M->1835M(4096M), 0.083 secs]
2025-10-01T10:15:57.189+0400: [GC (Allocation Failure) 3504M->3038M(4096M), 0.010 secs]
2025-10-01T10:15:57.700+0400: [GC (Allocation Failure) 3534M->3059M(4096M), 0.021 secs]
2025-10-01T10:15:58.210+0400: [GC (Allocation Failure) 3566M->2323M(4096M), 0.083 secs]
2025-10-01T10:15:58.211+0400: [GC (Allocation Failure) 3566M->3099M(4096M), 0.024 secs]
2025-10-01T10:15:58.741+0400: [Full GC (System.gc()) 3596M->1507M(4096M), 0.114 secs]
2025-10-01T10:15:59.256+0400: [GC (Allocation Failure) 3626M->2090M(4096M), 0.098 secs]
2025-10-01T10:15:59.257+0400: [GC (Allocation Failure) 3626M->3116M(4096M), 0.022 secs]
2025-10-01T10:15:59.762+0400: [GC (Allocation Failure) 3656M->3199M(4096M), 0.008 secs]
2025-10-01T10:16:00.268+0400: [GC (Allocation Failure) 3686M->1603M(4096M), 0.068 secs]
2025-10-01T10:16:00.268+0400: [Full GC (System.gc()) 3686M->1805M(4096M), 0.289 secs]
2025-10-01T10:16:00.782+0400: [GC (Allocation Failure) 3716M->3309M(4096M), 0.014 secs]
2025-10-01T10:16:01.297+0400: [GC (Allocation Failure) 3748M->2022M(4096M), 0.050 secs]
2025-10-01T10:16:01.297+0400: [GC (Allocation Failure) 3748M->3319M(4096M), 0.021 secs]
2025-10-01T10:16:01.810+0400: [GC (Allocation Failure) 3778M->3305M(4096M), 0.010 secs]
2025-10-01T10:16:01.834+0400: [GC (Allocation Failure) 3778M->3473M(4096M), 0.024 secs]
2025-10-01T10:16:02.349+0400: [GC (Allocation Failure) 3504M->1336M(4096M), 0.059 secs]
2025-10-01T10:16:02.349+0400: [GC (Allocation Failure) 3504M->3254M(4096M), 0.019 secs]
2025-10-01T10:16:02.856+0400: [GC (Allocation Failure) 3531M->3235M(4096M), 0.011 secs]
2025-10-01T10:16:03.360+0400: [GC (Allocation Failure) 3563M->2188M(4096M), 0.066 secs]
2025-10-01T10:16:03.360+0400: [GC (Allocation Failure) 3563M->3356M(4096M), 0.018 secs]
2025-10-01T10:16:03.865+0400: [Full GC (System.gc()) 3593M->1013M(4096M), 0.165 secs]
2025-10-01T10:16:04.370+0400: [GC (Allocation Failure) 3623M->2181M(4096M), 0.067 secs]
2025-10-01T10:16:04.370+0400: [GC (Allocation Failure) 3623M->3220M(4096M), 0.009 secs]
2025-10-01T10:16:04.883+0400: [GC (Allocation Failure) 3653M->3163M(4096M), 0.002 secs]
2025-10-01T10:16:05.390+0400: [GC (Allocation Failure) 3685M->1493M(4096M), 0.050 secs]
2025-10-01T10:16:05.390+0400: [Full GC (System.gc()) 3685M->2543M(4096M), 0.230 secs]
2025-10-01T10:21:08.746+0400: [GC (Allocation Failure) 3693M->13M(4096M), 0.022 secs]
