Java HotSpot(TM) 64-Bit Server VM (25.0.1) for Mac OS X
Memory: physical max 4194304K
CommandLine flags: -XX:+PrintGC -XX:+PrintGCDateStamps -XX:+PrintGCDetails -XX:+UseG1GC
2026-03-09T22:26:21.457+0400: [GC (G1 Young Generation (G1 Humongous Allocation)) 149M->134M(4096M), 0.003 secs]
2026-03-09T22:26:21.465+0400: [GC (G1 Young Generation (G1 Humongous Allocation)) 139M->37M(4096M), 0.001 secs]
2026-03-09T22:26:30.247+0400: [GC (G1 Young Generation (G1 Humongous Allocation)) 142M->134M(4096M), 0.003 secs]
2026-03-09T22:26:30.270+0400: [GC (G1 Young Generation (G1 Humongous Allocation)) 140M->62M(4096M), 0.004 secs]
2026-03-09T22:26:30.885+0400: [GC (G1 Young Generation (G1 Humongous Allocation)) 140M->134M(4096M), 0.002 secs]
2026-03-09T22:26:30.901+0400: [GC (G1 Young Generation (G1 Humongous Allocation)) 140M->74M(4096M), 0.001 secs]
2026-03-09T22:26:31.427+0400: [GC (G1 Young Generation (G1 Humongous Allocation)) 140M->134M(4096M), 0.003 secs]
2026-03-09T22:26:31.444+0400: [GC (G1 Young Generation (G1 Humongous Allocation)) 138M->84M(4096M), 0.002 secs]
2026-03-09T22:26:31.885+0400: [GC (G1 Young Generation (G1 Humongous Allocation)) 140M->135M(4096M), 0.003 secs]
2026-03-09T22:26:32.865+0400: [GC (G1 Young Generation (G1 Humongous Allocation)) 259M->211M(4096M), 0.003 secs]
2026-03-09T22:26:33.067+0400: [GC (G1 Young Generation (G1 Humongous Allocation)) 259M->153M(4096M), 0.003 secs]
2026-03-09T22:26:33.765+0400: [GC (G1 Young Generation (G1 Humongous Allocation)) 261M->237M(4096M), 0.001 secs]
2026-03-09T22:26:33.906+0400: [GC (G1 Young Generation (G1 Humongous Allocation)) 259M->185M(4096M), 0.002 secs]
2026-03-09T22:26:34.343+0400: [GC (G1 Young Generation (G1 Humongous Allocation)) 259M->141M(4096M), 0.002 secs]
2026-03-09T22:26:35.064+0400: [GC (G1 Young Generation (G1 Humongous Allocation)) 259M->171M(4096M), 0.002 secs]
2026-03-09T22:26:35.695+0400: [GC (G1 Young Generation (G1 Humongous Allocation)) 259M->182M(4096M), 0.003 secs]
2026-03-09T22:26:36.191+0400: [GC (G1 Young Generation (G1 Humongous Allocation)) 256M->148M(4096M), 0.002 secs]
2026-03-09T22:26:36.901+0400: [GC (G1 Young Generation (G1 Humongous Allocation)) 256M->202M(4096M), 0.001 secs]
2026-03-09T22:26:37.305+0400: [GC (G1 Young Generation (G1 Humongous Allocation)) 258M->138M(4096M), 0.001 secs]
2026-03-09T22:26:38.041+0400: [GC (G1 Young Generation (G1 Humongous Allocation)) 256M->172M(4096M), 0.000 secs]
2026-03-09T22:26:38.646+0400: [GC (G1 Young Generation (G1 Humongous Allocation)) 256M->178M(4096M), 0.001 secs]
2026-03-09T22:26:39.162+0400: [GC (G1 Young Generation (G1 Humongous Allocation)) 256M->152M(4096M), 0.001 secs]
2026-03-09T22:26:39.905+0400: [GC (G1 Young Generation (G1 Humongous Allocation)) 256M->198M(4096M), 0.001 secs]
2026-03-09T22:26:40.284+0400: [GC (G1 Young Generation (G1 Humongous Allocation)) 256M->136M(4096M), 0.001 secs]
2026-03-09T22:26:40.902+0400: [GC (G1 Young Generation (G1 Humongous Allocation)) 256M->215M(4096M), 0.001 secs]
2026-03-09T22:26:41.879+0400: [GC (G1 Young Generation (G1 Humongous Allocation)) 245M->107M(4096M), 0.001 secs]
2026-03-09T22:26:44.405+0400: [GC (G1 Young Generation (G1 Humongous Allocation)) 257M->137M(4096M), 0.000 secs]
2026-03-09T22:26:45.904+0400: [GC (G1 Young Generation (G1 Humongous Allocation)) 265M->166M(4096M), 0.001 secs]
2026-03-09T22:26:46.716+0400: [GC (G1 Young Generation (G1 Humongous Allocation)) 254M->184M(4096M), 0.001 secs]
2026-03-09T22:26:46.906+0400: [GC (G1 Young Generation (G1 Humongous Allocation)) 254M->214M(4096M), 0.001 secs]
2026-03-09T22:26:47.225+0400: [GC (G1 Young Generation (G1 Humongous Allocation)) 254M->192M(4096M), 0.002 secs]
2026-03-09T22:26:47.458+0400: [GC (G1 Young Generation (G1 Humongous Allocation)) 256M->210M(4096M), 0.001 secs]
2026-03-09T22:26:47.731+0400: [GC (G1 Young Generation (G1 Humongous Allocation)) 254M->230M(4096M), 0.002 secs]
2026-03-09T22:26:47.893+0400: [GC (G1 Young Generation (G1 Humongous Allocation)) 254M->214M(4096M), 0.002 secs]
2026-03-09T22:26:48.074+0400: [GC (G1 Young Generation (G1 Humongous Allocation)) 254M->196M(4096M), 0.001 secs]
2026-03-09T22:26:48.406+0400: [GC (G1 Young Generation (G1 Humongous Allocation)) 256M->224M(4096M), 0.002 secs]
2026-03-09T22:26:48.511+0400: [GC (G1 Young Generation (G1 Humongous Allocation)) 254M->218M(4096M), 0.002 secs]
2026-03-09T22:26:48.741+0400: [GC (G1 Young Generation (G1 Humongous Allocation)) 254M->242M(4096M), 0.002 secs]
2026-03-09T22:26:48.758+0400: [GC (G1 Young Generation (G1 Humongous Allocation)) 254M->218M(4096M), 0.002 secs]
2026-03-09T22:26:48.906+0400: [GC (G1 Young Generation (G1 Humongous Allocation)) 254M->252M(4096M), 0.001 secs]
2026-03-09T22:26:48.910+0400: [GC (G1 Young Generation (G1 Humongous Allocation)) 256M->198M(4096M), 0.001 secs]
2026-03-09T22:26:49.257+0400: [GC (G1 Young Generation (G1 Humongous Allocation)) 255M->243M(4096M), 0.001 secs]
2026-03-09T22:26:49.356+0400: [GC (G1 Young Generation (G1 Humongous Allocation)) 255M->219M(4096M), 0.001 secs]
2026-03-09T22:26:49.492+0400: [GC (G1 Young Generation (G1 Humongous Allocation)) 255M->243M(4096M), 0.001 secs]
2026-03-09T22:26:49.592+0400: [GC (G1 Young Generation (G1 Humongous Allocation)) 255M->239M(4096M), 0.001 secs]
2026-03-09T22:26:49.740+0400: [GC (G1 Young Generation (G1 Humongous Allocation)) 255M->243M(4096M), 0.002 secs]
2026-03-09T22:26:49.752+0400: [GC (G1 Young Generation (G1 Humongous Allocation)) 255M->239M(4096M), 0.000 secs]
2026-03-09T22:26:49.772+0400: [GC (G1 Young Generation (G1 Humongous Allocation)) 255M->241M(4096M), 0.000 secs]
2026-03-09T22:26:49.893+0400: [GC (G1 Young Generation (G1 Humongous Allocation)) 255M->251M(4096M), 0.001 secs]
2026-03-09T22:26:51.229+0400: [GC (G1 Young Generation (G1 Humongous Allocation)) 489M->373M(4096M), 0.000 secs]
2026-03-09T22:26:51.775+0400: [GC (G1 Young Generation (G1 Humongous Allocation)) 491M->341M(4096M), 0.001 secs]
2026-03-09T22:26:52.454+0400: [GC (G1 Young Generation (G1 Humongous Allocation)) 489M->369M(4096M), 0.002 secs]
2026-03-09T22:26:53.294+0400: [GC (G1 Young Generation (G1 Humongous Allocation)) 489M->393M(4096M), 0.000 secs]
2026-03-09T22:26:53.930+0400: [GC (G1 Young Generation (G1 Humongous Allocation)) 489M->381M(4096M), 0.000 secs]
2026-03-09T22:26:54.744+0400: [GC (G1 Young Generation (G1 Humongous Allocation)) 489M->413M(4096M), 0.001 secs]
2026-03-09T22:26:55.308+0400: [GC (G1 Young Generation (G1 Humongous Allocation)) 489M->386M(4096M), 0.001 secs]
2026-03-09T22:26:57.326+0400: [GC (G1 Young Generation (G1 Humongous Allocation)) 524M->407M(4096M), 0.004 secs]
2026-03-09T22:26:59.351+0400: [GC (G1 Young Generation (G1 Humongous Allocation)) 540M->429M(4096M), 0.004 secs]
2026-03-09T22:27:00.874+0400: [GC (G1 Young Generation (G1 Humongous Allocation)) 529M->467M(4096M), 0.002 secs]
2026-03-09T22:27:01.885+0400: [GC (G1 Young Generation (G1 Humongous Allocation)) 519M->477M(4096M), 0.002 secs]
2026-03-09T22:27:02.394+0400: [GC (G1 Young Generation (G1 Humongous Allocation)) 507M->487M(4096M), 0.002 secs]
2026-03-09T22:27:02.397+0400: [GC (G1 Young Generation (G1 Humongous Allocation)) 497M->497M(4096M), 0.002 secs]
2026-03-09T22:27:02.905+0400: [GC (G1 Young Generation (G1 Humongous Allocation)) 511M->489M(4096M), 0.002 secs]
2026-03-09T22:27:02.909+0400: [GC (G1 Young Generation (G1 Humongous Allocation)) 497M->497M(4096M), 0.002 secs]
2026-03-09T22:27:02.910+0400: [GC (G1 Young Generation (G1 Humongous Allocation)) 499M->499M(4096M), 0.002 secs]
2026-03-09T22:27:02.916+0400: [GC (G1 Concurrent GC (No GC)) 511M->431M(4096M), 0.003 secs]
2026-03-09T22:27:02.918+0400: [GC (G1 Concurrent GC (No GC)) 431M->431M(4096M), 0.000 secs]
