Java HotSpot(TM) 64-Bit Server VM (25.0-b) for bsd-amd64 JRE (1.8.0), built on Mar 12 2024 12:13:12 by "java_re" with gcc 4.2.1 (Based on Apple Inc. build 5658) (LLVM build 2336.11.00)
Memory: 4k page, physical 16777216k(12481232k free)
CommandLine flags: -XX:InitialHeapSize=268435456 -XX:MaxHeapSize=4294967296 -XX:+PrintGC -XX:+PrintGCDateStamps -XX:+PrintGCDetails -XX:+PrintGCTimeStamps -XX:+UseCompressedClassPointers -XX:+UseCompressedOops -XX:+UseG1GC
2025-09-30T22:57:34.061+0400: [GC (Allocation Failure) 338M->409M(4096M), 0.008 secs]
2025-09-30T22:57:35.073+0400: [GC (Allocation Failure) 235M->409M(4096M), 0.012 secs]
2025-09-30T22:57:35.576+0400: [GC (Allocation Failure) 273M->409M(4096M), 0.049 secs]
2025-09-30T22:57:36.082+0400: [GC (Allocation Failure) 295M->409M(4096M), 0.015 secs]
2025-09-30T22:57:37.092+0400: [Full GC (System.gc()) 337M->409M(4096M), 0.281 secs]
2025-09-30T22:57:38.111+0400: [GC (Allocation Failure) 173M->409M(4096M), 0.010 secs]
2025-09-30T22:57:38.111+0400: [GC (Allocation Failure) 173M->409M(4096M), 0.024 secs]
2025-09-30T22:57:39.124+0400: [GC (Allocation Failure) 233M->409M(4096M), 0.010 secs]
2025-09-30T22:57:40.136+0400: [GC (Allocation Failure) 293M->409M(4096M), 0.011 secs]
2025-09-30T22:57:40.640+0400: [Full GC (System.gc()) 325M->409M(4096M), 0.224 secs]
2025-09-30T22:57:40.654+0400: [System.gc() (Allocation Failure) 325M->174M(4096M), 0.013 secs]
2025-09-30T22:57:41.160+0400: [GC (Allocation Failure) 206M->409M(4096M), 0.012 secs]
2025-09-30T22:57:42.165+0400: [GC (Allocation Failure) 266M->409M(4096M), 0.045 secs]
2025-09-30T22:57:43.184+0400: [GC (Allocation Failure) 288M->409M(4096M), 0.017 secs]
2025-09-30T22:57:43.186+0400: [GC (Allocation Failure) 288M->409M(4096M), 0.009 secs]
2025-09-30T22:57:44.191+0400: [Full GC (System.gc()) 304M->409M(4096M), 0.252 secs]
2025-09-30T22:57:45.198+0400: [GC (Allocation Failure) 366M->409M(4096M), 0.022 secs]
2025-09-30T22:57:45.704+0400: [GC (Allocation Failure) 396M->409M(4096M), 0.007 secs]
2025-09-30T22:57:46.208+0400: [GC (Allocation Failure) 454M->409M(4096M), 0.010 secs]
2025-09-30T22:57:47.225+0400: [GC (Allocation Failure) 600M->562M(4096M), 0.008 secs]
2025-09-30T22:57:48.238+0400: [Full GC (System.gc()) 378M->409M(4096M), 0.229 secs]
2025-09-30T22:57:48.239+0400: [GC (Allocation Failure) 378M->409M(4096M), 0.034 secs]
2025-09-30T22:57:48.256+0400: [System.gc() (Allocation Failure) 378M->328M(4096M), 0.017 secs]
2025-09-30T22:57:49.267+0400: [GC (Allocation Failure) 476M->412M(4096M), 0.011 secs]
2025-09-30T22:57:50.281+0400: [GC (Allocation Failure) 624M->585M(4096M), 0.011 secs]
2025-09-30T22:57:50.784+0400: [GC (Allocation Failure) 692M->615M(4096M), 0.016 secs]
2025-09-30T22:57:51.292+0400: [Full GC (System.gc()) 498M->409M(4096M), 0.225 secs]
2025-09-30T22:57:52.304+0400: [GC (Allocation Failure) 570M->488M(4096M), 0.022 secs]
2025-09-30T22:57:53.315+0400: [GC (Allocation Failure) 732M->604M(4096M), 0.028 secs]
2025-09-30T22:57:53.316+0400: [GC (Allocation Failure) 732M->672M(4096M), 0.005 secs]
2025-09-30T22:57:54.326+0400: [GC (Allocation Failure) 716M->670M(4096M), 0.015 secs]
2025-09-30T22:57:54.525+0400: [Full GC (System.gc()) 818M->521M(4096M), 0.256 secs]
2025-09-30T22:57:54.842+0400: [GC (Allocation Failure) 956M->853M(4096M), 0.006 secs]
2025-09-30T22:57:55.347+0400: [GC (Allocation Failure) 900M->834M(4096M), 0.015 secs]
2025-09-30T22:57:55.428+0400: [GC (Allocation Failure) 990M->796M(4096M), 0.030 secs]
2025-09-30T22:57:55.733+0400: [GC (Allocation Failure) 1106M->972M(4096M), 0.024 secs]
2025-09-30T22:57:55.856+0400: [Full GC (System.gc()) 1140M->409M(4096M), 0.135 secs]
2025-09-30T22:57:55.873+0400: [System.gc() (Allocation Failure) 1140M->724M(4096M), 0.017 secs]
2025-09-30T22:57:56.019+0400: [GC (Allocation Failure) 828M->631M(4096M), 0.011 secs]
2025-09-30T22:57:56.323+0400: [GC (Allocation Failure) 948M->868M(4096M), 0.023 secs]
2025-09-30T22:57:56.379+0400: [GC (Allocation Failure) 974M->910M(4096M), 0.011 secs]
2025-09-30T22:57:56.635+0400: [System.gc() (Allocation Failure) 1082M->686M(4096M), 0.008 secs]
2025-09-30T22:57:56.925+0400: [GC (Allocation Failure) 820M->625M(4096M), 0.013 secs]
2025-09-30T22:57:57.226+0400: [Full GC (System.gc()) 946M->409M(4096M), 0.279 secs]
2025-09-30T22:57:57.389+0400: [GC (Allocation Failure) 984M->892M(4096M), 0.018 secs]
2025-09-30T22:57:57.522+0400: [GC (Allocation Failure) 1078M->812M(4096M), 0.048 secs]
2025-09-30T22:57:57.833+0400: [GC (Allocation Failure) 1188M->1102M(4096M), 0.006 secs]
2025-09-30T22:57:58.129+0400: [GC (Allocation Failure) 1318M->1145M(4096M), 0.020 secs]
2025-09-30T22:57:58.405+0400: [Full GC (System.gc()) 964M->645M(4096M), 0.130 secs]
2025-09-30T22:57:58.405+0400: [GC (Allocation Failure) 964M->897M(4096M), 0.022 secs]
2025-09-30T22:57:58.422+0400: [GC (Allocation Failure) 1044M->967M(4096M), 0.020 secs]
2025-09-30T22:57:58.720+0400: [GC (Allocation Failure) 1158M->876M(4096M), 0.035 secs]
2025-09-30T22:57:59.031+0400: [GC (Allocation Failure) 1290M->1224M(4096M), 0.009 secs]
2025-09-30T22:57:59.331+0400: [Full GC (System.gc()) 1402M->980M(4096M), 0.202 secs]
2025-09-30T22:57:59.421+0400: [GC (Allocation Failure) 1430M->1057M(4096M), 0.039 secs]
2025-09-30T22:57:59.634+0400: [System.gc() (Allocation Failure) 1532M->748M(4096M), 0.007 secs]
2025-09-30T22:57:59.923+0400: [GC (Allocation Failure) 858M->783M(4096M), 0.017 secs]
2025-09-30T22:58:00.226+0400: [GC (Allocation Failure) 992M->853M(4096M), 0.019 secs]
2025-09-30T22:58:00.430+0400: [GC (Allocation Failure) 1038M->829M(4096M), 0.015 secs]
2025-09-30T22:58:00.523+0400: [Full GC (System.gc()) 1126M->461M(4096M), 0.262 secs]
2025-09-30T22:58:00.829+0400: [GC (Allocation Failure) 1238M->1078M(4096M), 0.016 secs]
2025-09-30T22:58:00.939+0400: [GC (Allocation Failure) 1268M->1063M(4096M), 0.024 secs]
2025-09-30T22:58:01.430+0400: [GC (Allocation Failure) 1474M->1342M(4096M), 0.006 secs]
2025-09-30T22:58:01.448+0400: [GC (Allocation Failure) 1498M->1286M(4096M), 0.011 secs]
2025-09-30T22:58:01.723+0400: [Full GC (System.gc()) 1604M->865M(4096M), 0.122 secs]
2025-09-30T22:58:02.031+0400: [GC (Allocation Failure) 1736M->1513M(4096M), 0.007 secs]
2025-09-30T22:58:02.335+0400: [GC (Allocation Failure) 1846M->1693M(4096M), 0.010 secs]
2025-09-30T22:58:02.461+0400: [GC (Allocation Failure) 1878M->1361M(4096M), 0.022 secs]
2025-09-30T22:58:02.633+0400: [GC (Allocation Failure) 1976M->1864M(4096M), 0.016 secs]
2025-09-30T22:58:02.648+0400: [System.gc() (Allocation Failure) 1976M->808M(4096M), 0.014 secs]
2025-09-30T22:58:02.923+0400: [Full GC (System.gc()) 918M->409M(4096M), 0.256 secs]
2025-09-30T22:58:03.228+0400: [GC (Allocation Failure) 1054M->934M(4096M), 0.038 secs]
2025-09-30T22:58:03.467+0400: [GC (Allocation Failure) 1096M->969M(4096M), 0.015 secs]
2025-09-30T22:58:03.467+0400: [GC (Allocation Failure) 1096M->955M(4096M), 0.013 secs]
2025-09-30T22:58:03.477+0400: [System.gc() (Allocation Failure) 1096M->788M(4096M), 0.010 secs]
2025-09-30T22:58:03.529+0400: [GC (Allocation Failure) 880M->762M(4096M), 0.039 secs]
2025-09-30T22:58:03.823+0400: [Full GC (System.gc()) 998M->409M(4096M), 0.118 secs]
2025-09-30T22:58:04.426+0400: [GC (Allocation Failure) 1192M->1039M(4096M), 0.014 secs]
2025-09-30T22:58:04.490+0400: [GC (Allocation Failure) 1214M->967M(4096M), 0.029 secs]
2025-09-30T22:58:04.723+0400: [GC (Allocation Failure) 1298M->1151M(4096M), 0.005 secs]
2025-09-30T22:58:05.024+0400: [GC (Allocation Failure) 1404M->1199M(4096M), 0.010 secs]
2025-09-30T22:58:05.327+0400: [Full GC (System.gc()) 1490M->677M(4096M), 0.275 secs]
2025-09-30T22:58:05.498+0400: [GC (Allocation Failure) 1514M->1302M(4096M), 0.021 secs]
2025-09-30T22:58:05.633+0400: [System.gc() (Allocation Failure) 1598M->864M(4096M), 0.008 secs]
2025-09-30T22:58:05.924+0400: [GC (Allocation Failure) 952M->873M(4096M), 0.007 secs]
2025-09-30T22:58:06.003+0400: [GC (Allocation Failure) 974M->706M(4096M), 0.026 secs]
2025-09-30T22:58:06.223+0400: [GC (Allocation Failure) 1062M->968M(4096M), 0.005 secs]
2025-09-30T22:58:06.509+0400: [Full GC (System.gc()) 1088M->612M(4096M), 0.207 secs]
2025-09-30T22:58:06.522+0400: [GC (Allocation Failure) 1168M->1015M(4096M), 0.025 secs]
2025-09-30T22:58:06.952+0400: [GC (Allocation Failure) 1254M->1187M(4096M), 0.022 secs]
2025-09-30T22:58:07.251+0400: [GC (Allocation Failure) 1360M->1158M(4096M), 0.020 secs]
2025-09-30T22:58:07.550+0400: [GC (Allocation Failure) 1446M->1052M(4096M), 0.020 secs]
2025-09-30T22:58:07.651+0400: [Full GC (System.gc()) 1468M->753M(4096M), 0.235 secs]
2025-09-30T22:58:07.845+0400: [GC (Allocation Failure) 1554M->1404M(4096M), 0.012 secs]
2025-09-30T22:58:08.151+0400: [GC (Allocation Failure) 1640M->1419M(4096M), 0.029 secs]
2025-09-30T22:58:08.466+0400: [GC (Allocation Failure) 1746M->1514M(4096M), 0.006 secs]
2025-09-30T22:58:08.667+0400: [GC (Allocation Failure) 1770M->1651M(4096M), 0.022 secs]
2025-09-30T22:58:08.667+0400: [Full GC (System.gc()) 1770M->785M(4096M), 0.228 secs]
2025-09-30T22:58:08.769+0400: [System.gc() (Allocation Failure) 1852M->924M(4096M), 0.009 secs]
2025-09-30T22:58:09.048+0400: [GC (Allocation Failure) 1012M->960M(4096M), 0.005 secs]
2025-09-30T22:58:09.350+0400: [GC (Allocation Failure) 1120M->1007M(4096M), 0.022 secs]
2025-09-30T22:58:09.652+0400: [GC (Allocation Failure) 1206M->969M(4096M), 0.038 secs]
2025-09-30T22:58:09.674+0400: [GC (Allocation Failure) 1226M->1054M(4096M), 0.021 secs]
2025-09-30T22:58:09.952+0400: [Full GC (System.gc()) 1312M->585M(4096M), 0.132 secs]
2025-09-30T22:58:10.547+0400: [GC (Allocation Failure) 1506M->1074M(4096M), 0.017 secs]
2025-09-30T22:58:10.687+0400: [GC (Allocation Failure) 1530M->1310M(4096M), 0.010 secs]
2025-09-30T22:58:10.847+0400: [GC (Allocation Failure) 1612M->1476M(4096M), 0.010 secs]
2025-09-30T22:58:11.151+0400: [GC (Allocation Failure) 1698M->1323M(4096M), 0.010 secs]
2025-09-30T22:58:11.193+0400: [Full GC (System.gc()) 1720M->645M(4096M), 0.221 secs]
2025-09-30T22:58:11.209+0400: [System.gc() (Allocation Failure) 1720M->913M(4096M), 0.015 secs]
2025-09-30T22:58:11.454+0400: [GC (Allocation Failure) 1000M->864M(4096M), 0.024 secs]
2025-09-30T22:58:11.715+0400: [GC (Allocation Failure) 1026M->790M(4096M), 0.021 secs]
2025-09-30T22:58:11.750+0400: [GC (Allocation Failure) 1108M->1044M(4096M), 0.023 secs]
2025-09-30T22:58:11.758+0400: [System.gc() (Allocation Failure) 1108M->984M(4096M), 0.007 secs]
2025-09-30T22:58:12.052+0400: [GC (Allocation Failure) 1071M->988M(4096M), 0.006 secs]
2025-09-30T22:58:12.351+0400: [Full GC (System.gc()) 1181M->635M(4096M), 0.114 secs]
2025-09-30T22:58:12.652+0400: [GC (Allocation Failure) 1267M->1087M(4096M), 0.013 secs]
2025-09-30T22:58:12.728+0400: [GC (Allocation Failure) 1287M->1161M(4096M), 0.016 secs]
2025-09-30T22:58:12.951+0400: [GC (Allocation Failure) 1373M->1210M(4096M), 0.040 secs]
2025-09-30T22:58:13.551+0400: [GC (Allocation Failure) 1565M->1399M(4096M), 0.011 secs]
2025-09-30T22:58:13.742+0400: [Full GC (System.gc()) 1589M->963M(4096M), 0.205 secs]
2025-09-30T22:58:13.743+0400: [GC (Allocation Failure) 1589M->1136M(4096M), 0.035 secs]
2025-09-30T22:58:13.854+0400: [GC (Allocation Failure) 1671M->1446M(4096M), 0.015 secs]
2025-09-30T22:58:14.155+0400: [GC (Allocation Failure) 1757M->1537M(4096M), 0.020 secs]
2025-09-30T22:58:14.453+0400: [GC (Allocation Failure) 1863M->1402M(4096M), 0.032 secs]
2025-09-30T22:58:14.761+0400: [Full GC (System.gc()) 1949M->1198M(4096M), 0.177 secs]
2025-09-30T22:58:14.785+0400: [System.gc() (Allocation Failure) 1969M->1044M(4096M), 0.011 secs]
2025-09-30T22:58:15.052+0400: [GC (Allocation Failure) 1131M->968M(4096M), 0.013 secs]
2025-09-30T22:58:15.351+0400: [GC (Allocation Failure) 1239M->1109M(4096M), 0.021 secs]
2025-09-30T22:58:15.652+0400: [GC (Allocation Failure) 1325M->1210M(4096M), 0.005 secs]
2025-09-30T22:58:15.774+0400: [GC (Allocation Failure) 1347M->1229M(4096M), 0.016 secs]
2025-09-30T22:58:15.948+0400: [Full GC (System.gc()) 1431M->489M(4096M), 0.136 secs]
2025-09-30T22:58:16.251+0400: [GC (Allocation Failure) 1517M->1297M(4096M), 0.020 secs]
2025-09-30T22:58:16.278+0400: [GC (Allocation Failure) 1537M->1409M(4096M), 0.011 secs]
2025-09-30T22:58:16.551+0400: [GC (Allocation Failure) 1623M->1146M(4096M), 0.039 secs]
2025-09-30T22:58:16.784+0400: [GC (Allocation Failure) 1649M->1552M(4096M), 0.011 secs]
2025-09-30T22:58:16.859+0400: [Full GC (System.gc()) 1729M->461M(4096M), 0.209 secs]
2025-09-30T22:58:17.148+0400: [GC (Allocation Failure) 1817M->1599M(4096M), 0.048 secs]
2025-09-30T22:58:17.466+0400: [GC (Allocation Failure) 1923M->1640M(4096M), 0.017 secs]
2025-09-30T22:58:17.764+0400: [System.gc() (Allocation Failure) 2009M->1094M(4096M), 0.010 secs]
2025-09-30T22:58:17.797+0400: [GC (Allocation Failure) 1116M->982M(4096M), 0.006 secs]
2025-09-30T22:58:18.052+0400: [GC (Allocation Failure) 1200M->941M(4096M), 0.014 secs]
2025-09-30T22:58:18.348+0400: [Full GC (System.gc()) 1310M->527M(4096M), 0.188 secs]
2025-09-30T22:58:18.651+0400: [GC (Allocation Failure) 1396M->1218M(4096M), 0.022 secs]
2025-09-30T22:58:18.810+0400: [GC (Allocation Failure) 1418M->1222M(4096M), 0.027 secs]
2025-09-30T22:58:18.811+0400: [GC (Allocation Failure) 1418M->1243M(4096M), 0.009 secs]
2025-09-30T22:58:18.830+0400: [System.gc() (Allocation Failure) 1418M->1064M(4096M), 0.019 secs]
2025-09-30T22:58:18.952+0400: [GC (Allocation Failure) 1149M->1010M(4096M), 0.006 secs]
2025-09-30T22:58:19.552+0400: [Full GC (System.gc()) 1341M->416M(4096M), 0.189 secs]
2025-09-30T22:58:19.844+0400: [GC (Allocation Failure) 1367M->1213M(4096M), 0.009 secs]
2025-09-30T22:58:19.855+0400: [GC (Allocation Failure) 1447M->1358M(4096M), 0.012 secs]
2025-09-30T22:58:20.152+0400: [GC (Allocation Failure) 1535M->1337M(4096M), 0.048 secs]
2025-09-30T22:58:20.448+0400: [GC (Allocation Failure) 1641M->1513M(4096M), 0.021 secs]
2025-09-30T22:58:20.746+0400: [Full GC (System.gc()) 1727M->544M(4096M), 0.238 secs]
2025-09-30T22:58:20.762+0400: [System.gc() (Allocation Failure) 1727M->1154M(4096M), 0.016 secs]
2025-09-30T22:58:20.859+0400: [GC (Allocation Failure) 1177M->885M(4096M), 0.023 secs]
2025-09-30T22:58:21.050+0400: [GC (Allocation Failure) 1261M->1111M(4096M), 0.016 secs]
2025-09-30T22:58:21.348+0400: [GC (Allocation Failure) 1349M->1151M(4096M), 0.008 secs]
2025-09-30T22:58:21.366+0400: [GC (Allocation Failure) 1369M->970M(4096M), 0.045 secs]
2025-09-30T22:58:21.656+0400: [Full GC (System.gc()) 1455M->1075M(4096M), 0.237 secs]
2025-09-30T22:58:21.867+0400: [GC (Allocation Failure) 1479M->1318M(4096M), 0.005 secs]
2025-09-30T22:58:21.953+0400: [GC (Allocation Failure) 1561M->1341M(4096M), 0.047 secs]
2025-09-30T22:58:22.552+0400: [GC (Allocation Failure) 1755M->1564M(4096M), 0.010 secs]
2025-09-30T22:58:22.846+0400: [GC (Allocation Failure) 1841M->1655M(4096M), 0.015 secs]
2025-09-30T22:58:22.885+0400: [Full GC (System.gc()) 1861M->842M(4096M), 0.103 secs]
2025-09-30T22:58:23.153+0400: [GC (Allocation Failure) 1947M->1720M(4096M), 0.007 secs]
2025-09-30T22:58:23.456+0400: [GC (Allocation Failure) 2053M->1927M(4096M), 0.010 secs]
2025-09-30T22:58:23.755+0400: [System.gc() (Allocation Failure) 1230M->1214M(4096M), 0.009 secs]
2025-09-30T22:58:23.896+0400: [GC (Allocation Failure) 1237M->892M(4096M), 0.023 secs]
2025-09-30T22:58:23.897+0400: [GC (Allocation Failure) 1237M->1167M(4096M), 0.012 secs]
2025-09-30T22:58:24.051+0400: [Full GC (System.gc()) 1321M->840M(4096M), 0.135 secs]
2025-09-30T22:58:24.351+0400: [GC (Allocation Failure) 1409M->1238M(4096M), 0.040 secs]
2025-09-30T22:58:24.652+0400: [GC (Allocation Failure) 1515M->1297M(4096M), 0.009 secs]
2025-09-30T22:58:24.905+0400: [GC (Allocation Failure) 1541M->1362M(4096M), 0.018 secs]
2025-09-30T22:58:24.951+0400: [GC (Allocation Failure) 1621M->1137M(4096M), 0.031 secs]
2025-09-30T22:58:25.252+0400: [Full GC (System.gc()) 1707M->825M(4096M), 0.207 secs]
2025-09-30T22:58:25.551+0400: [GC (Allocation Failure) 1813M->1612M(4096M), 0.008 secs]
2025-09-30T22:58:25.851+0400: [GC (Allocation Failure) 1899M->1415M(4096M), 0.024 secs]
2025-09-30T22:58:25.920+0400: [GC (Allocation Failure) 1921M->1733M(4096M), 0.010 secs]
2025-09-30T22:58:26.150+0400: [GC (Allocation Failure) 2005M->1844M(4096M), 0.022 secs]
2025-09-30T22:58:26.432+0400: [Full GC (System.gc()) 2033M->970M(4096M), 0.122 secs]
2025-09-30T22:58:26.445+0400: [System.gc() (Allocation Failure) 2033M->1214M(4096M), 0.012 secs]
2025-09-30T22:58:26.452+0400: [GC (Allocation Failure) 1294M->1184M(4096M), 0.005 secs]
2025-09-30T22:58:26.765+0400: [System.gc() (Allocation Failure) 1380M->1274M(4096M), 0.013 secs]
2025-09-30T22:58:26.961+0400: [GC (Allocation Failure) 1301M->1146M(4096M), 0.013 secs]
2025-09-30T22:58:27.051+0400: [GC (Allocation Failure) 1381M->1015M(4096M), 0.033 secs]
2025-09-30T22:58:27.348+0400: [GC (Allocation Failure) 1467M->1317M(4096M), 0.017 secs]
2025-09-30T22:58:27.648+0400: [Full GC (System.gc()) 1573M->950M(4096M), 0.286 secs]
2025-09-30T22:58:27.951+0400: [GC (Allocation Failure) 1659M->1337M(4096M), 0.049 secs]
2025-09-30T22:58:27.972+0400: [GC (Allocation Failure) 1679M->1585M(4096M), 0.014 secs]
2025-09-30T22:58:28.545+0400: [GC (Allocation Failure) 1873M->1742M(4096M), 0.013 secs]
2025-09-30T22:58:28.851+0400: [GC (Allocation Failure) 1959M->1385M(4096M), 0.017 secs]
2025-09-30T22:58:28.984+0400: [Full GC (System.gc()) 1981M->847M(4096M), 0.235 secs]
2025-09-30T22:58:28.984+0400: [GC (Allocation Failure) 1981M->1792M(4096M), 0.019 secs]
2025-09-30T22:58:29.151+0400: [GC (Allocation Failure) 2065M->1537M(4096M), 0.028 secs]
2025-09-30T22:58:29.456+0400: [GC (Allocation Failure) 2151M->1956M(4096M), 0.010 secs]
2025-09-30T22:58:29.754+0400: [GC (Allocation Failure) 1392M->1307M(4096M), 0.015 secs]
2025-09-30T22:58:29.771+0400: [System.gc() (Allocation Failure) 1392M->1334M(4096M), 0.016 secs]
2025-09-30T22:58:29.999+0400: [Full GC (System.gc()) 1362M->635M(4096M), 0.198 secs]
2025-09-30T22:58:30.051+0400: [GC (Allocation Failure) 1444M->1314M(4096M), 0.021 secs]
2025-09-30T22:58:30.346+0400: [GC (Allocation Failure) 1530M->1350M(4096M), 0.014 secs]
2025-09-30T22:58:30.651+0400: [GC (Allocation Failure) 1638M->1398M(4096M), 0.044 secs]
2025-09-30T22:58:30.951+0400: [GC (Allocation Failure) 1724M->1547M(4096M), 0.010 secs]
2025-09-30T22:58:31.010+0400: [Full GC (System.gc()) 1746M->924M(4096M), 0.222 secs]
2025-09-30T22:58:31.513+0400: [GC (Allocation Failure) 1856M->1308M(4096M), 0.028 secs]
2025-09-30T22:58:31.552+0400: [GC (Allocation Failure) 1936M->1666M(4096M), 0.013 secs]
2025-09-30T22:58:31.850+0400: [GC (Allocation Failure) 2024M->1880M(4096M), 0.020 secs]
2025-09-30T22:58:32.017+0400: [GC (Allocation Failure) 2046M->1460M(4096M), 0.041 secs]
2025-09-30T22:58:32.148+0400: [Full GC (System.gc()) 2128M->1023M(4096M), 0.156 secs]
2025-09-30T22:58:32.452+0400: [GC (Allocation Failure) 2216M->2033M(4096M), 0.012 secs]
2025-09-30T22:58:32.777+0400: [System.gc() (Allocation Failure) 2322M->1394M(4096M), 0.017 secs]
2025-09-30T22:58:33.034+0400: [GC (Allocation Failure) 1423M->1207M(4096M), 0.045 secs]
2025-09-30T22:58:33.050+0400: [GC (Allocation Failure) 1502M->1316M(4096M), 0.024 secs]
2025-09-30T22:58:33.350+0400: [GC (Allocation Failure) 1586M->1442M(4096M), 0.021 secs]
2025-09-30T22:58:33.647+0400: [Full GC (System.gc()) 1694M->1112M(4096M), 0.108 secs]
2025-09-30T22:58:33.950+0400: [GC (Allocation Failure) 1780M->1542M(4096M), 0.006 secs]
2025-09-30T22:58:34.045+0400: [GC (Allocation Failure) 1802M->1578M(4096M), 0.014 secs]
2025-09-30T22:58:34.045+0400: [GC (Allocation Failure) 1802M->1405M(4096M), 0.011 secs]
2025-09-30T22:58:34.053+0400: [System.gc() (Allocation Failure) 1802M->1344M(4096M), 0.008 secs]
2025-09-30T22:58:34.253+0400: [GC (Allocation Failure) 1431M->1286M(4096M), 0.013 secs]
2025-09-30T22:58:34.551+0400: [Full GC (System.gc()) 1519M->409M(4096M), 0.297 secs]
2025-09-30T22:58:34.847+0400: [GC (Allocation Failure) 1625M->1210M(4096M), 0.032 secs]
2025-09-30T22:58:35.060+0400: [GC (Allocation Failure) 1651M->1407M(4096M), 0.008 secs]
2025-09-30T22:58:35.162+0400: [GC (Allocation Failure) 1731M->1507M(4096M), 0.008 secs]
2025-09-30T22:58:35.451+0400: [GC (Allocation Failure) 1819M->1477M(4096M), 0.012 secs]
2025-09-30T22:58:35.777+0400: [System.gc() (Allocation Failure) 1925M->1454M(4096M), 0.015 secs]
2025-09-30T22:58:36.060+0400: [Full GC (System.gc()) 1542M->950M(4096M), 0.124 secs]
2025-09-30T22:58:36.087+0400: [GC (Allocation Failure) 1563M->1385M(4096M), 0.006 secs]
2025-09-30T22:58:36.353+0400: [GC (Allocation Failure) 1647M->1304M(4096M), 0.041 secs]
2025-09-30T22:58:36.592+0400: [GC (Allocation Failure) 1673M->1522M(4096M), 0.019 secs]
2025-09-30T22:58:36.645+0400: [GC (Allocation Failure) 1755M->1538M(4096M), 0.013 secs]
2025-09-30T22:58:36.950+0400: [Full GC (System.gc()) 1841M->1288M(4096M), 0.135 secs]
2025-09-30T22:58:37.098+0400: [GC (Allocation Failure) 1865M->1657M(4096M), 0.017 secs]
2025-09-30T22:58:37.555+0400: [GC (Allocation Failure) 2035M->1762M(4096M), 0.013 secs]
2025-09-30T22:58:37.861+0400: [GC (Allocation Failure) 2141M->1641M(4096M), 0.025 secs]
2025-09-30T22:58:38.110+0400: [GC (Allocation Failure) 2165M->2005M(4096M), 0.012 secs]
2025-09-30T22:58:38.156+0400: [Full GC (System.gc()) 2247M->719M(4096M), 0.130 secs]
2025-09-30T22:58:38.459+0400: [GC (Allocation Failure) 2333M->1967M(4096M), 0.020 secs]
2025-09-30T22:58:38.755+0400: [GC (Allocation Failure) 2439M->2200M(4096M), 0.008 secs]
2025-09-30T22:58:38.768+0400: [System.gc() (Allocation Failure) 2439M->1514M(4096M), 0.012 secs]
2025-09-30T22:58:39.052+0400: [GC (Allocation Failure) 1605M->1421M(4096M), 0.018 secs]
2025-09-30T22:58:39.122+0400: [GC (Allocation Failure) 1627M->1434M(4096M), 0.044 secs]
2025-09-30T22:58:39.122+0400: [Full GC (System.gc()) 1627M->522M(4096M), 0.251 secs]
2025-09-30T22:58:39.351+0400: [GC (Allocation Failure) 1711M->1512M(4096M), 0.016 secs]
2025-09-30T22:58:39.650+0400: [GC (Allocation Failure) 1817M->1611M(4096M), 0.037 secs]
2025-09-30T22:58:39.951+0400: [GC (Allocation Failure) 1905M->1766M(4096M), 0.024 secs]
2025-09-30T22:58:40.133+0400: [GC (Allocation Failure) 1927M->1778M(4096M), 0.009 secs]
2025-09-30T22:58:40.550+0400: [Full GC (System.gc()) 2097M->917M(4096M), 0.252 secs]
2025-09-30T22:58:40.850+0400: [GC (Allocation Failure) 2231M->2059M(4096M), 0.023 secs]
2025-09-30T22:58:41.152+0400: [GC (Allocation Failure) 2339M->2111M(4096M), 0.017 secs]
2025-09-30T22:58:41.153+0400: [GC (Allocation Failure) 2347M->2061M(4096M), 0.017 secs]
2025-09-30T22:58:41.458+0400: [GC (Allocation Failure) 2427M->2167M(4096M), 0.013 secs]
2025-09-30T22:58:41.662+0400: [Full GC (System.gc()) 2447M->744M(4096M), 0.235 secs]
2025-09-30T22:58:41.684+0400: [System.gc() (Allocation Failure) 2447M->1486M(4096M), 0.021 secs]
2025-09-30T22:58:41.761+0400: [System.gc() (Allocation Failure) 1566M->1566M(4096M), 0.010 secs]
2025-09-30T22:58:42.053+0400: [GC (Allocation Failure) 1646M->1432M(4096M), 0.037 secs]
2025-09-30T22:58:42.193+0400: [GC (Allocation Failure) 1666M->1481M(4096M), 0.012 secs]
2025-09-30T22:58:42.351+0400: [GC (Allocation Failure) 1746M->1524M(4096M), 0.018 secs]
2025-09-30T22:58:42.651+0400: [GC (Allocation Failure) 1830M->1488M(4096M), 0.032 secs]
2025-09-30T22:58:42.951+0400: [Full GC (System.gc()) 1930M->708M(4096M), 0.102 secs]
2025-09-30T22:58:43.203+0400: [GC (Allocation Failure) 1950M->1737M(4096M), 0.023 secs]
2025-09-30T22:58:43.255+0400: [GC (Allocation Failure) 2030M->1553M(4096M), 0.025 secs]
2025-09-30T22:58:43.548+0400: [GC (Allocation Failure) 2110M->1853M(4096M), 0.007 secs]
2025-09-30T22:58:43.851+0400: [GC (Allocation Failure) 2210M->1984M(4096M), 0.006 secs]
2025-09-30T22:58:44.151+0400: [Full GC (System.gc()) 2290M->1446M(4096M), 0.193 secs]
2025-09-30T22:58:44.210+0400: [GC (Allocation Failure) 2310M->2046M(4096M), 0.017 secs]
2025-09-30T22:58:44.210+0400: [GC (Allocation Failure) 2310M->1965M(4096M), 0.015 secs]
2025-09-30T22:58:44.448+0400: [GC (Allocation Failure) 2390M->1891M(4096M), 0.020 secs]
2025-09-30T22:58:44.757+0400: [GC (Allocation Failure) 2490M->2314M(4096M), 0.009 secs]
2025-09-30T22:58:44.772+0400: [System.gc() (Allocation Failure) 2490M->1626M(4096M), 0.014 secs]
2025-09-30T22:58:45.053+0400: [Full GC (System.gc()) 1706M->836M(4096M), 0.101 secs]
2025-09-30T22:58:45.226+0400: [GC (Allocation Failure) 1726M->1427M(4096M), 0.045 secs]
2025-09-30T22:58:45.352+0400: [GC (Allocation Failure) 1806M->1601M(4096M), 0.017 secs]
2025-09-30T22:58:45.650+0400: [GC (Allocation Failure) 1888M->1733M(4096M), 0.017 secs]
2025-09-30T22:58:45.947+0400: [GC (Allocation Failure) 1988M->1465M(4096M), 0.021 secs]
2025-09-30T22:58:46.238+0400: [Full GC (System.gc()) 2008M->682M(4096M), 0.155 secs]
2025-09-30T22:58:46.556+0400: [GC (Allocation Failure) 2170M->1867M(4096M), 0.013 secs]
2025-09-30T22:58:46.739+0400: [GC (Allocation Failure) 2190M->1713M(4096M), 0.042 secs]
2025-09-30T22:58:46.848+0400: [GC (Allocation Failure) 2270M->2146M(4096M), 0.017 secs]
2025-09-30T22:58:47.150+0400: [GC (Allocation Failure) 2350M->2228M(4096M), 0.021 secs]
2025-09-30T22:58:47.245+0400: [Full GC (System.gc()) 2370M->986M(4096M), 0.162 secs]
2025-09-30T22:58:47.450+0400: [GC (Allocation Failure) 2450M->2124M(4096M), 0.013 secs]
2025-09-30T22:58:47.753+0400: [GC (Allocation Failure) 2550M->2226M(4096M), 0.019 secs]
2025-09-30T22:58:47.763+0400: [System.gc() (Allocation Failure) 2550M->1686M(4096M), 0.009 secs]
2025-09-30T22:58:48.054+0400: [GC (Allocation Failure) 1766M->1404M(4096M), 0.020 secs]
2025-09-30T22:58:48.253+0400: [GC (Allocation Failure) 1786M->1541M(4096M), 0.020 secs]
2025-09-30T22:58:48.349+0400: [Full GC (System.gc()) 1866M->1393M(4096M), 0.148 secs]
2025-09-30T22:58:48.652+0400: [GC (Allocation Failure) 1950M->1616M(4096M), 0.037 secs]
2025-09-30T22:58:48.951+0400: [GC (Allocation Failure) 2050M->1756M(4096M), 0.009 secs]
2025-09-30T22:58:49.266+0400: [GC (Allocation Failure) 2150M->2040M(4096M), 0.014 secs]
2025-09-30T22:58:49.266+0400: [GC (Allocation Failure) 2150M->1681M(4096M), 0.045 secs]
2025-09-30T22:58:49.284+0400: [System.gc() (Allocation Failure) 2150M->1716M(4096M), 0.017 secs]
2025-09-30T22:58:49.551+0400: [Full GC (System.gc()) 1796M->794M(4096M), 0.293 secs]
2025-09-30T22:58:49.851+0400: [GC (Allocation Failure) 1896M->1680M(4096M), 0.010 secs]
2025-09-30T22:58:50.151+0400: [GC (Allocation Failure) 1976M->1583M(4096M), 0.041 secs]
2025-09-30T22:58:50.296+0400: [GC (Allocation Failure) 1996M->1707M(4096M), 0.007 secs]
2025-09-30T22:58:50.451+0400: [GC (Allocation Failure) 2076M->1822M(4096M), 0.008 secs]
2025-09-30T22:58:50.770+0400: [System.gc() (Allocation Failure) 2160M->1736M(4096M), 0.019 secs]
2025-09-30T22:58:51.052+0400: [Full GC (System.gc()) 1836M->1347M(4096M), 0.154 secs]
2025-09-30T22:58:51.312+0400: [GC (Allocation Failure) 1856M->1734M(4096M), 0.005 secs]
2025-09-30T22:58:51.347+0400: [GC (Allocation Failure) 1936M->1761M(4096M), 0.020 secs]
2025-09-30T22:58:51.650+0400: [GC (Allocation Failure) 2018M->1533M(4096M), 0.015 secs]
2025-09-30T22:58:51.816+0400: [GC (Allocation Failure) 2038M->1785M(4096M), 0.022 secs]
2025-09-30T22:58:51.951+0400: [Full GC (System.gc()) 2118M->1384M(4096M), 0.251 secs]
2025-09-30T22:58:52.253+0400: [GC (Allocation Failure) 2198M->1958M(4096M), 0.010 secs]
2025-09-30T22:58:52.319+0400: [GC (Allocation Failure) 2220M->1990M(4096M), 0.006 secs]
2025-09-30T22:58:52.551+0400: [GC (Allocation Failure) 2300M->2082M(4096M), 0.017 secs]
2025-09-30T22:58:52.852+0400: [GC (Allocation Failure) 2400M->1699M(4096M), 0.023 secs]
2025-09-30T22:58:53.153+0400: [Full GC (System.gc()) 2480M->827M(4096M), 0.166 secs]
2025-09-30T22:58:53.336+0400: [GC (Allocation Failure) 2500M->2183M(4096M), 0.021 secs]
2025-09-30T22:58:53.457+0400: [GC (Allocation Failure) 2580M->2246M(4096M), 0.037 secs]
2025-09-30T22:58:53.758+0400: [GC (Allocation Failure) 2660M->2453M(4096M), 0.017 secs]
2025-09-30T22:58:53.771+0400: [System.gc() (Allocation Failure) 2660M->1796M(4096M), 0.013 secs]
2025-09-30T22:58:54.051+0400: [GC (Allocation Failure) 1896M->1728M(4096M), 0.007 secs]
2025-09-30T22:58:54.352+0400: [Full GC (System.gc()) 1948M->1244M(4096M), 0.251 secs]
2025-09-30T22:58:54.353+0400: [GC (Allocation Failure) 1948M->1717M(4096M), 0.022 secs]
2025-09-30T22:58:54.353+0400: [GC (Allocation Failure) 1996M->1807M(4096M), 0.020 secs]
2025-09-30T22:58:54.648+0400: [GC (Allocation Failure) 2080M->1580M(4096M), 0.037 secs]
2025-09-30T22:58:54.951+0400: [GC (Allocation Failure) 2180M->1988M(4096M), 0.015 secs]
2025-09-30T22:58:55.366+0400: [Full GC (System.gc()) 2280M->809M(4096M), 0.228 secs]
2025-09-30T22:58:55.550+0400: [GC (Allocation Failure) 2360M->1685M(4096M), 0.021 secs]
2025-09-30T22:58:55.850+0400: [GC (Allocation Failure) 2440M->2266M(4096M), 0.020 secs]
2025-09-30T22:58:56.150+0400: [GC (Allocation Failure) 2540M->2323M(4096M), 0.016 secs]
2025-09-30T22:58:56.376+0400: [GC (Allocation Failure) 2560M->1897M(4096M), 0.041 secs]
2025-09-30T22:58:56.450+0400: [Full GC (System.gc()) 2640M->1292M(4096M), 0.192 secs]
2025-09-30T22:58:56.758+0400: [GC (Allocation Failure) 2720M->2499M(4096M), 0.018 secs]
2025-09-30T22:58:56.778+0400: [System.gc() (Allocation Failure) 2720M->1856M(4096M), 0.020 secs]
2025-09-30T22:58:56.880+0400: [GC (Allocation Failure) 1876M->1559M(4096M), 0.026 secs]
2025-09-30T22:58:56.892+0400: [System.gc() (Allocation Failure) 1876M->1866M(4096M), 0.012 secs]
2025-09-30T22:58:57.050+0400: [GC (Allocation Failure) 1946M->1675M(4096M), 0.020 secs]
2025-09-30T22:58:57.352+0400: [GC (Allocation Failure) 2026M->1756M(4096M), 0.011 secs]
2025-09-30T22:58:57.399+0400: [Full GC (System.gc()) 2046M->1137M(4096M), 0.236 secs]
2025-09-30T22:58:57.654+0400: [GC (Allocation Failure) 2128M->1961M(4096M), 0.018 secs]
2025-09-30T22:58:57.953+0400: [GC (Allocation Failure) 2228M->2015M(4096M), 0.010 secs]
2025-09-30T22:58:58.410+0400: [GC (Allocation Failure) 2330M->2075M(4096M), 0.013 secs]
2025-09-30T22:58:58.554+0400: [GC (Allocation Failure) 2410M->2159M(4096M), 0.019 secs]
2025-09-30T22:58:58.847+0400: [Full GC (System.gc()) 2490M->1174M(4096M), 0.224 secs]
2025-09-30T22:58:59.154+0400: [GC (Allocation Failure) 2590M->1817M(4096M), 0.012 secs]
2025-09-30T22:58:59.422+0400: [GC (Allocation Failure) 2610M->2310M(4096M), 0.010 secs]
2025-09-30T22:58:59.422+0400: [GC (Allocation Failure) 2610M->2371M(4096M), 0.016 secs]
2025-09-30T22:58:59.456+0400: [GC (Allocation Failure) 2690M->2266M(4096M), 0.045 secs]
2025-09-30T22:58:59.756+0400: [Full GC (System.gc()) 2772M->1277M(4096M), 0.207 secs]
2025-09-30T22:58:59.767+0400: [System.gc() (Allocation Failure) 2772M->1916M(4096M), 0.011 secs]
2025-09-30T22:59:00.056+0400: [GC (Allocation Failure) 2016M->1717M(4096M), 0.019 secs]
2025-09-30T22:59:00.351+0400: [GC (Allocation Failure) 2098M->1812M(4096M), 0.021 secs]
2025-09-30T22:59:00.435+0400: [GC (Allocation Failure) 2118M->1970M(4096M), 0.021 secs]
2025-09-30T22:59:00.646+0400: [GC (Allocation Failure) 2202M->2087M(4096M), 0.005 secs]
2025-09-30T22:59:00.951+0400: [Full GC (System.gc()) 2302M->654M(4096M), 0.155 secs]
2025-09-30T22:59:01.250+0400: [GC (Allocation Failure) 2382M->2261M(4096M), 0.019 secs]
2025-09-30T22:59:01.451+0400: [GC (Allocation Failure) 2402M->2264M(4096M), 0.008 secs]
2025-09-30T22:59:01.550+0400: [GC (Allocation Failure) 2482M->1755M(4096M), 0.044 secs]
2025-09-30T22:59:01.851+0400: [GC (Allocation Failure) 2562M->2180M(4096M), 0.007 secs]
2025-09-30T22:59:01.958+0400: [Full GC (System.gc()) 2582M->745M(4096M), 0.226 secs]
2025-09-30T22:59:02.160+0400: [GC (Allocation Failure) 2662M->1956M(4096M), 0.034 secs]
2025-09-30T22:59:02.453+0400: [GC (Allocation Failure) 2742M->2524M(4096M), 0.019 secs]
2025-09-30T22:59:02.461+0400: [GC (Allocation Failure) 2762M->2611M(4096M), 0.017 secs]
2025-09-30T22:59:02.756+0400: [GC (Allocation Failure) 2842M->2186M(4096M), 0.042 secs]
2025-09-30T22:59:02.767+0400: [System.gc() (Allocation Failure) 2842M->1976M(4096M), 0.011 secs]
2025-09-30T22:59:03.050+0400: [Full GC (System.gc()) 2078M->693M(4096M), 0.106 secs]
2025-09-30T22:59:03.351+0400: [GC (Allocation Failure) 2158M->1882M(4096M), 0.021 secs]
2025-09-30T22:59:03.475+0400: [GC (Allocation Failure) 2178M->1611M(4096M), 0.034 secs]
2025-09-30T22:59:03.652+0400: [GC (Allocation Failure) 2260M->1987M(4096M), 0.021 secs]
2025-09-30T22:59:03.952+0400: [GC (Allocation Failure) 2340M->2069M(4096M), 0.021 secs]
2025-09-30T22:59:04.484+0400: [Full GC (System.gc()) 2462M->1032M(4096M), 0.193 secs]
2025-09-30T22:59:04.485+0400: [GC (Allocation Failure) 2462M->2239M(4096M), 0.012 secs]
2025-09-30T22:59:04.502+0400: [System.gc() (Allocation Failure) 2462M->2016M(4096M), 0.017 secs]
2025-09-30T22:59:04.551+0400: [GC (Allocation Failure) 2096M->1841M(4096M), 0.020 secs]
2025-09-30T22:59:04.848+0400: [GC (Allocation Failure) 2180M->1845M(4096M), 0.022 secs]
2025-09-30T22:59:05.147+0400: [GC (Allocation Failure) 2282M->2039M(4096M), 0.021 secs]
2025-09-30T22:59:05.450+0400: [Full GC (System.gc()) 2362M->1686M(4096M), 0.124 secs]
2025-09-30T22:59:05.515+0400: [GC (Allocation Failure) 2382M->1683M(4096M), 0.029 secs]
2025-09-30T22:59:05.753+0400: [GC (Allocation Failure) 2462M->2179M(4096M), 0.006 secs]
2025-09-30T22:59:05.769+0400: [System.gc() (Allocation Failure) 2462M->2036M(4096M), 0.016 secs]
2025-09-30T22:59:06.050+0400: [GC (Allocation Failure) 2136M->1988M(4096M), 0.015 secs]
2025-09-30T22:59:06.353+0400: [GC (Allocation Failure) 2218M->1729M(4096M), 0.029 secs]
2025-09-30T22:59:06.522+0400: [Full GC (System.gc()) 2240M->1622M(4096M), 0.117 secs]
2025-09-30T22:59:06.650+0400: [GC (Allocation Failure) 2324M->2039M(4096M), 0.022 secs]
2025-09-30T22:59:06.951+0400: [GC (Allocation Failure) 2404M->2057M(4096M), 0.039 secs]
2025-09-30T22:59:07.025+0400: [GC (Allocation Failure) 2424M->2288M(4096M), 0.006 secs]
2025-09-30T22:59:07.251+0400: [GC (Allocation Failure) 2504M->2362M(4096M), 0.024 secs]
2025-09-30T22:59:07.527+0400: [Full GC (System.gc()) 2524M->1390M(4096M), 0.175 secs]
2025-09-30T22:59:07.552+0400: [GC (Allocation Failure) 2604M->2313M(4096M), 0.005 secs]
2025-09-30T22:59:07.850+0400: [GC (Allocation Failure) 2684M->2539M(4096M), 0.014 secs]
2025-09-30T22:59:08.155+0400: [GC (Allocation Failure) 2784M->1968M(4096M), 0.012 secs]
2025-09-30T22:59:08.452+0400: [GC (Allocation Failure) 2864M->2534M(4096M), 0.016 secs]
2025-09-30T22:59:08.537+0400: [Full GC (System.gc()) 2884M->1430M(4096M), 0.238 secs]
2025-09-30T22:59:08.759+0400: [GC (Allocation Failure) 2964M->2184M(4096M), 0.032 secs]
2025-09-30T22:59:08.775+0400: [System.gc() (Allocation Failure) 2964M->2096M(4096M), 0.016 secs]
2025-09-30T22:59:09.052+0400: [GC (Allocation Failure) 2196M->1986M(4096M), 0.016 secs]
2025-09-30T22:59:09.353+0400: [GC (Allocation Failure) 2276M->2162M(4096M), 0.008 secs]
2025-09-30T22:59:09.552+0400: [GC (Allocation Failure) 2296M->1919M(4096M), 0.014 secs]
2025-09-30T22:59:09.553+0400: [Full GC (System.gc()) 2296M->1618M(4096M), 0.176 secs]
2025-09-30T22:59:09.646+0400: [GC (Allocation Failure) 2380M->2210M(4096M), 0.017 secs]
2025-09-30T22:59:09.947+0400: [GC (Allocation Failure) 2460M->1781M(4096M), 0.035 secs]
2025-09-30T22:59:10.252+0400: [GC (Allocation Failure) 2560M->2371M(4096M), 0.016 secs]
2025-09-30T22:59:10.551+0400: [GC (Allocation Failure) 2642M->2417M(4096M), 0.017 secs]
2025-09-30T22:59:10.566+0400: [Full GC (System.gc()) 2662M->1510M(4096M), 0.282 secs]
2025-09-30T22:59:10.851+0400: [GC (Allocation Failure) 2742M->2522M(4096M), 0.020 secs]
2025-09-30T22:59:11.151+0400: [GC (Allocation Failure) 2842M->2446M(4096M), 0.008 secs]
2025-09-30T22:59:11.450+0400: [GC (Allocation Failure) 2922M->2627M(4096M), 0.024 secs]
2025-09-30T22:59:11.576+0400: [GC (Allocation Failure) 2942M->2769M(4096M), 0.013 secs]
2025-09-30T22:59:11.755+0400: [Full GC (System.gc()) 3022M->1822M(4096M), 0.158 secs]
2025-09-30T22:59:11.771+0400: [System.gc() (Allocation Failure) 3022M->2156M(4096M), 0.016 secs]
2025-09-30T22:59:12.059+0400: [GC (Allocation Failure) 2236M->1886M(4096M), 0.045 secs]
2025-09-30T22:59:12.082+0400: [GC (Allocation Failure) 2256M->2027M(4096M), 0.023 secs]
2025-09-30T22:59:12.094+0400: [System.gc() (Allocation Failure) 2256M->2146M(4096M), 0.011 secs]
2025-09-30T22:59:12.349+0400: [GC (Allocation Failure) 2226M->1949M(4096M), 0.021 secs]
2025-09-30T22:59:12.602+0400: [GC (Allocation Failure) 2246M->1940M(4096M), 0.014 secs]
2025-09-30T22:59:12.652+0400: [Full GC (System.gc()) 2330M->1242M(4096M), 0.238 secs]
2025-09-30T22:59:12.951+0400: [GC (Allocation Failure) 2410M->2161M(4096M), 0.022 secs]
2025-09-30T22:59:13.251+0400: [GC (Allocation Failure) 2510M->2069M(4096M), 0.036 secs]
2025-09-30T22:59:13.551+0400: [GC (Allocation Failure) 2590M->2393M(4096M), 0.007 secs]
2025-09-30T22:59:13.615+0400: [GC (Allocation Failure) 2610M->2366M(4096M), 0.008 secs]
2025-09-30T22:59:13.850+0400: [Full GC (System.gc()) 2690M->1689M(4096M), 0.173 secs]
2025-09-30T22:59:14.151+0400: [GC (Allocation Failure) 2790M->2616M(4096M), 0.017 secs]
2025-09-30T22:59:14.448+0400: [GC (Allocation Failure) 2872M->2552M(4096M), 0.007 secs]
2025-09-30T22:59:14.625+0400: [GC (Allocation Failure) 2892M->2370M(4096M), 0.013 secs]
2025-09-30T22:59:14.625+0400: [GC (Allocation Failure) 2892M->2641M(4096M), 0.008 secs]
2025-09-30T22:59:14.757+0400: [Full GC (System.gc()) 2974M->961M(4096M), 0.256 secs]
2025-09-30T22:59:14.772+0400: [System.gc() (Allocation Failure) 2974M->2216M(4096M), 0.015 secs]
2025-09-30T22:59:15.054+0400: [GC (Allocation Failure) 2296M->1935M(4096M), 0.027 secs]
2025-09-30T22:59:15.351+0400: [GC (Allocation Failure) 2396M->2118M(4096M), 0.013 secs]
2025-09-30T22:59:15.639+0400: [GC (Allocation Failure) 2418M->2068M(4096M), 0.012 secs]
2025-09-30T22:59:15.651+0400: [GC (Allocation Failure) 2500M->1982M(4096M), 0.021 secs]
2025-09-30T22:59:15.950+0400: [Full GC (System.gc()) 2582M->1524M(4096M), 0.271 secs]
2025-09-30T22:59:16.251+0400: [GC (Allocation Failure) 2682M->2363M(4096M), 0.006 secs]
2025-09-30T22:59:16.551+0400: [GC (Allocation Failure) 2764M->2118M(4096M), 0.015 secs]
2025-09-30T22:59:16.644+0400: [GC (Allocation Failure) 2798M->2474M(4096M), 0.009 secs]
2025-09-30T22:59:16.846+0400: [GC (Allocation Failure) 2892M->2506M(4096M), 0.022 secs]
2025-09-30T22:59:17.152+0400: [Full GC (System.gc()) 2986M->1674M(4096M), 0.128 secs]
2025-09-30T22:59:17.153+0400: [GC (Allocation Failure) 2998M->2758M(4096M), 0.011 secs]
2025-09-30T22:59:17.457+0400: [GC (Allocation Failure) 3084M->2719M(4096M), 0.018 secs]
2025-09-30T22:59:17.656+0400: [GC (Allocation Failure) 3110M->2466M(4096M), 0.044 secs]
2025-09-30T22:59:17.756+0400: [GC (Allocation Failure) 3192M->2902M(4096M), 0.017 secs]
2025-09-30T22:59:17.769+0400: [System.gc() (Allocation Failure) 3192M->2284M(4096M), 0.013 secs]
2025-09-30T22:59:18.052+0400: [Full GC (System.gc()) 2371M->721M(4096M), 0.288 secs]
2025-09-30T22:59:18.353+0400: [GC (Allocation Failure) 2479M->2140M(4096M), 0.030 secs]
2025-09-30T22:59:18.651+0400: [GC (Allocation Failure) 2565M->2252M(4096M), 0.023 secs]
2025-09-30T22:59:18.666+0400: [GC (Allocation Failure) 2585M->2340M(4096M), 0.009 secs]
2025-09-30T22:59:18.951+0400: [GC (Allocation Failure) 2671M->2335M(4096M), 0.042 secs]
2025-09-30T22:59:19.254+0400: [Full GC (System.gc()) 2777M->2055M(4096M), 0.235 secs]
2025-09-30T22:59:19.553+0400: [GC (Allocation Failure) 2879M->2470M(4096M), 0.018 secs]
2025-09-30T22:59:19.673+0400: [GC (Allocation Failure) 2901M->2034M(4096M), 0.023 secs]
2025-09-30T22:59:19.673+0400: [GC (Allocation Failure) 2901M->2534M(4096M), 0.020 secs]
2025-09-30T22:59:19.697+0400: [System.gc() (Allocation Failure) 2901M->2303M(4096M), 0.024 secs]
2025-09-30T22:59:19.849+0400: [GC (Allocation Failure) 2387M->2030M(4096M), 0.008 secs]
2025-09-30T22:59:20.148+0400: [Full GC (System.gc()) 2473M->1037M(4096M), 0.206 secs]
2025-09-30T22:59:20.447+0400: [GC (Allocation Failure) 2581M->2420M(4096M), 0.010 secs]
2025-09-30T22:59:20.710+0400: [GC (Allocation Failure) 2607M->2246M(4096M), 0.018 secs]
2025-09-30T22:59:20.751+0400: [GC (Allocation Failure) 2689M->2181M(4096M), 0.048 secs]
2025-09-30T22:59:20.762+0400: [System.gc() (Allocation Failure) 2689M->2344M(4096M), 0.011 secs]
2025-09-30T22:59:21.055+0400: [GC (Allocation Failure) 2431M->2135M(4096M), 0.016 secs]
2025-09-30T22:59:21.347+0400: [Full GC (System.gc()) 2536M->1161M(4096M), 0.185 secs]
2025-09-30T22:59:21.646+0400: [GC (Allocation Failure) 2620M->2349M(4096M), 0.047 secs]
2025-09-30T22:59:21.724+0400: [GC (Allocation Failure) 2644M->2384M(4096M), 0.024 secs]
2025-09-30T22:59:21.947+0400: [GC (Allocation Failure) 2728M->2556M(4096M), 0.020 secs]
2025-09-30T22:59:22.227+0400: [GC (Allocation Failure) 2754M->2445M(4096M), 0.026 secs]
2025-09-30T22:59:22.250+0400: [Full GC (System.gc()) 2834M->1217M(4096M), 0.169 secs]
2025-09-30T22:59:22.551+0400: [GC (Allocation Failure) 2920M->2722M(4096M), 0.019 secs]
2025-09-30T22:59:22.735+0400: [GC (Allocation Failure) 2944M->2184M(4096M), 0.010 secs]
2025-09-30T22:59:22.853+0400: [GC (Allocation Failure) 3026M->2780M(4096M), 0.024 secs]
2025-09-30T22:59:23.149+0400: [GC (Allocation Failure) 3112M->2914M(4096M), 0.021 secs]
2025-09-30T22:59:23.457+0400: [Full GC (System.gc()) 3218M->1785M(4096M), 0.149 secs]
2025-09-30T22:59:23.751+0400: [GC (Allocation Failure) 3252M->3079M(4096M), 0.005 secs]
2025-09-30T22:59:23.764+0400: [GC (Allocation Failure) 3324M->2882M(4096M), 0.018 secs]
2025-09-30T22:59:23.784+0400: [System.gc() (Allocation Failure) 3324M->2404M(4096M), 0.019 secs]
2025-09-30T22:59:24.063+0400: [GC (Allocation Failure) 2492M->1841M(4096M), 0.031 secs]
2025-09-30T22:59:24.355+0400: [GC (Allocation Failure) 2595M->2221M(4096M), 0.023 secs]
2025-09-30T22:59:24.651+0400: [Full GC (System.gc()) 2679M->951M(4096M), 0.233 secs]
2025-09-30T22:59:24.768+0400: [GC (Allocation Failure) 2703M->2010M(4096M), 0.032 secs]
2025-09-30T22:59:24.769+0400: [GC (Allocation Failure) 2705M->2397M(4096M), 0.020 secs]
2025-09-30T22:59:24.952+0400: [GC (Allocation Failure) 2787M->2400M(4096M), 0.018 secs]
2025-09-30T22:59:25.253+0400: [GC (Allocation Failure) 2873M->2129M(4096M), 0.014 secs]
2025-09-30T22:59:25.552+0400: [Full GC (System.gc()) 2979M->1169M(4096M), 0.125 secs]
2025-09-30T22:59:25.778+0400: [GC (Allocation Failure) 3003M->2559M(4096M), 0.006 secs]
2025-09-30T22:59:25.848+0400: [GC (Allocation Failure) 3085M->2547M(4096M), 0.011 secs]
2025-09-30T22:59:26.151+0400: [GC (Allocation Failure) 3171M->2902M(4096M), 0.005 secs]
2025-09-30T22:59:26.450+0400: [GC (Allocation Failure) 3277M->2963M(4096M), 0.013 secs]
2025-09-30T22:59:26.752+0400: [Full GC (System.gc()) 3363M->1316M(4096M), 0.289 secs]
2025-09-30T22:59:26.770+0400: [System.gc() (Allocation Failure) 3363M->2454M(4096M), 0.018 secs]
2025-09-30T22:59:26.789+0400: [GC (Allocation Failure) 2475M->2228M(4096M), 0.017 secs]
2025-09-30T22:59:27.050+0400: [GC (Allocation Failure) 2559M->2293M(4096M), 0.024 secs]
2025-09-30T22:59:27.296+0400: [GC (Allocation Failure) 2585M->2203M(4096M), 0.029 secs]
2025-09-30T22:59:27.319+0400: [System.gc() (Allocation Failure) 2585M->2454M(4096M), 0.023 secs]
2025-09-30T22:59:27.353+0400: [GC (Allocation Failure) 2535M->2338M(4096M), 0.012 secs]
2025-09-30T22:59:27.648+0400: [Full GC (System.gc()) 2621M->953M(4096M), 0.273 secs]
2025-09-30T22:59:27.821+0400: [GC (Allocation Failure) 2645M->2136M(4096M), 0.017 secs]
2025-09-30T22:59:27.952+0400: [GC (Allocation Failure) 2727M->2459M(4096M), 0.021 secs]
2025-09-30T22:59:28.249+0400: [GC (Allocation Failure) 2813M->2512M(4096M), 0.005 secs]
2025-09-30T22:59:28.556+0400: [GC (Allocation Failure) 2921M->2261M(4096M), 0.022 secs]
2025-09-30T22:59:28.833+0400: [Full GC (System.gc()) 2945M->1007M(4096M), 0.226 secs]
2025-09-30T22:59:28.860+0400: [GC (Allocation Failure) 3027M->2803M(4096M), 0.021 secs]
2025-09-30T22:59:29.146+0400: [GC (Allocation Failure) 3113M->2586M(4096M), 0.030 secs]
2025-09-30T22:59:29.450+0400: [GC (Allocation Failure) 3219M->2903M(4096M), 0.012 secs]
2025-09-30T22:59:29.754+0400: [GC (Allocation Failure) 3305M->3024M(4096M), 0.017 secs]
2025-09-30T22:59:29.774+0400: [System.gc() (Allocation Failure) 3305M->2514M(4096M), 0.020 secs]
2025-09-30T22:59:29.850+0400: [Full GC (System.gc()) 2535M->1815M(4096M), 0.119 secs]
2025-09-30T22:59:29.851+0400: [GC (Allocation Failure) 2535M->2341M(4096M), 0.005 secs]
2025-09-30T22:59:30.051+0400: [GC (Allocation Failure) 2619M->2304M(4096M), 0.021 secs]
2025-09-30T22:59:30.351+0400: [GC (Allocation Failure) 2705M->2088M(4096M), 0.046 secs]
2025-09-30T22:59:30.653+0400: [GC (Allocation Failure) 2811M->2550M(4096M), 0.010 secs]
2025-09-30T22:59:30.867+0400: [Full GC (System.gc()) 2837M->2094M(4096M), 0.208 secs]
2025-09-30T22:59:30.950+0400: [GC (Allocation Failure) 2919M->2401M(4096M), 0.025 secs]
2025-09-30T22:59:31.252+0400: [GC (Allocation Failure) 2999M->2759M(4096M), 0.023 secs]
2025-09-30T22:59:31.550+0400: [GC (Allocation Failure) 3099M->2780M(4096M), 0.008 secs]
2025-09-30T22:59:31.850+0400: [GC (Allocation Failure) 3179M->2852M(4096M), 0.049 secs]
2025-09-30T22:59:31.877+0400: [Full GC (System.gc()) 3199M->1296M(4096M), 0.173 secs]
2025-09-30T22:59:32.157+0400: [GC (Allocation Failure) 3283M->2953M(4096M), 0.007 secs]
2025-09-30T22:59:32.385+0400: [GC (Allocation Failure) 3307M->2558M(4096M), 0.045 secs]
2025-09-30T22:59:32.461+0400: [GC (Allocation Failure) 3389M->3136M(4096M), 0.023 secs]
2025-09-30T22:59:32.764+0400: [GC (Allocation Failure) 3475M->3221M(4096M), 0.013 secs]
2025-09-30T22:59:32.784+0400: [System.gc() (Allocation Failure) 3475M->2574M(4096M), 0.020 secs]
2025-09-30T22:59:32.895+0400: [Full GC (System.gc()) 2597M->1667M(4096M), 0.229 secs]
2025-09-30T22:59:33.051+0400: [GC (Allocation Failure) 2679M->2408M(4096M), 0.011 secs]
2025-09-30T22:59:33.347+0400: [GC (Allocation Failure) 2765M->2410M(4096M), 0.011 secs]
2025-09-30T22:59:33.654+0400: [GC (Allocation Failure) 2871M->2158M(4096M), 0.031 secs]
2025-09-30T22:59:33.903+0400: [GC (Allocation Failure) 2897M->2545M(4096M), 0.021 secs]
2025-09-30T22:59:33.952+0400: [Full GC (System.gc()) 2979M->1004M(4096M), 0.145 secs]
2025-09-30T22:59:34.252+0400: [GC (Allocation Failure) 3065M->2604M(4096M), 0.035 secs]
2025-09-30T22:59:34.550+0400: [GC (Allocation Failure) 3173M->2809M(4096M), 0.014 secs]
2025-09-30T22:59:34.851+0400: [GC (Allocation Failure) 3259M->2993M(4096M), 0.005 secs]
2025-09-30T22:59:34.911+0400: [GC (Allocation Failure) 3279M->2420M(4096M), 0.014 secs]
2025-09-30T22:59:34.912+0400: [Full GC (System.gc()) 3279M->1470M(4096M), 0.150 secs]
2025-09-30T22:59:34.934+0400: [System.gc() (Allocation Failure) 3279M->2584M(4096M), 0.022 secs]
2025-09-30T22:59:35.156+0400: [GC (Allocation Failure) 2669M->2524M(4096M), 0.023 secs]
2025-09-30T22:59:35.452+0400: [GC (Allocation Failure) 2773M->2031M(4096M), 0.021 secs]
2025-09-30T22:59:35.751+0400: [GC (Allocation Failure) 2861M->2646M(4096M), 0.010 secs]
2025-09-30T22:59:35.776+0400: [System.gc() (Allocation Failure) 2861M->2634M(4096M), 0.025 secs]
2025-09-30T22:59:35.947+0400: [GC (Allocation Failure) 2660M->2312M(4096M), 0.015 secs]
2025-09-30T22:59:36.052+0400: [Full GC (System.gc()) 2740M->798M(4096M), 0.189 secs]
2025-09-30T22:59:36.350+0400: [GC (Allocation Failure) 2826M->2587M(4096M), 0.017 secs]
2025-09-30T22:59:36.652+0400: [GC (Allocation Failure) 2932M->2715M(4096M), 0.011 secs]
2025-09-30T22:59:36.950+0400: [GC (Allocation Failure) 3018M->2611M(4096M), 0.018 secs]
2025-09-30T22:59:36.961+0400: [GC (Allocation Failure) 3038M->2760M(4096M), 0.009 secs]
2025-09-30T22:59:37.248+0400: [Full GC (System.gc()) 3124M->1530M(4096M), 0.122 secs]
2025-09-30T22:59:37.468+0400: [GC (Allocation Failure) 3150M->2611M(4096M), 0.035 secs]
2025-09-30T22:59:37.550+0400: [GC (Allocation Failure) 3232M->2862M(4096M), 0.019 secs]
2025-09-30T22:59:37.851+0400: [GC (Allocation Failure) 3318M->2822M(4096M), 0.022 secs]
2025-09-30T22:59:37.974+0400: [GC (Allocation Failure) 3340M->2691M(4096M), 0.025 secs]
2025-09-30T22:59:37.974+0400: [Full GC (System.gc()) 3340M->1139M(4096M), 0.188 secs]
2025-09-30T22:59:38.152+0400: [GC (Allocation Failure) 3424M->3163M(4096M), 0.007 secs]
2025-09-30T22:59:38.453+0400: [GC (Allocation Failure) 3510M->2662M(4096M), 0.023 secs]
2025-09-30T22:59:38.480+0400: [GC (Allocation Failure) 3530M->3116M(4096M), 0.007 secs]
2025-09-30T22:59:38.759+0400: [GC (Allocation Failure) 3616M->3355M(4096M), 0.010 secs]
2025-09-30T22:59:38.776+0400: [System.gc() (Allocation Failure) 3616M->2694M(4096M), 0.016 secs]
2025-09-30T22:59:38.986+0400: [Full GC (System.gc()) 2720M->1515M(4096M), 0.200 secs]
2025-09-30T22:59:39.052+0400: [GC (Allocation Failure) 2800M->2467M(4096M), 0.017 secs]
2025-09-30T22:59:39.345+0400: [GC (Allocation Failure) 2886M->2601M(4096M), 0.022 secs]
2025-09-30T22:59:39.651+0400: [GC (Allocation Failure) 2992M->2201M(4096M), 0.041 secs]
2025-09-30T22:59:39.953+0400: [GC (Allocation Failure) 3078M->2764M(4096M), 0.012 secs]
2025-09-30T22:59:40.003+0400: [Full GC (System.gc()) 3100M->1224M(4096M), 0.203 secs]
2025-09-30T22:59:40.003+0400: [GC (Allocation Failure) 3100M->2782M(4096M), 0.020 secs]
2025-09-30T22:59:40.250+0400: [GC (Allocation Failure) 3184M->2946M(4096M), 0.020 secs]
2025-09-30T22:59:40.552+0400: [GC (Allocation Failure) 3292M->2845M(4096M), 0.010 secs]
2025-09-30T22:59:40.851+0400: [GC (Allocation Failure) 3378M->2480M(4096M), 0.032 secs]
2025-09-30T22:59:41.016+0400: [Full GC (System.gc()) 3400M->1273M(4096M), 0.162 secs]
2025-09-30T22:59:41.016+0400: [GC (Allocation Failure) 3400M->3192M(4096M), 0.019 secs]
2025-09-30T22:59:41.146+0400: [GC (Allocation Failure) 3484M->2899M(4096M), 0.049 secs]
2025-09-30T22:59:41.450+0400: [GC (Allocation Failure) 3570M->3349M(4096M), 0.011 secs]
2025-09-30T22:59:41.524+0400: [GC (Allocation Failure) 3592M->3357M(4096M), 0.021 secs]
2025-09-30T22:59:41.763+0400: [Full GC (System.gc()) 3676M->1398M(4096M), 0.235 secs]
2025-09-30T22:59:41.783+0400: [System.gc() (Allocation Failure) 3676M->2754M(4096M), 0.020 secs]
2025-09-30T22:59:42.034+0400: [GC (Allocation Failure) 2781M->2615M(4096M), 0.015 secs]
2025-09-30T22:59:42.052+0400: [GC (Allocation Failure) 2863M->2597M(4096M), 0.007 secs]
2025-09-30T22:59:42.352+0400: [GC (Allocation Failure) 2947M->2190M(4096M), 0.045 secs]
2025-09-30T22:59:42.549+0400: [GC (Allocation Failure) 2971M->2806M(4096M), 0.009 secs]
2025-09-30T22:59:42.573+0400: [System.gc() (Allocation Failure) 2971M->2734M(4096M), 0.024 secs]
2025-09-30T22:59:42.654+0400: [Full GC (System.gc()) 2817M->1337M(4096M), 0.131 secs]
2025-09-30T22:59:42.950+0400: [GC (Allocation Failure) 2903M->2310M(4096M), 0.048 secs]
2025-09-30T22:59:43.083+0400: [GC (Allocation Failure) 2927M->2667M(4096M), 0.024 secs]
2025-09-30T22:59:43.264+0400: [GC (Allocation Failure) 3011M->2853M(4096M), 0.017 secs]
2025-09-30T22:59:43.548+0400: [GC (Allocation Failure) 3097M->2187M(4096M), 0.018 secs]
2025-09-30T22:59:43.846+0400: [Full GC (System.gc()) 3203M->1560M(4096M), 0.230 secs]
2025-09-30T22:59:44.094+0400: [GC (Allocation Failure) 3227M->2778M(4096M), 0.020 secs]
2025-09-30T22:59:44.150+0400: [GC (Allocation Failure) 3309M->2466M(4096M), 0.020 secs]
2025-09-30T22:59:44.447+0400: [GC (Allocation Failure) 3397M->3047M(4096M), 0.019 secs]
2025-09-30T22:59:44.602+0400: [GC (Allocation Failure) 3419M->3095M(4096M), 0.005 secs]
2025-09-30T22:59:44.749+0400: [Full GC (System.gc()) 3503M->1853M(4096M), 0.234 secs]
2025-09-30T22:59:44.774+0400: [System.gc() (Allocation Failure) 3503M->2814M(4096M), 0.025 secs]
2025-09-30T22:59:45.052+0400: [GC (Allocation Failure) 2900M->2471M(4096M), 0.023 secs]
2025-09-30T22:59:45.110+0400: [GC (Allocation Failure) 2922M->2539M(4096M), 0.014 secs]
2025-09-30T22:59:45.110+0400: [GC (Allocation Failure) 2922M->2303M(4096M), 0.019 secs]
2025-09-30T22:59:45.346+0400: [GC (Allocation Failure) 3006M->2693M(4096M), 0.010 secs]
2025-09-30T22:59:45.650+0400: [Full GC (System.gc()) 3112M->1352M(4096M), 0.134 secs]
2025-09-30T22:59:45.950+0400: [GC (Allocation Failure) 3200M->2817M(4096M), 0.022 secs]
2025-09-30T22:59:46.123+0400: [GC (Allocation Failure) 3222M->2748M(4096M), 0.019 secs]
2025-09-30T22:59:46.258+0400: [GC (Allocation Failure) 3306M->2879M(4096M), 0.015 secs]
2025-09-30T22:59:46.550+0400: [GC (Allocation Failure) 3392M->2433M(4096M), 0.037 secs]
2025-09-30T22:59:46.630+0400: [Full GC (System.gc()) 3414M->2358M(4096M), 0.261 secs]
2025-09-30T22:59:46.848+0400: [GC (Allocation Failure) 3498M->3054M(4096M), 0.006 secs]
2025-09-30T22:59:47.136+0400: [GC (Allocation Failure) 3524M->2557M(4096M), 0.039 secs]
2025-09-30T22:59:47.136+0400: [GC (Allocation Failure) 3524M->3094M(4096M), 0.015 secs]
2025-09-30T22:59:47.153+0400: [GC (Allocation Failure) 3604M->3104M(4096M), 0.012 secs]
2025-09-30T22:59:47.453+0400: [Full GC (System.gc()) 3692M->2445M(4096M), 0.203 secs]
2025-09-30T22:59:47.645+0400: [GC (Allocation Failure) 3716M->3176M(4096M), 0.022 secs]
2025-09-30T22:59:47.766+0400: [GC (Allocation Failure) 3798M->3344M(4096M), 0.014 secs]
2025-09-30T22:59:47.784+0400: [System.gc() (Allocation Failure) 3798M->2874M(4096M), 0.018 secs]
2025-09-30T22:59:48.055+0400: [GC (Allocation Failure) 2959M->2415M(4096M), 0.027 secs]
2025-09-30T22:59:48.157+0400: [GC (Allocation Failure) 2981M->2787M(4096M), 0.006 secs]
2025-09-30T22:59:48.348+0400: [Full GC (System.gc()) 3065M->958M(4096M), 0.121 secs]
2025-09-30T22:59:48.655+0400: [GC (Allocation Failure) 3151M->2269M(4096M), 0.029 secs]
2025-09-30T22:59:48.949+0400: [GC (Allocation Failure) 3257M->3020M(4096M), 0.020 secs]
2025-09-30T22:59:49.177+0400: [GC (Allocation Failure) 3283M->3012M(4096M), 0.005 secs]
2025-09-30T22:59:49.177+0400: [GC (Allocation Failure) 3283M->2694M(4096M), 0.021 secs]
2025-09-30T22:59:49.254+0400: [Full GC (System.gc()) 3363M->1969M(4096M), 0.195 secs]
2025-09-30T22:59:49.549+0400: [GC (Allocation Failure) 3451M->3208M(4096M), 0.009 secs]
2025-09-30T22:59:49.684+0400: [GC (Allocation Failure) 3473M->3008M(4096M), 0.038 secs]
2025-09-30T22:59:49.852+0400: [GC (Allocation Failure) 3557M->3289M(4096M), 0.013 secs]
2025-09-30T22:59:50.147+0400: [GC (Allocation Failure) 3643M->3288M(4096M), 0.022 secs]
2025-09-30T22:59:50.186+0400: [Full GC (System.gc()) 3663M->1035M(4096M), 0.179 secs]
2025-09-30T22:59:50.186+0400: [GC (Allocation Failure) 3663M->3346M(4096M), 0.008 secs]
2025-09-30T22:59:50.207+0400: [System.gc() (Allocation Failure) 3663M->2864M(4096M), 0.021 secs]
2025-09-30T22:59:50.453+0400: [GC (Allocation Failure) 2949M->2542M(4096M), 0.023 secs]
2025-09-30T22:59:50.752+0400: [GC (Allocation Failure) 3055M->2481M(4096M), 0.039 secs]
2025-09-30T22:59:50.772+0400: [System.gc() (Allocation Failure) 3055M->2934M(4096M), 0.020 secs]
2025-09-30T22:59:51.056+0400: [GC (Allocation Failure) 3021M->2716M(4096M), 0.015 secs]
2025-09-30T22:59:51.220+0400: [Full GC (System.gc()) 3043M->1364M(4096M), 0.156 secs]
2025-09-30T22:59:51.349+0400: [GC (Allocation Failure) 3127M->2785M(4096M), 0.029 secs]
2025-09-30T22:59:51.651+0400: [GC (Allocation Failure) 3213M->2966M(4096M), 0.008 secs]
2025-09-30T22:59:51.950+0400: [GC (Allocation Failure) 3319M->2898M(4096M), 0.007 secs]
2025-09-30T22:59:52.234+0400: [GC (Allocation Failure) 3345M->2995M(4096M), 0.020 secs]
2025-09-30T22:59:52.235+0400: [Full GC (System.gc()) 3345M->1786M(4096M), 0.292 secs]
2025-09-30T22:59:52.250+0400: [GC (Allocation Failure) 3425M->3193M(4096M), 0.024 secs]
2025-09-30T22:59:52.554+0400: [GC (Allocation Failure) 3513M->3041M(4096M), 0.019 secs]
2025-09-30T22:59:52.742+0400: [GC (Allocation Failure) 3537M->3184M(4096M), 0.012 secs]
2025-09-30T22:59:52.860+0400: [GC (Allocation Failure) 3619M->3206M(4096M), 0.016 secs]
2025-09-30T22:59:53.160+0400: [Full GC (System.gc()) 3705M->1047M(4096M), 0.226 secs]
2025-09-30T22:59:53.246+0400: [GC (Allocation Failure) 3727M->3327M(4096M), 0.010 secs]
2025-09-30T22:59:53.247+0400: [GC (Allocation Failure) 3727M->3393M(4096M), 0.008 secs]
2025-09-30T22:59:53.462+0400: [GC (Allocation Failure) 3811M->2985M(4096M), 0.032 secs]
2025-09-30T22:59:53.761+0400: [GC (Allocation Failure) 3887M->3447M(4096M), 0.017 secs]
2025-09-30T22:59:53.765+0400: [Full GC (System.gc()) 3919M->1759M(4096M), 0.280 secs]
2025-09-30T22:59:53.783+0400: [System.gc() (Allocation Failure) 3919M->2994M(4096M), 0.018 secs]
2025-09-30T22:59:54.053+0400: [GC (Allocation Failure) 3080M->2568M(4096M), 0.013 secs]
2025-09-30T22:59:54.271+0400: [GC (Allocation Failure) 3104M->2732M(4096M), 0.012 secs]
2025-09-30T22:59:54.350+0400: [GC (Allocation Failure) 3188M->2903M(4096M), 0.005 secs]
2025-09-30T22:59:54.653+0400: [GC (Allocation Failure) 3274M->2880M(4096M), 0.027 secs]
2025-09-30T22:59:54.786+0400: [Full GC (System.gc()) 3296M->1210M(4096M), 0.241 secs]
2025-09-30T22:59:54.950+0400: [GC (Allocation Failure) 3380M->3119M(4096M), 0.007 secs]
2025-09-30T22:59:55.251+0400: [GC (Allocation Failure) 3466M->2461M(4096M), 0.039 secs]
2025-09-30T22:59:55.294+0400: [GC (Allocation Failure) 3486M->3028M(4096M), 0.021 secs]
2025-09-30T22:59:55.294+0400: [GC (Allocation Failure) 3486M->3179M(4096M), 0.018 secs]
2025-09-30T22:59:55.546+0400: [Full GC (System.gc()) 3572M->2120M(4096M), 0.199 secs]
2025-09-30T22:59:55.798+0400: [GC (Allocation Failure) 3596M->3185M(4096M), 0.018 secs]
2025-09-30T22:59:55.847+0400: [GC (Allocation Failure) 3678M->3136M(4096M), 0.023 secs]
2025-09-30T22:59:56.152+0400: [GC (Allocation Failure) 3764M->3345M(4096M), 0.027 secs]
2025-09-30T22:59:56.303+0400: [GC (Allocation Failure) 3786M->3518M(4096M), 0.021 secs]
2025-09-30T22:59:56.303+0400: [Full GC (System.gc()) 3786M->2216M(4096M), 0.205 secs]
2025-09-30T22:59:56.455+0400: [GC (Allocation Failure) 3870M->3423M(4096M), 0.036 secs]
2025-09-30T22:59:56.752+0400: [GC (Allocation Failure) 3956M->3525M(4096M), 0.014 secs]
2025-09-30T22:59:56.773+0400: [System.gc() (Allocation Failure) 3956M->3044M(4096M), 0.021 secs]
2025-09-30T22:59:57.051+0400: [GC (Allocation Failure) 3151M->2937M(4096M), 0.023 secs]
2025-09-30T22:59:57.317+0400: [GC (Allocation Failure) 3177M->2302M(4096M), 0.022 secs]
2025-09-30T22:59:57.351+0400: [Full GC (System.gc()) 3259M->1447M(4096M), 0.131 secs]
2025-09-30T22:59:57.649+0400: [GC (Allocation Failure) 3345M->3046M(4096M), 0.014 secs]
2025-09-30T22:59:57.828+0400: [GC (Allocation Failure) 3369M->2874M(4096M), 0.018 secs]
2025-09-30T22:59:57.850+0400: [System.gc() (Allocation Failure) 3369M->3014M(4096M), 0.021 secs]
2025-09-30T22:59:57.956+0400: [GC (Allocation Failure) 3097M->2636M(4096M), 0.007 secs]
2025-09-30T22:59:58.255+0400: [GC (Allocation Failure) 3183M->2790M(4096M), 0.010 secs]
2025-09-30T22:59:58.358+0400: [Full GC (System.gc()) 3207M->1083M(4096M), 0.121 secs]
2025-09-30T22:59:58.553+0400: [GC (Allocation Failure) 3291M->3100M(4096M), 0.005 secs]
2025-09-30T22:59:58.854+0400: [GC (Allocation Failure) 3379M->3151M(4096M), 0.009 secs]
2025-09-30T22:59:58.860+0400: [GC (Allocation Failure) 3399M->2500M(4096M), 0.035 secs]
2025-09-30T22:59:59.150+0400: [GC (Allocation Failure) 3485M->3073M(4096M), 0.023 secs]
2025-09-30T22:59:59.367+0400: [Full GC (System.gc()) 3509M->1743M(4096M), 0.183 secs]
2025-09-30T22:59:59.368+0400: [GC (Allocation Failure) 3509M->2469M(4096M), 0.029 secs]
2025-09-30T22:59:59.450+0400: [GC (Allocation Failure) 3591M->3267M(4096M), 0.007 secs]
2025-09-30T22:59:59.751+0400: [GC (Allocation Failure) 3677M->3209M(4096M), 0.024 secs]
2025-09-30T22:59:59.770+0400: [System.gc() (Allocation Failure) 3677M->3104M(4096M), 0.019 secs]
2025-09-30T23:00:00.053+0400: [GC (Allocation Failure) 3211M->2513M(4096M), 0.034 secs]
2025-09-30T23:00:00.347+0400: [Full GC (System.gc()) 3299M->1417M(4096M), 0.125 secs]
2025-09-30T23:00:00.383+0400: [GC (Allocation Failure) 3319M->2873M(4096M), 0.005 secs]
2025-09-30T23:00:00.384+0400: [GC (Allocation Failure) 3319M->2971M(4096M), 0.045 secs]
2025-09-30T23:00:00.647+0400: [GC (Allocation Failure) 3405M->2902M(4096M), 0.010 secs]
2025-09-30T23:00:00.889+0400: [GC (Allocation Failure) 3429M->2915M(4096M), 0.024 secs]
2025-09-30T23:00:00.950+0400: [Full GC (System.gc()) 3511M->2074M(4096M), 0.192 secs]
2025-09-30T23:00:01.249+0400: [GC (Allocation Failure) 3597M->3310M(4096M), 0.023 secs]
2025-09-30T23:00:01.397+0400: [GC (Allocation Failure) 3621M->3403M(4096M), 0.013 secs]
2025-09-30T23:00:01.397+0400: [GC (Allocation Failure) 3621M->3098M(4096M), 0.015 secs]
2025-09-30T23:00:01.549+0400: [GC (Allocation Failure) 3703M->3385M(4096M), 0.010 secs]
2025-09-30T23:00:01.875+0400: [Full GC (System.gc()) 3791M->1274M(4096M), 0.296 secs]
2025-09-30T23:00:01.902+0400: [GC (Allocation Failure) 3811M->2693M(4096M), 0.039 secs]
2025-09-30T23:00:02.164+0400: [GC (Allocation Failure) 3895M->3395M(4096M), 0.018 secs]
2025-09-30T23:00:02.406+0400: [GC (Allocation Failure) 3921M->3711M(4096M), 0.018 secs]
2025-09-30T23:00:02.407+0400: [GC (Allocation Failure) 3921M->3295M(4096M), 0.029 secs]
2025-09-30T23:00:02.460+0400: [Full GC (System.gc()) 4001M->1871M(4096M), 0.131 secs]
2025-09-30T23:00:02.772+0400: [GC (Allocation Failure) 3186M->2822M(4096M), 0.015 secs]
2025-09-30T23:00:02.786+0400: [System.gc() (Allocation Failure) 3186M->3164M(4096M), 0.014 secs]
2025-09-30T23:00:02.916+0400: [GC (Allocation Failure) 3187M->2801M(4096M), 0.046 secs]
2025-09-30T23:00:03.051+0400: [GC (Allocation Failure) 3269M->2793M(4096M), 0.007 secs]
2025-09-30T23:00:03.351+0400: [GC (Allocation Failure) 3357M->2922M(4096M), 0.018 secs]
2025-09-30T23:00:03.420+0400: [Full GC (System.gc()) 3379M->1902M(4096M), 0.139 secs]
2025-09-30T23:00:03.420+0400: [GC (Allocation Failure) 3379M->3146M(4096M), 0.021 secs]
2025-09-30T23:00:03.653+0400: [GC (Allocation Failure) 3463M->3080M(4096M), 0.022 secs]
2025-09-30T23:00:03.928+0400: [GC (Allocation Failure) 3489M->2554M(4096M), 0.015 secs]
2025-09-30T23:00:03.952+0400: [GC (Allocation Failure) 3569M->3200M(4096M), 0.020 secs]
2025-09-30T23:00:04.247+0400: [Full GC (System.gc()) 3657M->1605M(4096M), 0.285 secs]
2025-09-30T23:00:04.436+0400: [GC (Allocation Failure) 3681M->3050M(4096M), 0.017 secs]
2025-09-30T23:00:04.437+0400: [GC (Allocation Failure) 3681M->3334M(4096M), 0.024 secs]
2025-09-30T23:00:04.551+0400: [GC (Allocation Failure) 3763M->3382M(4096M), 0.011 secs]
2025-09-30T23:00:04.850+0400: [GC (Allocation Failure) 3849M->2918M(4096M), 0.031 secs]
2025-09-30T23:00:04.940+0400: [Full GC (System.gc()) 3871M->1860M(4096M), 0.160 secs]
2025-09-30T23:00:05.151+0400: [GC (Allocation Failure) 3957M->3365M(4096M), 0.020 secs]
2025-09-30T23:00:05.443+0400: [GC (Allocation Failure) 3981M->2879M(4096M), 0.024 secs]
2025-09-30T23:00:05.443+0400: [GC (Allocation Failure) 3981M->3449M(4096M), 0.010 secs]
2025-09-30T23:00:05.466+0400: [System.gc() (Allocation Failure) 3981M->3164M(4096M), 0.023 secs]
2025-09-30T23:00:05.474+0400: [GC (Allocation Failure) 3246M->3033M(4096M), 0.019 secs]
2025-09-30T23:00:05.752+0400: [Full GC (System.gc()) 3330M->956M(4096M), 0.270 secs]
2025-09-30T23:00:05.770+0400: [System.gc() (Allocation Failure) 3330M->3224M(4096M), 0.018 secs]
2025-09-30T23:00:06.051+0400: [GC (Allocation Failure) 3330M->3088M(4096M), 0.021 secs]
2025-09-30T23:00:06.346+0400: [GC (Allocation Failure) 3418M->3131M(4096M), 0.014 secs]
2025-09-30T23:00:06.484+0400: [GC (Allocation Failure) 3440M->2684M(4096M), 0.023 secs]
2025-09-30T23:00:06.484+0400: [GC (Allocation Failure) 3440M->2932M(4096M), 0.015 secs]
2025-09-30T23:00:06.650+0400: [Full GC (System.gc()) 3524M->1468M(4096M), 0.187 secs]
2025-09-30T23:00:06.951+0400: [GC (Allocation Failure) 3610M->2939M(4096M), 0.043 secs]
2025-09-30T23:00:06.992+0400: [GC (Allocation Failure) 3630M->3401M(4096M), 0.012 secs]
2025-09-30T23:00:07.247+0400: [GC (Allocation Failure) 3716M->3324M(4096M), 0.016 secs]
2025-09-30T23:00:07.496+0400: [GC (Allocation Failure) 3740M->3290M(4096M), 0.046 secs]
2025-09-30T23:00:07.496+0400: [Full GC (System.gc()) 3740M->1022M(4096M), 0.165 secs]
2025-09-30T23:00:07.551+0400: [GC (Allocation Failure) 3822M->3254M(4096M), 0.020 secs]
2025-09-30T23:00:07.850+0400: [GC (Allocation Failure) 3908M->3222M(4096M), 0.045 secs]
2025-09-30T23:00:08.002+0400: [GC (Allocation Failure) 3932M->3694M(4096M), 0.011 secs]
2025-09-30T23:00:08.152+0400: [GC (Allocation Failure) 4014M->3456M(4096M), 0.016 secs]
2025-09-30T23:00:08.457+0400: [Full GC (System.gc()) 3309M->828M(4096M), 0.252 secs]
2025-09-30T23:00:08.508+0400: [GC (Allocation Failure) 3331M->3022M(4096M), 0.007 secs]
2025-09-30T23:00:08.508+0400: [GC (Allocation Failure) 3331M->3007M(4096M), 0.015 secs]
2025-09-30T23:00:08.750+0400: [GC (Allocation Failure) 3415M->2549M(4096M), 0.018 secs]
2025-09-30T23:00:08.768+0400: [System.gc() (Allocation Failure) 3415M->3284M(4096M), 0.018 secs]
2025-09-30T23:00:09.021+0400: [GC (Allocation Failure) 3311M->2904M(4096M), 0.014 secs]
2025-09-30T23:00:09.050+0400: [Full GC (System.gc()) 3391M->1278M(4096M), 0.196 secs]
2025-09-30T23:00:09.354+0400: [GC (Allocation Failure) 3477M->2713M(4096M), 0.026 secs]
2025-09-30T23:00:09.527+0400: [GC (Allocation Failure) 3501M->3313M(4096M), 0.022 secs]
2025-09-30T23:00:09.528+0400: [GC (Allocation Failure) 3501M->3262M(4096M), 0.008 secs]
2025-09-30T23:00:09.649+0400: [GC (Allocation Failure) 3585M->3104M(4096M), 0.046 secs]
2025-09-30T23:00:09.951+0400: [Full GC (System.gc()) 3671M->1006M(4096M), 0.230 secs]
2025-09-30T23:00:10.033+0400: [GC (Allocation Failure) 3693M->3146M(4096M), 0.023 secs]
2025-09-30T23:00:10.247+0400: [GC (Allocation Failure) 3777M->2992M(4096M), 0.028 secs]
2025-09-30T23:00:10.536+0400: [GC (Allocation Failure) 3803M->3238M(4096M), 0.023 secs]
2025-09-30T23:00:10.536+0400: [GC (Allocation Failure) 3803M->3484M(4096M), 0.018 secs]
2025-09-30T23:00:10.567+0400: [Full GC (System.gc()) 3883M->1624M(4096M), 0.227 secs]
2025-09-30T23:00:10.850+0400: [GC (Allocation Failure) 3969M->3618M(4096M), 0.016 secs]
2025-09-30T23:00:11.044+0400: [GC (Allocation Failure) 3993M->3778M(4096M), 0.021 secs]
2025-09-30T23:00:11.150+0400: [GC (Allocation Failure) 4075M->3605M(4096M), 0.022 secs]
2025-09-30T23:00:11.451+0400: [GC (Allocation Failure) 3387M->3113M(4096M), 0.013 secs]
2025-09-30T23:00:11.552+0400: [Full GC (System.gc()) 3409M->1746M(4096M), 0.135 secs]
2025-09-30T23:00:11.552+0400: [GC (Allocation Failure) 3409M->2758M(4096M), 0.020 secs]
2025-09-30T23:00:11.750+0400: [GC (Allocation Failure) 3493M->3268M(4096M), 0.007 secs]
2025-09-30T23:00:11.770+0400: [System.gc() (Allocation Failure) 3493M->3344M(4096M), 0.019 secs]
2025-09-30T23:00:12.053+0400: [GC (Allocation Failure) 3430M->3249M(4096M), 0.005 secs]
2025-09-30T23:00:12.057+0400: [GC (Allocation Failure) 3450M->2902M(4096M), 0.032 secs]
2025-09-30T23:00:12.348+0400: [Full GC (System.gc()) 3540M->1427M(4096M), 0.132 secs]
2025-09-30T23:00:12.560+0400: [GC (Allocation Failure) 3564M->3075M(4096M), 0.007 secs]
2025-09-30T23:00:12.561+0400: [GC (Allocation Failure) 3564M->2604M(4096M), 0.026 secs]
2025-09-30T23:00:12.650+0400: [GC (Allocation Failure) 3646M->3289M(4096M), 0.009 secs]
2025-09-30T23:00:12.950+0400: [GC (Allocation Failure) 3732M->3246M(4096M), 0.020 secs]
2025-09-30T23:00:13.066+0400: [Full GC (System.gc()) 3754M->1244M(4096M), 0.204 secs]
2025-09-30T23:00:13.083+0400: [System.gc() (Allocation Failure) 3754M->3294M(4096M), 0.017 secs]
2025-09-30T23:00:13.251+0400: [GC (Allocation Failure) 3379M->3117M(4096M), 0.008 secs]
2025-09-30T23:00:13.551+0400: [GC (Allocation Failure) 3465M->3253M(4096M), 0.011 secs]
2025-09-30T23:00:13.591+0400: [GC (Allocation Failure) 3485M->3067M(4096M), 0.023 secs]
2025-09-30T23:00:13.591+0400: [GC (Allocation Failure) 3485M->3135M(4096M), 0.019 secs]
2025-09-30T23:00:13.850+0400: [Full GC (System.gc()) 3571M->1940M(4096M), 0.251 secs]
2025-09-30T23:00:14.098+0400: [GC (Allocation Failure) 3595M->2650M(4096M), 0.040 secs]
2025-09-30T23:00:14.159+0400: [GC (Allocation Failure) 3679M->3162M(4096M), 0.024 secs]
2025-09-30T23:00:14.450+0400: [GC (Allocation Failure) 3765M->3244M(4096M), 0.017 secs]
2025-09-30T23:00:14.604+0400: [GC (Allocation Failure) 3789M->3321M(4096M), 0.048 secs]
2025-09-30T23:00:14.604+0400: [Full GC (System.gc()) 3789M->2833M(4096M), 0.203 secs]
2025-09-30T23:00:14.751+0400: [GC (Allocation Failure) 3871M->3329M(4096M), 0.022 secs]
2025-09-30T23:00:14.774+0400: [System.gc() (Allocation Failure) 3871M->3404M(4096M), 0.023 secs]
2025-09-30T23:00:15.051+0400: [GC (Allocation Failure) 3490M->2446M(4096M), 0.014 secs]
2025-09-30T23:00:15.118+0400: [GC (Allocation Failure) 3512M->3077M(4096M), 0.017 secs]
2025-09-30T23:00:15.350+0400: [GC (Allocation Failure) 3598M->3275M(4096M), 0.007 secs]
2025-09-30T23:00:15.626+0400: [Full GC (System.gc()) 3622M->2538M(4096M), 0.200 secs]
2025-09-30T23:00:15.626+0400: [GC (Allocation Failure) 3622M->3317M(4096M), 0.012 secs]
2025-09-30T23:00:15.648+0400: [GC (Allocation Failure) 3704M->3260M(4096M), 0.017 secs]
2025-09-30T23:00:15.955+0400: [GC (Allocation Failure) 3790M->2936M(4096M), 0.018 secs]
2025-09-30T23:00:16.135+0400: [GC (Allocation Failure) 3814M->3347M(4096M), 0.018 secs]
2025-09-30T23:00:16.246+0400: [Full GC (System.gc()) 3896M->2151M(4096M), 0.177 secs]
2025-09-30T23:00:16.551+0400: [GC (Allocation Failure) 3982M->3291M(4096M), 0.049 secs]
2025-09-30T23:00:16.638+0400: [GC (Allocation Failure) 4004M->3477M(4096M), 0.011 secs]
2025-09-30T23:00:16.639+0400: [GC (Allocation Failure) 4004M->3556M(4096M), 0.014 secs]
2025-09-30T23:00:16.855+0400: [GC (Allocation Failure) 3529M->3043M(4096M), 0.020 secs]
2025-09-30T23:00:17.149+0400: [Full GC (System.gc()) 3615M->2016M(4096M), 0.295 secs]
2025-09-30T23:00:17.150+0400: [GC (Allocation Failure) 3635M->3384M(4096M), 0.021 secs]
2025-09-30T23:00:17.452+0400: [GC (Allocation Failure) 3723M->3167M(4096M), 0.039 secs]
2025-09-30T23:00:17.659+0400: [GC (Allocation Failure) 3747M->3412M(4096M), 0.010 secs]
2025-09-30T23:00:17.660+0400: [GC (Allocation Failure) 3747M->3227M(4096M), 0.020 secs]
2025-09-30T23:00:17.750+0400: [Full GC (System.gc()) 3829M->2002M(4096M), 0.279 secs]
2025-09-30T23:00:17.773+0400: [System.gc() (Allocation Failure) 3829M->3464M(4096M), 0.023 secs]
2025-09-30T23:00:18.052+0400: [GC (Allocation Failure) 3550M->3162M(4096M), 0.008 secs]
2025-09-30T23:00:18.165+0400: [GC (Allocation Failure) 3572M->3161M(4096M), 0.005 secs]
2025-09-30T23:00:18.350+0400: [GC (Allocation Failure) 3658M->3220M(4096M), 0.014 secs]
2025-09-30T23:00:18.648+0400: [GC (Allocation Failure) 3744M->3277M(4096M), 0.008 secs]
2025-09-30T23:00:18.670+0400: [Full GC (System.gc()) 3764M->1704M(4096M), 0.170 secs]
2025-09-30T23:00:18.670+0400: [GC (Allocation Failure) 3764M->2713M(4096M), 0.010 secs]
2025-09-30T23:00:18.950+0400: [GC (Allocation Failure) 3850M->3627M(4096M), 0.017 secs]
2025-09-30T23:00:19.177+0400: [GC (Allocation Failure) 3876M->3319M(4096M), 0.023 secs]
2025-09-30T23:00:19.249+0400: [GC (Allocation Failure) 3958M->3086M(4096M), 0.040 secs]
2025-09-30T23:00:19.550+0400: [Full GC (System.gc()) 4044M->2690M(4096M), 0.124 secs]
2025-09-30T23:00:19.683+0400: [GC (Allocation Failure) 4080M->3749M(4096M), 0.019 secs]
2025-09-30T23:00:19.683+0400: [GC (Allocation Failure) 4080M->3533M(4096M), 0.028 secs]
2025-09-30T23:00:19.850+0400: [GC (Allocation Failure) 3609M->3408M(4096M), 0.021 secs]
2025-09-30T23:00:20.150+0400: [GC (Allocation Failure) 3693M->3159M(4096M), 0.007 secs]
2025-09-30T23:00:20.187+0400: [Full GC (System.gc()) 3717M->2381M(4096M), 0.293 secs]
2025-09-30T23:00:20.451+0400: [GC (Allocation Failure) 3803M->3250M(4096M), 0.013 secs]
2025-09-30T23:00:20.696+0400: [GC (Allocation Failure) 3829M->3504M(4096M), 0.011 secs]
2025-09-30T23:00:20.696+0400: [GC (Allocation Failure) 3829M->2713M(4096M), 0.015 secs]
2025-09-30T23:00:20.706+0400: [System.gc() (Allocation Failure) 3829M->3444M(4096M), 0.009 secs]
2025-09-30T23:00:20.751+0400: [GC (Allocation Failure) 3528M->3330M(4096M), 0.016 secs]
2025-09-30T23:00:20.762+0400: [System.gc() (Allocation Failure) 3528M->3526M(4096M), 0.011 secs]
2025-09-30T23:00:21.054+0400: [Full GC (System.gc()) 3614M->922M(4096M), 0.265 secs]
2025-09-30T23:00:21.213+0400: [GC (Allocation Failure) 3636M->2910M(4096M), 0.027 secs]
2025-09-30T23:00:21.350+0400: [GC (Allocation Failure) 3720M->3488M(4096M), 0.007 secs]
2025-09-30T23:00:21.651+0400: [GC (Allocation Failure) 3806M->3551M(4096M), 0.008 secs]
2025-09-30T23:00:21.718+0400: [GC (Allocation Failure) 3828M->2768M(4096M), 0.034 secs]
2025-09-30T23:00:21.718+0400: [Full GC (System.gc()) 3828M->1341M(4096M), 0.285 secs]
2025-09-30T23:00:21.946+0400: [GC (Allocation Failure) 3912M->3615M(4096M), 0.023 secs]
2025-09-30T23:00:22.224+0400: [GC (Allocation Failure) 3938M->3067M(4096M), 0.019 secs]
2025-09-30T23:00:22.250+0400: [GC (Allocation Failure) 4020M->3747M(4096M), 0.020 secs]
2025-09-30T23:00:22.555+0400: [GC (Allocation Failure) 3654M->3453M(4096M), 0.020 secs]
2025-09-30T23:00:22.732+0400: [Full GC (System.gc()) 3674M->2186M(4096M), 0.291 secs]
2025-09-30T23:00:22.733+0400: [GC (Allocation Failure) 3674M->3385M(4096M), 0.014 secs]
2025-09-30T23:00:22.848+0400: [GC (Allocation Failure) 3756M->3223M(4096M), 0.020 secs]
2025-09-30T23:00:23.151+0400: [GC (Allocation Failure) 3844M->3306M(4096M), 0.037 secs]
2025-09-30T23:00:23.236+0400: [GC (Allocation Failure) 3866M->3339M(4096M), 0.009 secs]
2025-09-30T23:00:23.448+0400: [Full GC (System.gc()) 3950M->1904M(4096M), 0.246 secs]
2025-09-30T23:00:23.743+0400: [GC (Allocation Failure) 3976M->3279M(4096M), 0.027 secs]
2025-09-30T23:00:23.743+0400: [GC (Allocation Failure) 3976M->3466M(4096M), 0.011 secs]
2025-09-30T23:00:23.751+0400: [GC (Allocation Failure) 4058M->3743M(4096M), 0.017 secs]
2025-09-30T23:00:23.768+0400: [System.gc() (Allocation Failure) 4058M->3584M(4096M), 0.017 secs]
2025-09-30T23:00:24.052+0400: [GC (Allocation Failure) 3671M->2819M(4096M), 0.049 secs]
2025-09-30T23:00:24.250+0400: [Full GC (System.gc()) 3694M->2061M(4096M), 0.164 secs]
2025-09-30T23:00:24.351+0400: [GC (Allocation Failure) 3778M->3521M(4096M), 0.012 secs]
2025-09-30T23:00:24.650+0400: [GC (Allocation Failure) 3864M->3429M(4096M), 0.028 secs]
2025-09-30T23:00:24.758+0400: [GC (Allocation Failure) 3886M->3631M(4096M), 0.008 secs]
2025-09-30T23:00:24.758+0400: [GC (Allocation Failure) 3886M->3322M(4096M), 0.018 secs]
2025-09-30T23:00:24.948+0400: [Full GC (System.gc()) 3970M->2189M(4096M), 0.280 secs]
2025-09-30T23:00:25.245+0400: [GC (Allocation Failure) 4056M->3628M(4096M), 0.022 secs]
2025-09-30T23:00:25.260+0400: [GC (Allocation Failure) 4076M->3535M(4096M), 0.023 secs]
2025-09-30T23:00:25.545+0400: [GC (Allocation Failure) 3723M->2945M(4096M), 0.046 secs]
2025-09-30T23:00:25.764+0400: [GC (Allocation Failure) 3747M->3551M(4096M), 0.020 secs]
2025-09-30T23:00:25.764+0400: [Full GC (System.gc()) 3747M->1528M(4096M), 0.118 secs]
2025-09-30T23:00:25.851+0400: [GC (Allocation Failure) 3829M->3210M(4096M), 0.023 secs]
2025-09-30T23:00:26.151+0400: [GC (Allocation Failure) 3915M->3385M(4096M), 0.005 secs]
2025-09-30T23:00:26.273+0400: [GC (Allocation Failure) 3939M->3651M(4096M), 0.022 secs]
2025-09-30T23:00:26.450+0400: [GC (Allocation Failure) 4023M->3158M(4096M), 0.019 secs]
2025-09-30T23:00:26.755+0400: [Full GC (System.gc()) 3653M->2305M(4096M), 0.191 secs]
2025-09-30T23:00:26.770+0400: [System.gc() (Allocation Failure) 3653M->3635M(4096M), 0.015 secs]
2025-09-30T23:00:26.776+0400: [GC (Allocation Failure) 3656M->3115M(4096M), 0.009 secs]
2025-09-30T23:00:26.776+0400: [GC (Allocation Failure) 3656M->2869M(4096M), 0.032 secs]
2025-09-30T23:00:27.050+0400: [GC (Allocation Failure) 3740M->3496M(4096M), 0.018 secs]
2025-09-30T23:00:27.284+0400: [GC (Allocation Failure) 3766M->3207M(4096M), 0.013 secs]
2025-09-30T23:00:27.352+0400: [Full GC (System.gc()) 3848M->1717M(4096M), 0.217 secs]
2025-09-30T23:00:27.650+0400: [GC (Allocation Failure) 3934M->3557M(4096M), 0.020 secs]
2025-09-30T23:00:27.789+0400: [GC (Allocation Failure) 3956M->3634M(4096M), 0.007 secs]
2025-09-30T23:00:27.790+0400: [GC (Allocation Failure) 3956M->3514M(4096M), 0.045 secs]
2025-09-30T23:00:27.950+0400: [GC (Allocation Failure) 4040M->3745M(4096M), 0.017 secs]
2025-09-30T23:00:28.257+0400: [Full GC (System.gc()) 3688M->2466M(4096M), 0.192 secs]
2025-09-30T23:00:28.295+0400: [GC (Allocation Failure) 3714M->3044M(4096M), 0.023 secs]
2025-09-30T23:00:28.309+0400: [System.gc() (Allocation Failure) 3714M->3674M(4096M), 0.014 secs]
2025-09-30T23:00:28.552+0400: [GC (Allocation Failure) 3761M->3404M(4096M), 0.010 secs]
2025-09-30T23:00:28.812+0400: [GC (Allocation Failure) 3785M->3536M(4096M), 0.016 secs]
2025-09-30T23:00:28.812+0400: [GC (Allocation Failure) 3785M->3176M(4096M), 0.025 secs]
2025-09-30T23:00:28.849+0400: [Full GC (System.gc()) 3865M->2769M(4096M), 0.228 secs]
2025-09-30T23:00:29.150+0400: [GC (Allocation Failure) 3967M->3544M(4096M), 0.020 secs]
2025-09-30T23:00:29.316+0400: [GC (Allocation Failure) 3991M->3163M(4096M), 0.045 secs]
2025-09-30T23:00:29.450+0400: [GC (Allocation Failure) 4073M->3795M(4096M), 0.022 secs]
2025-09-30T23:00:29.756+0400: [GC (Allocation Failure) 3733M->3251M(4096M), 0.021 secs]
2025-09-30T23:00:29.776+0400: [System.gc() (Allocation Failure) 3733M->3694M(4096M), 0.020 secs]
2025-09-30T23:00:29.825+0400: [Full GC (System.gc()) 3715M->2719M(4096M), 0.252 secs]
2025-09-30T23:00:29.826+0400: [GC (Allocation Failure) 3715M->3427M(4096M), 0.022 secs]
2025-09-30T23:00:30.054+0400: [GC (Allocation Failure) 3797M->3409M(4096M), 0.014 secs]
2025-09-30T23:00:30.333+0400: [GC (Allocation Failure) 3827M->3260M(4096M), 0.039 secs]
2025-09-30T23:00:30.350+0400: [GC (Allocation Failure) 3907M->3582M(4096M), 0.019 secs]
2025-09-30T23:00:30.651+0400: [Full GC (System.gc()) 3993M->1548M(4096M), 0.178 secs]
2025-09-30T23:00:30.841+0400: [GC (Allocation Failure) 4017M->3393M(4096M), 0.029 secs]
2025-09-30T23:00:30.841+0400: [GC (Allocation Failure) 4017M->3552M(4096M), 0.023 secs]
2025-09-30T23:00:30.957+0400: [GC (Allocation Failure) 3770M->3494M(4096M), 0.014 secs]
2025-09-30T23:00:31.247+0400: [GC (Allocation Failure) 3856M->2805M(4096M), 0.048 secs]
2025-09-30T23:00:31.349+0400: [Full GC (System.gc()) 3878M->2323M(4096M), 0.276 secs]
2025-09-30T23:00:31.555+0400: [GC (Allocation Failure) 3962M->3546M(4096M), 0.011 secs]
2025-09-30T23:00:31.846+0400: [GC (Allocation Failure) 4048M->3428M(4096M), 0.012 secs]
2025-09-30T23:00:31.855+0400: [GC (Allocation Failure) 4068M->3744M(4096M), 0.011 secs]
2025-09-30T23:00:31.856+0400: [GC (Allocation Failure) 4068M->3668M(4096M), 0.011 secs]
2025-09-30T23:00:32.152+0400: [Full GC (System.gc()) 3805M->2106M(4096M), 0.275 secs]
2025-09-30T23:00:32.363+0400: [GC (Allocation Failure) 3827M->3392M(4096M), 0.005 secs]
2025-09-30T23:00:32.453+0400: [GC (Allocation Failure) 3909M->3670M(4096M), 0.012 secs]
2025-09-30T23:00:32.750+0400: [GC (Allocation Failure) 3995M->3569M(4096M), 0.028 secs]
2025-09-30T23:00:32.776+0400: [System.gc() (Allocation Failure) 3995M->3754M(4096M), 0.026 secs]
2025-09-30T23:00:32.870+0400: [GC (Allocation Failure) 3776M->3478M(4096M), 0.014 secs]
2025-09-30T23:00:32.871+0400: [Full GC (System.gc()) 3776M->2014M(4096M), 0.148 secs]
2025-09-30T23:00:33.051+0400: [GC (Allocation Failure) 3858M->2910M(4096M), 0.022 secs]
2025-09-30T23:00:33.349+0400: [GC (Allocation Failure) 3946M->3454M(4096M), 0.021 secs]
2025-09-30T23:00:33.379+0400: [GC (Allocation Failure) 3966M->3519M(4096M), 0.008 secs]
2025-09-30T23:00:33.650+0400: [GC (Allocation Failure) 4052M->3163M(4096M), 0.030 secs]
2025-09-30T23:00:33.881+0400: [Full GC (System.gc()) 4076M->2712M(4096M), 0.218 secs]
2025-09-30T23:00:33.882+0400: [GC (Allocation Failure) 4076M->3780M(4096M), 0.005 secs]
2025-09-30T23:00:33.953+0400: [GC (Allocation Failure) 3827M->3367M(4096M), 0.016 secs]
2025-09-30T23:00:34.250+0400: [GC (Allocation Failure) 3911M->3546M(4096M), 0.012 secs]
2025-09-30T23:00:34.389+0400: [GC (Allocation Failure) 3935M->3542M(4096M), 0.014 secs]
2025-09-30T23:00:34.551+0400: [Full GC (System.gc()) 4019M->1419M(4096M), 0.228 secs]
2025-09-30T23:00:34.860+0400: [GC (Allocation Failure) 3875M->3559M(4096M), 0.015 secs]
2025-09-30T23:00:34.893+0400: [GC (Allocation Failure) 3896M->3523M(4096M), 0.012 secs]
2025-09-30T23:00:34.893+0400: [GC (Allocation Failure) 3896M->3023M(4096M), 0.038 secs]
2025-09-30T23:00:35.151+0400: [GC (Allocation Failure) 3978M->3414M(4096M), 0.007 secs]
2025-09-30T23:00:35.400+0400: [Full GC (System.gc()) 4006M->1854M(4096M), 0.263 secs]
2025-09-30T23:00:35.456+0400: [GC (Allocation Failure) 3872M->3450M(4096M), 0.040 secs]
2025-09-30T23:00:35.751+0400: [GC (Allocation Failure) 3956M->3639M(4096M), 0.019 secs]
2025-09-30T23:00:35.775+0400: [System.gc() (Allocation Failure) 3956M->3813M(4096M), 0.024 secs]
2025-09-30T23:00:35.907+0400: [GC (Allocation Failure) 3838M->3291M(4096M), 0.013 secs]
2025-09-30T23:00:35.907+0400: [GC (Allocation Failure) 3838M->2759M(4096M), 0.035 secs]
2025-09-30T23:00:35.933+0400: [System.gc() (Allocation Failure) 3838M->3825M(4096M), 0.026 secs]
2025-09-30T23:00:36.051+0400: [Full GC (System.gc()) 3910M->2777M(4096M), 0.261 secs]
2025-09-30T23:00:36.350+0400: [GC (Allocation Failure) 3998M->3764M(4096M), 0.017 secs]
2025-09-30T23:00:36.438+0400: [GC (Allocation Failure) 4020M->2824M(4096M), 0.019 secs]
2025-09-30T23:00:36.649+0400: [GC (Allocation Failure) 3894M->3559M(4096M), 0.022 secs]
2025-09-30T23:00:36.939+0400: [GC (Allocation Failure) 3918M->3721M(4096M), 0.012 secs]
2025-09-30T23:00:36.939+0400: [Full GC (System.gc()) 3918M->1332M(4096M), 0.171 secs]
2025-09-30T23:00:36.952+0400: [GC (Allocation Failure) 3998M->3765M(4096M), 0.012 secs]
2025-09-30T23:00:37.254+0400: [GC (Allocation Failure) 3863M->3403M(4096M), 0.022 secs]
2025-09-30T23:00:37.443+0400: [GC (Allocation Failure) 3888M->3431M(4096M), 0.023 secs]
2025-09-30T23:00:37.550+0400: [GC (Allocation Failure) 3968M->3496M(4096M), 0.013 secs]
2025-09-30T23:00:37.852+0400: [Full GC (System.gc()) 4054M->2017M(4096M), 0.228 secs]
2025-09-30T23:00:37.945+0400: [GC (Allocation Failure) 4076M->3187M(4096M), 0.012 secs]
2025-09-30T23:00:37.946+0400: [GC (Allocation Failure) 4076M->3693M(4096M), 0.018 secs]
2025-09-30T23:00:38.150+0400: [GC (Allocation Failure) 3941M->3359M(4096M), 0.007 secs]
2025-09-30T23:00:38.450+0400: [GC (Allocation Failure) 4025M->3088M(4096M), 0.021 secs]
2025-09-30T23:00:38.450+0400: [Full GC (System.gc()) 4045M->1573M(4096M), 0.266 secs]
2025-09-30T23:00:38.761+0400: [GC (Allocation Failure) 3905M->3359M(4096M), 0.014 secs]
2025-09-30T23:00:38.780+0400: [System.gc() (Allocation Failure) 3905M->3873M(4096M), 0.018 secs]
2025-09-30T23:00:38.960+0400: [GC (Allocation Failure) 3900M->3285M(4096M), 0.013 secs]
2025-09-30T23:00:38.961+0400: [GC (Allocation Failure) 3900M->3379M(4096M), 0.020 secs]
2025-09-30T23:00:39.050+0400: [GC (Allocation Failure) 3978M->3700M(4096M), 0.022 secs]
2025-09-30T23:00:39.350+0400: [Full GC (System.gc()) 4062M->1236M(4096M), 0.247 secs]
2025-09-30T23:00:39.473+0400: [GC (Allocation Failure) 3878M->3625M(4096M), 0.021 secs]
2025-09-30T23:00:39.652+0400: [GC (Allocation Failure) 3960M->3717M(4096M), 0.013 secs]
2025-09-30T23:00:39.949+0400: [GC (Allocation Failure) 4048M->2951M(4096M), 0.025 secs]
2025-09-30T23:00:39.974+0400: [GC (Allocation Failure) 4068M->3507M(4096M), 0.007 secs]
2025-09-30T23:00:39.974+0400: [Full GC (System.gc()) 4068M->3046M(4096M), 0.179 secs]
2025-09-30T23:00:40.254+0400: [GC (Allocation Failure) 3922M->2910M(4096M), 0.039 secs]
2025-09-30T23:00:40.480+0400: [GC (Allocation Failure) 3942M->3354M(4096M), 0.020 secs]
2025-09-30T23:00:40.551+0400: [GC (Allocation Failure) 4024M->3727M(4096M), 0.009 secs]
2025-09-30T23:00:40.855+0400: [GC (Allocation Failure) 4015M->2935M(4096M), 0.014 secs]
2025-09-30T23:00:40.986+0400: [Full GC (System.gc()) 4035M->2647M(4096M), 0.170 secs]
2025-09-30T23:00:40.986+0400: [GC (Allocation Failure) 4035M->3459M(4096M), 0.018 secs]
2025-09-30T23:00:41.158+0400: [GC (Allocation Failure) 4014M->3408M(4096M), 0.033 secs]
2025-09-30T23:00:41.451+0400: [GC (Allocation Failure) 4070M->3586M(4096M), 0.007 secs]
2025-09-30T23:00:41.499+0400: [GC (Allocation Failure) 3894M->3540M(4096M), 0.009 secs]
2025-09-30T23:00:41.750+0400: [Full GC (System.gc()) 3978M->2796M(4096M), 0.275 secs]
2025-09-30T23:00:41.773+0400: [System.gc() (Allocation Failure) 3978M->3933M(4096M), 0.022 secs]
2025-09-30T23:00:42.007+0400: [GC (Allocation Failure) 3960M->3541M(4096M), 0.023 secs]
2025-09-30T23:00:42.007+0400: [GC (Allocation Failure) 3960M->3548M(4096M), 0.006 secs]
2025-09-30T23:00:42.050+0400: [GC (Allocation Failure) 4041M->3184M(4096M), 0.045 secs]
2025-09-30T23:00:42.351+0400: [GC (Allocation Failure) 4014M->3643M(4096M), 0.021 secs]
2025-09-30T23:00:42.513+0400: [Full GC (System.gc()) 4038M->2149M(4096M), 0.162 secs]
2025-09-30T23:00:42.656+0400: [GC (Allocation Failure) 4007M->3584M(4096M), 0.048 secs]
2025-09-30T23:00:42.957+0400: [GC (Allocation Failure) 3992M->3625M(4096M), 0.018 secs]
2025-09-30T23:00:43.017+0400: [GC (Allocation Failure) 4014M->3618M(4096M), 0.020 secs]
2025-09-30T23:00:43.017+0400: [GC (Allocation Failure) 4014M->3376M(4096M), 0.021 secs]
2025-09-30T23:00:43.254+0400: [Full GC (System.gc()) 3982M->2724M(4096M), 0.208 secs]
2025-09-30T23:00:43.519+0400: [GC (Allocation Failure) 4008M->3441M(4096M), 0.017 secs]
2025-09-30T23:00:43.541+0400: [System.gc() (Allocation Failure) 4008M->3973M(4096M), 0.022 secs]
2025-09-30T23:00:43.552+0400: [GC (Allocation Failure) 4054M->3363M(4096M), 0.013 secs]
2025-09-30T23:00:43.857+0400: [GC (Allocation Failure) 4040M->3608M(4096M), 0.012 secs]
2025-09-30T23:00:44.049+0400: [GC (Allocation Failure) 3972M->3477M(4096M), 0.014 secs]
2025-09-30T23:00:44.050+0400: [Full GC (System.gc()) 3972M->2644M(4096M), 0.131 secs]
2025-09-30T23:00:44.147+0400: [GC (Allocation Failure) 4054M->3506M(4096M), 0.020 secs]
2025-09-30T23:00:44.455+0400: [GC (Allocation Failure) 4013M->3464M(4096M), 0.024 secs]
2025-09-30T23:00:44.558+0400: [GC (Allocation Failure) 4035M->3302M(4096M), 0.015 secs]
2025-09-30T23:00:44.754+0400: [GC (Allocation Failure) 4003M->3711M(4096M), 0.022 secs]
2025-09-30T23:00:44.773+0400: [System.gc() (Allocation Failure) 4003M->3995M(4096M), 0.019 secs]
2025-09-30T23:00:45.088+0400: [Full GC (System.gc()) 4079M->1634M(4096M), 0.217 secs]
2025-09-30T23:00:45.101+0400: [GC (Allocation Failure) 3993M->3544M(4096M), 0.047 secs]
2025-09-30T23:00:45.101+0400: [GC (Allocation Failure) 3993M->3641M(4096M), 0.023 secs]
2025-09-30T23:00:45.348+0400: [GC (Allocation Failure) 4070M->3465M(4096M), 0.021 secs]
2025-09-30T23:00:45.609+0400: [GC (Allocation Failure) 3996M->3015M(4096M), 0.030 secs]
2025-09-30T23:00:45.648+0400: [Full GC (System.gc()) 4078M->1550M(4096M), 0.145 secs]
2025-09-30T23:00:45.950+0400: [GC (Allocation Failure) 4071M->3638M(4096M), 0.020 secs]
2025-09-30T23:00:46.115+0400: [GC (Allocation Failure) 4005M->3035M(4096M), 0.026 secs]
2025-09-30T23:00:46.115+0400: [GC (Allocation Failure) 4005M->3595M(4096M), 0.019 secs]
2025-09-30T23:00:46.253+0400: [GC (Allocation Failure) 4071M->3658M(4096M), 0.021 secs]
2025-09-30T23:00:47.248+0400: [Full GC (System.gc()) 4093M->2915M(4096M), 0.120 secs]
2025-09-30T23:00:47.908+0400: [GC (Allocation Failure) 3899M->3429M(4096M), 0.007 secs]
2025-09-30T23:00:47.908+0400: [GC (Allocation Failure) 3899M->3649M(4096M), 0.023 secs]
2025-09-30T23:00:48.413+0400: [GC (Allocation Failure) 3973M->3024M(4096M), 0.010 secs]
2025-09-30T23:00:48.915+0400: [GC (Allocation Failure) 4043M->3677M(4096M), 0.007 secs]
2025-09-30T23:00:48.915+0400: [Full GC (System.gc()) 4043M->1777M(4096M), 0.294 secs]
2025-09-30T23:00:49.421+0400: [GC (Allocation Failure) 4084M->2965M(4096M), 0.037 secs]
2025-09-30T23:00:49.922+0400: [GC (Allocation Failure) 3947M->3749M(4096M), 0.024 secs]
2025-09-30T23:00:49.922+0400: [GC (Allocation Failure) 3947M->3707M(4096M), 0.024 secs]
2025-09-30T23:00:50.424+0400: [GC (Allocation Failure) 4017M->3150M(4096M), 0.046 secs]
2025-09-30T23:00:50.930+0400: [Full GC (System.gc()) 4087M->1396M(4096M), 0.242 secs]
2025-09-30T23:00:50.930+0400: [GC (Allocation Failure) 4087M->3747M(4096M), 0.017 secs]
2025-09-30T23:00:51.436+0400: [GC (Allocation Failure) 3931M->3037M(4096M), 0.039 secs]
2025-09-30T23:00:51.942+0400: [GC (Allocation Failure) 4001M->3597M(4096M), 0.009 secs]
2025-09-30T23:00:51.943+0400: [GC (Allocation Failure) 4001M->3426M(4096M), 0.008 secs]
2025-09-30T23:00:51.964+0400: [System.gc() (Allocation Failure) 4001M->3927M(4096M), 0.021 secs]
2025-09-30T23:00:52.470+0400: [Full GC (System.gc()) 4003M->1506M(4096M), 0.224 secs]
2025-09-30T23:00:52.976+0400: [GC (Allocation Failure) 4073M->3615M(4096M), 0.018 secs]
2025-09-30T23:00:52.976+0400: [GC (Allocation Failure) 4073M->3648M(4096M), 0.020 secs]
2025-09-30T23:00:53.482+0400: [GC (Allocation Failure) 3989M->3540M(4096M), 0.039 secs]
2025-09-30T23:00:53.987+0400: [GC (Allocation Failure) 4061M->3466M(4096M), 0.008 secs]
2025-09-30T23:00:53.987+0400: [Full GC (System.gc()) 4061M->1080M(4096M), 0.264 secs]
2025-09-30T23:00:54.491+0400: [GC (Allocation Failure) 3991M->2948M(4096M), 0.036 secs]
2025-09-30T23:00:54.997+0400: [GC (Allocation Failure) 4061M->3651M(4096M), 0.012 secs]
2025-09-30T23:00:54.998+0400: [GC (Allocation Failure) 4061M->3768M(4096M), 0.005 secs]
2025-09-30T23:00:55.528+0400: [GC (Allocation Failure) 4009M->2854M(4096M), 0.040 secs]
2025-09-30T23:00:56.034+0400: [Full GC (System.gc()) 4083M->1256M(4096M), 0.181 secs]
2025-09-30T23:00:56.034+0400: [GC (Allocation Failure) 4083M->3707M(4096M), 0.023 secs]
2025-09-30T23:00:56.537+0400: [GC (Allocation Failure) 4051M->3396M(4096M), 0.031 secs]
2025-09-30T23:00:57.073+0400: [GC (Allocation Failure) 4027M->3574M(4096M), 0.008 secs]
2025-09-30T23:00:57.074+0400: [GC (Allocation Failure) 4029M->3593M(4096M), 0.006 secs]
2025-09-30T23:00:57.585+0400: [Full GC (System.gc()) 4051M->2913M(4096M), 0.106 secs]
2025-09-30T23:00:58.091+0400: [GC (Allocation Failure) 4059M->3689M(4096M), 0.011 secs]
2025-09-30T23:00:58.091+0400: [GC (Allocation Failure) 4059M->3459M(4096M), 0.011 secs]
2025-09-30T23:00:58.598+0400: [GC (Allocation Failure) 4069M->3391M(4096M), 0.024 secs]
2025-09-30T23:00:59.099+0400: [GC (Allocation Failure) 4081M->3851M(4096M), 0.007 secs]
2025-09-30T23:00:59.099+0400: [Full GC (System.gc()) 4081M->2538M(4096M), 0.198 secs]
2025-09-30T23:00:59.603+0400: [GC (Allocation Failure) 4091M->3305M(4096M), 0.036 secs]
2025-09-30T23:00:59.613+0400: [System.gc() (Allocation Failure) 4091M->4077M(4096M), 0.010 secs]
2025-09-30T23:01:00.183+0400: [GC (Allocation Failure) 4085M->3805M(4096M), 0.013 secs]
2025-09-30T23:01:00.185+0400: [GC (Allocation Failure) 4087M->3485M(4096M), 0.022 secs]
2025-09-30T23:01:00.822+0400: [System.gc() (Allocation Failure) 283M->5M(4096M), 0.005 secs]
2025-09-30T23:02:23.185+0400: [System.gc() (Allocation Failure) 269M->17M(4096M), 0.009 secs]
