Java HotSpot(TM) 64-Bit Server VM (25.0-b) for bsd-amd64 JRE (1.8.0), built on Mar 12 2024 12:13:12 by "java_re" with gcc 4.2.1 (Based on Apple Inc. build 5658) (LLVM build 2336.11.00)
Memory: 4k page, physical 16777216k(12481232k free)
CommandLine flags: -XX:InitialHeapSize=268435456 -XX:MaxHeapSize=4294967296 -XX:+PrintGC -XX:+PrintGCDateStamps -XX:+PrintGCDetails -XX:+PrintGCTimeStamps -XX:+UseCompressedClassPointers -XX:+UseCompressedOops -XX:+UseG1GC
2025-09-30T23:16:41.675+0400: [GC (Allocation Failure) 186M->409M(4096M), 0.017 secs]
2025-09-30T23:16:42.690+0400: [GC (Allocation Failure) 232M->409M(4096M), 0.014 secs]
2025-09-30T23:16:43.197+0400: [GC (Allocation Failure) 266M->409M(4096M), 0.014 secs]
2025-09-30T23:16:43.703+0400: [GC (Allocation Failure) 286M->409M(4096M), 0.019 secs]
2025-09-30T23:16:44.719+0400: [Full GC (System.gc()) 120M->409M(4096M), 0.150 secs]
2025-09-30T23:16:45.732+0400: [GC (Allocation Failure) 178M->409M(4096M), 0.048 secs]
2025-09-30T23:16:45.733+0400: [GC (Allocation Failure) 178M->409M(4096M), 0.011 secs]
2025-09-30T23:16:46.744+0400: [GC (Allocation Failure) 240M->409M(4096M), 0.005 secs]
2025-09-30T23:16:47.757+0400: [GC (Allocation Failure) 300M->409M(4096M), 0.027 secs]
2025-09-30T23:16:48.263+0400: [Full GC (System.gc()) 330M->409M(4096M), 0.291 secs]
2025-09-30T23:16:48.281+0400: [System.gc() (Allocation Failure) 330M->172M(4096M), 0.017 secs]
2025-09-30T23:16:48.788+0400: [GC (Allocation Failure) 204M->409M(4096M), 0.020 secs]
2025-09-30T23:16:49.795+0400: [GC (Allocation Failure) 266M->409M(4096M), 0.037 secs]
2025-09-30T23:16:50.805+0400: [GC (Allocation Failure) 285M->409M(4096M), 0.020 secs]
2025-09-30T23:16:50.805+0400: [GC (Allocation Failure) 285M->409M(4096M), 0.020 secs]
2025-09-30T23:16:51.814+0400: [Full GC (System.gc()) 305M->409M(4096M), 0.152 secs]
2025-09-30T23:16:52.823+0400: [GC (Allocation Failure) 365M->409M(4096M), 0.014 secs]
2025-09-30T23:16:53.327+0400: [GC (Allocation Failure) 395M->409M(4096M), 0.005 secs]
2025-09-30T23:16:53.836+0400: [GC (Allocation Failure) 425M->409M(4096M), 0.019 secs]
2025-09-30T23:16:54.849+0400: [GC (Allocation Failure) 485M->429M(4096M), 0.010 secs]
2025-09-30T23:16:55.871+0400: [Full GC (System.gc()) 547M->409M(4096M), 0.136 secs]
2025-09-30T23:16:55.871+0400: [GC (Allocation Failure) 547M->416M(4096M), 0.010 secs]
2025-09-30T23:16:55.878+0400: [System.gc() (Allocation Failure) 547M->322M(4096M), 0.007 secs]
2025-09-30T23:16:56.894+0400: [GC (Allocation Failure) 383M->409M(4096M), 0.020 secs]
2025-09-30T23:16:57.902+0400: [GC (Allocation Failure) 445M->409M(4096M), 0.010 secs]
2025-09-30T23:16:58.408+0400: [GC (Allocation Failure) 475M->422M(4096M), 0.033 secs]
2025-09-30T23:16:58.913+0400: [Full GC (System.gc()) 505M->409M(4096M), 0.138 secs]
2025-09-30T23:16:59.931+0400: [GC (Allocation Failure) 567M->525M(4096M), 0.021 secs]
2025-09-30T23:17:00.947+0400: [GC (Allocation Failure) 541M->438M(4096M), 0.013 secs]
2025-09-30T23:17:00.948+0400: [GC (Allocation Failure) 541M->510M(4096M), 0.024 secs]
2025-09-30T23:17:01.958+0400: [GC (Allocation Failure) 601M->530M(4096M), 0.024 secs]
2025-09-30T23:17:02.971+0400: [Full GC (System.gc()) 510M->409M(4096M), 0.187 secs]
2025-09-30T23:17:03.478+0400: [GC (Allocation Failure) 540M->504M(4096M), 0.024 secs]
2025-09-30T23:17:03.498+0400: [System.gc() (Allocation Failure) 540M->472M(4096M), 0.019 secs]
2025-09-30T23:17:04.008+0400: [GC (Allocation Failure) 502M->462M(4096M), 0.024 secs]
2025-09-30T23:17:05.023+0400: [GC (Allocation Failure) 560M->454M(4096M), 0.029 secs]
2025-09-30T23:17:06.036+0400: [GC (Allocation Failure) 624M->586M(4096M), 0.010 secs]
2025-09-30T23:17:06.037+0400: [Full GC (System.gc()) 624M->409M(4096M), 0.219 secs]
2025-09-30T23:17:07.048+0400: [GC (Allocation Failure) 684M->570M(4096M), 0.040 secs]
2025-09-30T23:17:08.063+0400: [GC (Allocation Failure) 744M->694M(4096M), 0.023 secs]
2025-09-30T23:17:08.570+0400: [GC (Allocation Failure) 774M->703M(4096M), 0.008 secs]
2025-09-30T23:17:09.082+0400: [GC (Allocation Failure) 804M->711M(4096M), 0.033 secs]
2025-09-30T23:17:10.100+0400: [Full GC (System.gc()) 737M->473M(4096M), 0.162 secs]
2025-09-30T23:17:11.111+0400: [GC (Allocation Failure) 797M->709M(4096M), 0.013 secs]
2025-09-30T23:17:11.112+0400: [GC (Allocation Failure) 797M->615M(4096M), 0.023 secs]
2025-09-30T23:17:11.131+0400: [System.gc() (Allocation Failure) 797M->622M(4096M), 0.018 secs]
2025-09-30T23:17:12.143+0400: [GC (Allocation Failure) 683M->598M(4096M), 0.017 secs]
2025-09-30T23:17:13.155+0400: [GC (Allocation Failure) 743M->647M(4096M), 0.007 secs]
2025-09-30T23:17:13.662+0400: [Full GC (System.gc()) 773M->495M(4096M), 0.111 secs]
2025-09-30T23:17:14.168+0400: [GC (Allocation Failure) 805M->715M(4096M), 0.010 secs]
2025-09-30T23:17:15.182+0400: [GC (Allocation Failure) 865M->799M(4096M), 0.007 secs]
2025-09-30T23:17:16.195+0400: [GC (Allocation Failure) 927M->781M(4096M), 0.048 secs]
2025-09-30T23:17:16.196+0400: [GC (Allocation Failure) 927M->798M(4096M), 0.016 secs]
2025-09-30T23:17:17.212+0400: [Full GC (System.gc()) 987M->409M(4096M), 0.208 secs]
2025-09-30T23:17:18.228+0400: [GC (Allocation Failure) 1049M->943M(4096M), 0.021 secs]
2025-09-30T23:17:18.737+0400: [GC (Allocation Failure) 1079M->1021M(4096M), 0.019 secs]
2025-09-30T23:17:18.756+0400: [System.gc() (Allocation Failure) 1079M->772M(4096M), 0.018 secs]
2025-09-30T23:17:19.269+0400: [GC (Allocation Failure) 804M->687M(4096M), 0.005 secs]
2025-09-30T23:17:20.281+0400: [GC (Allocation Failure) 864M->605M(4096M), 0.041 secs]
2025-09-30T23:17:21.305+0400: [Full GC (System.gc()) 920M->456M(4096M), 0.202 secs]
2025-09-30T23:17:21.305+0400: [GC (Allocation Failure) 920M->845M(4096M), 0.022 secs]
2025-09-30T23:17:22.326+0400: [GC (Allocation Failure) 982M->841M(4096M), 0.022 secs]
2025-09-30T23:17:23.340+0400: [GC (Allocation Failure) 1044M->911M(4096M), 0.021 secs]
2025-09-30T23:17:23.848+0400: [GC (Allocation Failure) 1074M->949M(4096M), 0.007 secs]
2025-09-30T23:17:24.355+0400: [Full GC (System.gc()) 1106M->531M(4096M), 0.292 secs]
2025-09-30T23:17:25.372+0400: [GC (Allocation Failure) 1166M->1051M(4096M), 0.016 secs]
2025-09-30T23:17:26.384+0400: [GC (Allocation Failure) 1228M->1057M(4096M), 0.019 secs]
2025-09-30T23:17:26.384+0400: [GC (Allocation Failure) 1228M->881M(4096M), 0.047 secs]
2025-09-30T23:17:26.401+0400: [System.gc() (Allocation Failure) 1228M->922M(4096M), 0.016 secs]
2025-09-30T23:17:27.423+0400: [GC (Allocation Failure) 982M->868M(4096M), 0.007 secs]
2025-09-30T23:17:28.433+0400: [Full GC (System.gc()) 1044M->781M(4096M), 0.215 secs]
2025-09-30T23:17:28.940+0400: [GC (Allocation Failure) 1076M->779M(4096M), 0.048 secs]
2025-09-30T23:17:29.446+0400: [GC (Allocation Failure) 1106M->946M(4096M), 0.024 secs]
2025-09-30T23:17:30.459+0400: [GC (Allocation Failure) 1168M->1064M(4096M), 0.013 secs]
2025-09-30T23:17:31.476+0400: [GC (Allocation Failure) 1230M->983M(4096M), 0.024 secs]
2025-09-30T23:17:31.477+0400: [Full GC (System.gc()) 1230M->722M(4096M), 0.266 secs]
2025-09-30T23:17:32.492+0400: [GC (Allocation Failure) 1290M->1163M(4096M), 0.024 secs]
2025-09-30T23:17:33.512+0400: [GC (Allocation Failure) 1352M->966M(4096M), 0.049 secs]
2025-09-30T23:17:34.019+0400: [GC (Allocation Failure) 1382M->1220M(4096M), 0.013 secs]
2025-09-30T23:17:34.040+0400: [System.gc() (Allocation Failure) 1382M->1072M(4096M), 0.020 secs]
2025-09-30T23:17:34.560+0400: [GC (Allocation Failure) 1103M->962M(4096M), 0.017 secs]
2025-09-30T23:17:35.594+0400: [Full GC (System.gc()) 1163M->742M(4096M), 0.176 secs]
2025-09-30T23:17:36.623+0400: [GC (Allocation Failure) 1225M->1154M(4096M), 0.016 secs]
2025-09-30T23:17:36.624+0400: [GC (Allocation Failure) 1225M->1117M(4096M), 0.021 secs]
2025-09-30T23:17:37.642+0400: [GC (Allocation Failure) 1283M->989M(4096M), 0.012 secs]
2025-09-30T23:17:38.663+0400: [GC (Allocation Failure) 1345M->1191M(4096M), 0.009 secs]
2025-09-30T23:17:39.175+0400: [Full GC (System.gc()) 1375M->776M(4096M), 0.237 secs]
2025-09-30T23:17:39.684+0400: [GC (Allocation Failure) 1407M->1146M(4096M), 0.015 secs]
2025-09-30T23:17:40.704+0400: [GC (Allocation Failure) 1469M->1259M(4096M), 0.006 secs]
2025-09-30T23:17:41.720+0400: [GC (Allocation Failure) 1529M->1449M(4096M), 0.013 secs]
2025-09-30T23:17:41.721+0400: [GC (Allocation Failure) 1529M->1128M(4096M), 0.011 secs]
2025-09-30T23:17:41.738+0400: [System.gc() (Allocation Failure) 1529M->1222M(4096M), 0.016 secs]
2025-09-30T23:17:42.762+0400: [Full GC (System.gc()) 1284M->960M(4096M), 0.120 secs]
2025-09-30T23:17:43.778+0400: [GC (Allocation Failure) 1346M->1245M(4096M), 0.020 secs]
2025-09-30T23:17:44.286+0400: [GC (Allocation Failure) 1376M->1094M(4096M), 0.026 secs]
2025-09-30T23:17:44.791+0400: [GC (Allocation Failure) 1406M->1335M(4096M), 0.012 secs]
2025-09-30T23:17:45.803+0400: [GC (Allocation Failure) 1468M->1385M(4096M), 0.020 secs]
2025-09-30T23:17:46.822+0400: [Full GC (System.gc()) 1530M->857M(4096M), 0.143 secs]
2025-09-30T23:17:46.823+0400: [GC (Allocation Failure) 1530M->1314M(4096M), 0.012 secs]
2025-09-30T23:17:47.842+0400: [GC (Allocation Failure) 1592M->1500M(4096M), 0.013 secs]
2025-09-30T23:17:48.861+0400: [GC (Allocation Failure) 1654M->1482M(4096M), 0.036 secs]
2025-09-30T23:17:49.381+0400: [GC (Allocation Failure) 1684M->1486M(4096M), 0.007 secs]
2025-09-30T23:17:49.401+0400: [System.gc() (Allocation Failure) 1684M->1372M(4096M), 0.020 secs]
2025-09-30T23:17:49.918+0400: [Full GC (System.gc()) 1404M->525M(4096M), 0.146 secs]
2025-09-30T23:17:50.932+0400: [GC (Allocation Failure) 1464M->1279M(4096M), 0.031 secs]
2025-09-30T23:17:51.944+0400: [GC (Allocation Failure) 1526M->1326M(4096M), 0.014 secs]
2025-09-30T23:17:51.945+0400: [GC (Allocation Failure) 1526M->1370M(4096M), 0.010 secs]
2025-09-30T23:17:52.957+0400: [GC (Allocation Failure) 1586M->1123M(4096M), 0.049 secs]
2025-09-30T23:17:53.981+0400: [Full GC (System.gc()) 1648M->841M(4096M), 0.132 secs]
2025-09-30T23:17:54.491+0400: [GC (Allocation Failure) 1680M->1544M(4096M), 0.018 secs]
2025-09-30T23:17:54.999+0400: [GC (Allocation Failure) 1710M->1433M(4096M), 0.043 secs]
2025-09-30T23:17:56.013+0400: [GC (Allocation Failure) 1772M->1556M(4096M), 0.011 secs]
2025-09-30T23:17:57.029+0400: [GC (Allocation Failure) 1862M->1754M(4096M), 0.005 secs]
2025-09-30T23:17:57.030+0400: [Full GC (System.gc()) 1862M->792M(4096M), 0.269 secs]
2025-09-30T23:17:57.048+0400: [System.gc() (Allocation Failure) 1862M->1519M(4096M), 0.018 secs]
2025-09-30T23:17:58.060+0400: [GC (Allocation Failure) 1580M->1419M(4096M), 0.024 secs]
2025-09-30T23:17:59.069+0400: [GC (Allocation Failure) 1642M->1528M(4096M), 0.021 secs]
2025-09-30T23:17:59.577+0400: [GC (Allocation Failure) 1672M->1235M(4096M), 0.029 secs]
2025-09-30T23:18:00.085+0400: [GC (Allocation Failure) 1702M->1461M(4096M), 0.014 secs]
2025-09-30T23:18:01.101+0400: [Full GC (System.gc()) 1762M->776M(4096M), 0.159 secs]
2025-09-30T23:18:02.111+0400: [GC (Allocation Failure) 1838M->1625M(4096M), 0.041 secs]
2025-09-30T23:18:02.112+0400: [GC (Allocation Failure) 1838M->1595M(4096M), 0.011 secs]
2025-09-30T23:18:03.135+0400: [GC (Allocation Failure) 1898M->1635M(4096M), 0.022 secs]
2025-09-30T23:18:04.162+0400: [System.gc() (Allocation Failure) 1946M->5M(4096M), 0.014 secs]
2025-09-30T23:18:33.768+0400: [GC (Allocation Failure) 65M->409M(4096M), 0.028 secs]
2025-09-30T23:18:35.775+0400: [Full GC (System.gc()) 65M->409M(4096M), 0.286 secs]
2025-09-30T23:18:36.777+0400: [GC (Allocation Failure) 89M->409M(4096M), 0.007 secs]
2025-09-30T23:18:37.783+0400: [GC (Allocation Failure) 55M->409M(4096M), 0.019 secs]
2025-09-30T23:18:39.803+0400: [GC (Allocation Failure) 79M->409M(4096M), 0.010 secs]
2025-09-30T23:18:41.810+0400: [GC (Allocation Failure) 93M->409M(4096M), 0.018 secs]
2025-09-30T23:18:41.811+0400: [Full GC (System.gc()) 93M->409M(4096M), 0.297 secs]
2025-09-30T23:18:43.821+0400: [GC (Allocation Failure) 101M->409M(4096M), 0.015 secs]
2025-09-30T23:18:45.827+0400: [GC (Allocation Failure) 105M->409M(4096M), 0.016 secs]
2025-09-30T23:18:46.833+0400: [GC (Allocation Failure) 101M->409M(4096M), 0.048 secs]
2025-09-30T23:18:46.851+0400: [System.gc() (Allocation Failure) 101M->24M(4096M), 0.017 secs]
2025-09-30T23:18:47.855+0400: [GC (Allocation Failure) 42M->409M(4096M), 0.014 secs]
2025-09-30T23:18:49.868+0400: [Full GC (System.gc()) 54M->409M(4096M), 0.147 secs]
2025-09-30T23:18:51.874+0400: [GC (Allocation Failure) 78M->409M(4096M), 0.048 secs]
2025-09-30T23:18:51.875+0400: [GC (Allocation Failure) 78M->409M(4096M), 0.011 secs]
2025-09-30T23:18:53.884+0400: [GC (Allocation Failure) 95M->409M(4096M), 0.015 secs]
2025-09-30T23:18:55.892+0400: [GC (Allocation Failure) 107M->409M(4096M), 0.035 secs]
2025-09-30T23:18:56.899+0400: [Full GC (System.gc()) 116M->409M(4096M), 0.254 secs]
2025-09-30T23:18:57.905+0400: [GC (Allocation Failure) 121M->409M(4096M), 0.023 secs]
2025-09-30T23:18:59.915+0400: [GC (Allocation Failure) 122M->409M(4096M), 0.014 secs]
2025-09-30T23:19:01.926+0400: [GC (Allocation Failure) 151M->409M(4096M), 0.019 secs]
2025-09-30T23:19:01.927+0400: [GC (Allocation Failure) 151M->409M(4096M), 0.013 secs]
2025-09-30T23:19:01.941+0400: [System.gc() (Allocation Failure) 151M->35M(4096M), 0.014 secs]
2025-09-30T23:19:03.952+0400: [Full GC (System.gc()) 46M->409M(4096M), 0.206 secs]
2025-09-30T23:19:05.963+0400: [GC (Allocation Failure) 70M->409M(4096M), 0.018 secs]
2025-09-30T23:19:06.969+0400: [GC (Allocation Failure) 92M->409M(4096M), 0.010 secs]
2025-09-30T23:19:07.975+0400: [GC (Allocation Failure) 97M->409M(4096M), 0.029 secs]
2025-09-30T23:19:09.989+0400: [GC (Allocation Failure) 104M->409M(4096M), 0.022 secs]
2025-09-30T23:19:11.998+0400: [Full GC (System.gc()) 120M->409M(4096M), 0.219 secs]
2025-09-30T23:19:11.998+0400: [GC (Allocation Failure) 120M->409M(4096M), 0.039 secs]
2025-09-30T23:19:14.001+0400: [GC (Allocation Failure) 133M->409M(4096M), 0.011 secs]
2025-09-30T23:19:16.013+0400: [GC (Allocation Failure) 136M->409M(4096M), 0.015 secs]
2025-09-30T23:19:17.020+0400: [GC (Allocation Failure) 134M->409M(4096M), 0.033 secs]
2025-09-30T23:19:17.034+0400: [System.gc() (Allocation Failure) 134M->46M(4096M), 0.014 secs]
2025-09-30T23:19:18.036+0400: [Full GC (System.gc()) 64M->409M(4096M), 0.248 secs]
2025-09-30T23:19:20.048+0400: [GC (Allocation Failure) 60M->409M(4096M), 0.022 secs]
2025-09-30T23:19:22.059+0400: [GC (Allocation Failure) 98M->409M(4096M), 0.019 secs]
2025-09-30T23:19:22.060+0400: [GC (Allocation Failure) 98M->409M(4096M), 0.023 secs]
2025-09-30T23:19:24.072+0400: [GC (Allocation Failure) 98M->409M(4096M), 0.021 secs]
2025-09-30T23:19:26.081+0400: [Full GC (System.gc()) 91M->409M(4096M), 0.272 secs]
2025-09-30T23:19:27.085+0400: [GC (Allocation Failure) 125M->409M(4096M), 0.019 secs]
2025-09-30T23:19:28.091+0400: [GC (Allocation Failure) 161M->409M(4096M), 0.016 secs]
2025-09-30T23:19:30.095+0400: [GC (Allocation Failure) 179M->409M(4096M), 0.018 secs]
2025-09-30T23:19:32.107+0400: [GC (Allocation Failure) 158M->409M(4096M), 0.012 secs]
2025-09-30T23:19:32.108+0400: [Full GC (System.gc()) 158M->409M(4096M), 0.157 secs]
2025-09-30T23:19:32.124+0400: [System.gc() (Allocation Failure) 158M->50M(4096M), 0.016 secs]
2025-09-30T23:19:34.135+0400: [GC (Allocation Failure) 50M->409M(4096M), 0.015 secs]
2025-09-30T23:19:36.142+0400: [GC (Allocation Failure) 54M->409M(4096M), 0.013 secs]
2025-09-30T23:19:37.145+0400: [GC (Allocation Failure) 54M->409M(4096M), 0.022 secs]
2025-09-30T23:19:38.151+0400: [GC (Allocation Failure) 56M->409M(4096M), 0.017 secs]
2025-09-30T23:19:40.160+0400: [Full GC (System.gc()) 110M->409M(4096M), 0.150 secs]
2025-09-30T23:19:42.170+0400: [GC (Allocation Failure) 102M->409M(4096M), 0.011 secs]
2025-09-30T23:19:42.171+0400: [GC (Allocation Failure) 102M->409M(4096M), 0.044 secs]
2025-09-30T23:19:44.182+0400: [GC (Allocation Failure) 144M->409M(4096M), 0.016 secs]
2025-09-30T23:19:46.190+0400: [GC (Allocation Failure) 140M->409M(4096M), 0.021 secs]
2025-09-30T23:19:47.196+0400: [Full GC (System.gc()) 117M->409M(4096M), 0.111 secs]
2025-09-30T23:19:47.220+0400: [System.gc() (Allocation Failure) 117M->69M(4096M), 0.023 secs]
2025-09-30T23:19:48.226+0400: [GC (Allocation Failure) 87M->409M(4096M), 0.018 secs]
2025-09-30T23:19:50.235+0400: [GC (Allocation Failure) 131M->409M(4096M), 0.018 secs]
2025-09-30T23:19:52.243+0400: [GC (Allocation Failure) 118M->409M(4096M), 0.036 secs]
2025-09-30T23:19:52.245+0400: [GC (Allocation Failure) 118M->409M(4096M), 0.023 secs]
2025-09-30T23:19:54.250+0400: [Full GC (System.gc()) 117M->409M(4096M), 0.156 secs]
2025-09-30T23:19:56.261+0400: [GC (Allocation Failure) 148M->409M(4096M), 0.015 secs]
2025-09-30T23:19:57.268+0400: [GC (Allocation Failure) 153M->409M(4096M), 0.019 secs]
2025-09-30T23:19:58.274+0400: [GC (Allocation Failure) 174M->409M(4096M), 0.006 secs]
2025-09-30T23:20:00.282+0400: [GC (Allocation Failure) 165M->409M(4096M), 0.046 secs]
2025-09-30T23:20:02.293+0400: [Full GC (System.gc()) 156M->409M(4096M), 0.114 secs]
2025-09-30T23:20:02.293+0400: [GC (Allocation Failure) 156M->409M(4096M), 0.024 secs]
2025-09-30T23:20:02.316+0400: [System.gc() (Allocation Failure) 156M->80M(4096M), 0.022 secs]
2025-09-30T23:20:04.324+0400: [GC (Allocation Failure) 120M->409M(4096M), 0.039 secs]
2025-09-30T23:20:06.334+0400: [GC (Allocation Failure) 97M->409M(4096M), 0.009 secs]
2025-09-30T23:20:07.341+0400: [GC (Allocation Failure) 119M->409M(4096M), 0.010 secs]
2025-09-30T23:20:08.347+0400: [Full GC (System.gc()) 141M->409M(4096M), 0.194 secs]
2025-09-30T23:20:10.358+0400: [GC (Allocation Failure) 121M->409M(4096M), 0.012 secs]
2025-09-30T23:20:12.369+0400: [GC (Allocation Failure) 163M->409M(4096M), 0.008 secs]
2025-09-30T23:20:12.370+0400: [GC (Allocation Failure) 165M->409M(4096M), 0.023 secs]
2025-09-30T23:20:14.381+0400: [GC (Allocation Failure) 146M->409M(4096M), 0.012 secs]
2025-09-30T23:20:16.389+0400: [Full GC (System.gc()) 188M->409M(4096M), 0.287 secs]
2025-09-30T23:20:17.395+0400: [GC (Allocation Failure) 152M->409M(4096M), 0.039 secs]
2025-09-30T23:20:17.419+0400: [System.gc() (Allocation Failure) 152M->91M(4096M), 0.023 secs]
2025-09-30T23:20:18.425+0400: [GC (Allocation Failure) 111M->409M(4096M), 0.019 secs]
2025-09-30T23:20:20.430+0400: [GC (Allocation Failure) 155M->409M(4096M), 0.007 secs]
2025-09-30T23:20:22.438+0400: [GC (Allocation Failure) 115M->409M(4096M), 0.048 secs]
2025-09-30T23:20:22.440+0400: [Full GC (System.gc()) 115M->409M(4096M), 0.204 secs]
2025-09-30T23:20:24.449+0400: [GC (Allocation Failure) 159M->409M(4096M), 0.005 secs]
2025-09-30T23:20:26.460+0400: [GC (Allocation Failure) 127M->409M(4096M), 0.010 secs]
2025-09-30T23:20:27.467+0400: [GC (Allocation Failure) 147M->409M(4096M), 0.018 secs]
2025-09-30T23:20:28.472+0400: [GC (Allocation Failure) 171M->409M(4096M), 0.017 secs]
2025-09-30T23:20:30.484+0400: [Full GC (System.gc()) 142M->409M(4096M), 0.239 secs]
2025-09-30T23:20:32.494+0400: [GC (Allocation Failure) 186M->409M(4096M), 0.006 secs]
2025-09-30T23:20:32.495+0400: [GC (Allocation Failure) 186M->409M(4096M), 0.015 secs]
2025-09-30T23:20:32.519+0400: [System.gc() (Allocation Failure) 186M->102M(4096M), 0.023 secs]
2025-09-30T23:20:34.528+0400: [GC (Allocation Failure) 144M->409M(4096M), 0.026 secs]
2025-09-30T23:20:36.539+0400: [GC (Allocation Failure) 186M->409M(4096M), 0.015 secs]
2025-09-30T23:20:37.546+0400: [Full GC (System.gc()) 127M->409M(4096M), 0.196 secs]
2025-09-30T23:20:38.549+0400: [GC (Allocation Failure) 149M->409M(4096M), 0.041 secs]
2025-09-30T23:20:40.557+0400: [GC (Allocation Failure) 195M->409M(4096M), 0.010 secs]
2025-09-30T23:20:42.562+0400: [GC (Allocation Failure) 165M->409M(4096M), 0.010 secs]
2025-09-30T23:20:42.563+0400: [GC (Allocation Failure) 165M->409M(4096M), 0.042 secs]
2025-09-30T23:20:44.577+0400: [Full GC (System.gc()) 147M->409M(4096M), 0.216 secs]
2025-09-30T23:20:46.583+0400: [GC (Allocation Failure) 187M->409M(4096M), 0.013 secs]
2025-09-30T23:20:47.588+0400: [GC (Allocation Failure) 209M->409M(4096M), 0.014 secs]
2025-09-30T23:20:47.597+0400: [System.gc() (Allocation Failure) 209M->114M(4096M), 0.009 secs]
2025-09-30T23:20:48.617+0400: [System.gc() (Allocation Failure) 152M->5M(4096M), 0.015 secs]
2025-09-30T23:21:43.984+0400: [GC (Allocation Failure) 150M->409M(4096M), 0.012 secs]
2025-09-30T23:21:45.996+0400: [GC (Allocation Failure) 25M->409M(4096M), 0.024 secs]
2025-09-30T23:21:46.998+0400: [Full GC (System.gc()) 37M->409M(4096M), 0.153 secs]
2025-09-30T23:21:48.004+0400: [GC (Allocation Failure) 32M->409M(4096M), 0.005 secs]
2025-09-30T23:21:50.007+0400: [GC (Allocation Failure) 70M->409M(4096M), 0.016 secs]
2025-09-30T23:21:52.017+0400: [GC (Allocation Failure) 51M->409M(4096M), 0.013 secs]
2025-09-30T23:21:52.018+0400: [GC (Allocation Failure) 51M->409M(4096M), 0.013 secs]
2025-09-30T23:21:54.029+0400: [Full GC (System.gc()) 62M->409M(4096M), 0.207 secs]
2025-09-30T23:21:56.040+0400: [GC (Allocation Failure) 81M->409M(4096M), 0.021 secs]
2025-09-30T23:21:57.046+0400: [GC (Allocation Failure) 94M->409M(4096M), 0.024 secs]
2025-09-30T23:21:57.066+0400: [System.gc() (Allocation Failure) 94M->24M(4096M), 0.019 secs]
2025-09-30T23:21:58.067+0400: [GC (Allocation Failure) 42M->409M(4096M), 0.021 secs]
2025-09-30T23:22:00.077+0400: [GC (Allocation Failure) 79M->409M(4096M), 0.028 secs]
2025-09-30T23:22:02.084+0400: [Full GC (System.gc()) 82M->409M(4096M), 0.260 secs]
2025-09-30T23:22:02.085+0400: [GC (Allocation Failure) 82M->409M(4096M), 0.014 secs]
2025-09-30T23:22:04.087+0400: [GC (Allocation Failure) 89M->409M(4096M), 0.022 secs]
2025-09-30T23:22:06.097+0400: [GC (Allocation Failure) 110M->409M(4096M), 0.017 secs]
2025-09-30T23:22:07.103+0400: [GC (Allocation Failure) 111M->409M(4096M), 0.006 secs]
2025-09-30T23:22:08.109+0400: [Full GC (System.gc()) 110M->409M(4096M), 0.274 secs]
2025-09-30T23:22:10.119+0400: [GC (Allocation Failure) 128M->409M(4096M), 0.013 secs]
2025-09-30T23:22:12.128+0400: [GC (Allocation Failure) 110M->409M(4096M), 0.022 secs]
2025-09-30T23:22:12.129+0400: [GC (Allocation Failure) 110M->409M(4096M), 0.023 secs]
2025-09-30T23:22:12.149+0400: [System.gc() (Allocation Failure) 110M->35M(4096M), 0.019 secs]
2025-09-30T23:22:14.159+0400: [GC (Allocation Failure) 49M->409M(4096M), 0.015 secs]
2025-09-30T23:22:16.162+0400: [Full GC (System.gc()) 72M->409M(4096M), 0.170 secs]
2025-09-30T23:22:17.169+0400: [GC (Allocation Failure) 94M->409M(4096M), 0.015 secs]
2025-09-30T23:22:18.174+0400: [GC (Allocation Failure) 93M->409M(4096M), 0.007 secs]
2025-09-30T23:22:20.185+0400: [GC (Allocation Failure) 99M->409M(4096M), 0.015 secs]
2025-09-30T23:22:22.197+0400: [GC (Allocation Failure) 97M->409M(4096M), 0.017 secs]
2025-09-30T23:22:22.198+0400: [Full GC (System.gc()) 97M->409M(4096M), 0.128 secs]
2025-09-30T23:22:24.209+0400: [GC (Allocation Failure) 113M->409M(4096M), 0.006 secs]
2025-09-30T23:22:26.218+0400: [GC (Allocation Failure) 119M->409M(4096M), 0.033 secs]
2025-09-30T23:22:27.224+0400: [GC (Allocation Failure) 131M->409M(4096M), 0.018 secs]
2025-09-30T23:22:27.245+0400: [System.gc() (Allocation Failure) 131M->47M(4096M), 0.020 secs]
2025-09-30T23:22:28.250+0400: [GC (Allocation Failure) 65M->409M(4096M), 0.006 secs]
2025-09-30T23:22:30.265+0400: [Full GC (System.gc()) 103M->409M(4096M), 0.218 secs]
2025-09-30T23:22:32.277+0400: [GC (Allocation Failure) 122M->409M(4096M), 0.018 secs]
2025-09-30T23:22:32.278+0400: [GC (Allocation Failure) 122M->409M(4096M), 0.013 secs]
2025-09-30T23:22:34.284+0400: [GC (Allocation Failure) 147M->409M(4096M), 0.044 secs]
2025-09-30T23:22:36.289+0400: [GC (Allocation Failure) 142M->409M(4096M), 0.016 secs]
2025-09-30T23:22:37.295+0400: [Full GC (System.gc()) 176M->409M(4096M), 0.111 secs]
2025-09-30T23:22:38.296+0400: [GC (Allocation Failure) 178M->409M(4096M), 0.044 secs]
2025-09-30T23:22:40.307+0400: [GC (Allocation Failure) 180M->409M(4096M), 0.012 secs]
2025-09-30T23:22:42.318+0400: [GC (Allocation Failure) 216M->409M(4096M), 0.019 secs]
2025-09-30T23:22:42.318+0400: [GC (Allocation Failure) 216M->409M(4096M), 0.025 secs]
2025-09-30T23:22:42.334+0400: [System.gc() (Allocation Failure) 216M->55M(4096M), 0.015 secs]
2025-09-30T23:22:44.343+0400: [Full GC (System.gc()) 83M->409M(4096M), 0.165 secs]
2025-09-30T23:22:45.365+0400: [System.gc() (Allocation Failure) 107M->5M(4096M), 0.016 secs]
2025-09-30T23:23:12.239+0400: [GC (Allocation Failure) 22M->409M(4096M), 0.009 secs]
2025-09-30T23:23:14.242+0400: [GC (Allocation Failure) 22M->409M(4096M), 0.043 secs]
2025-09-30T23:23:15.244+0400: [GC (Allocation Failure) 36M->409M(4096M), 0.018 secs]
2025-09-30T23:23:16.250+0400: [GC (Allocation Failure) 56M->409M(4096M), 0.011 secs]
2025-09-30T23:23:18.261+0400: [Full GC (System.gc()) 32M->409M(4096M), 0.114 secs]
2025-09-30T23:23:20.265+0400: [GC (Allocation Failure) 66M->409M(4096M), 0.011 secs]
2025-09-30T23:23:20.266+0400: [GC (Allocation Failure) 66M->409M(4096M), 0.023 secs]
2025-09-30T23:23:22.281+0400: [GC (Allocation Failure) 47M->409M(4096M), 0.031 secs]
2025-09-30T23:23:24.288+0400: [GC (Allocation Failure) 87M->409M(4096M), 0.019 secs]
2025-09-30T23:23:25.294+0400: [Full GC (System.gc()) 88M->409M(4096M), 0.133 secs]
2025-09-30T23:23:25.316+0400: [System.gc() (Allocation Failure) 88M->24M(4096M), 0.021 secs]
2025-09-30T23:23:26.319+0400: [GC (Allocation Failure) 44M->409M(4096M), 0.020 secs]
2025-09-30T23:23:28.329+0400: [GC (Allocation Failure) 66M->409M(4096M), 0.010 secs]
2025-09-30T23:23:30.336+0400: [GC (Allocation Failure) 102M->409M(4096M), 0.008 secs]
2025-09-30T23:23:30.337+0400: [GC (Allocation Failure) 102M->409M(4096M), 0.017 secs]
2025-09-30T23:23:32.348+0400: [Full GC (System.gc()) 97M->409M(4096M), 0.292 secs]
2025-09-30T23:23:34.357+0400: [GC (Allocation Failure) 121M->409M(4096M), 0.023 secs]
2025-09-30T23:23:35.363+0400: [GC (Allocation Failure) 125M->409M(4096M), 0.036 secs]
2025-09-30T23:23:36.365+0400: [GC (Allocation Failure) 115M->409M(4096M), 0.023 secs]
2025-09-30T23:23:38.375+0400: [GC (Allocation Failure) 110M->409M(4096M), 0.012 secs]
2025-09-30T23:23:40.384+0400: [Full GC (System.gc()) 149M->409M(4096M), 0.211 secs]
2025-09-30T23:23:40.385+0400: [GC (Allocation Failure) 149M->409M(4096M), 0.018 secs]
2025-09-30T23:23:40.403+0400: [System.gc() (Allocation Failure) 149M->36M(4096M), 0.018 secs]
2025-09-30T23:23:42.409+0400: [GC (Allocation Failure) 56M->409M(4096M), 0.018 secs]
2025-09-30T23:23:44.420+0400: [GC (Allocation Failure) 73M->409M(4096M), 0.038 secs]
2025-09-30T23:23:45.427+0400: [GC (Allocation Failure) 95M->409M(4096M), 0.017 secs]
2025-09-30T23:23:46.429+0400: [Full GC (System.gc()) 97M->409M(4096M), 0.214 secs]
2025-09-30T23:23:48.436+0400: [GC (Allocation Failure) 115M->409M(4096M), 0.049 secs]
2025-09-30T23:23:50.446+0400: [GC (Allocation Failure) 148M->409M(4096M), 0.014 secs]
2025-09-30T23:23:50.447+0400: [GC (Allocation Failure) 148M->409M(4096M), 0.010 secs]
2025-09-30T23:23:52.453+0400: [GC (Allocation Failure) 111M->409M(4096M), 0.036 secs]
2025-09-30T23:23:54.463+0400: [Full GC (System.gc()) 122M->409M(4096M), 0.150 secs]
2025-09-30T23:23:55.470+0400: [GC (Allocation Failure) 144M->409M(4096M), 0.014 secs]
2025-09-30T23:23:55.493+0400: [System.gc() (Allocation Failure) 144M->47M(4096M), 0.023 secs]
2025-09-30T23:23:56.499+0400: [GC (Allocation Failure) 67M->409M(4096M), 0.037 secs]
2025-09-30T23:23:58.511+0400: [GC (Allocation Failure) 65M->409M(4096M), 0.015 secs]
2025-09-30T23:24:00.520+0400: [GC (Allocation Failure) 109M->409M(4096M), 0.008 secs]
2025-09-30T23:24:00.521+0400: [Full GC (System.gc()) 109M->409M(4096M), 0.266 secs]
2025-09-30T23:24:02.525+0400: [GC (Allocation Failure) 116M->409M(4096M), 0.007 secs]
2025-09-30T23:24:04.541+0400: [GC (Allocation Failure) 136M->409M(4096M), 0.019 secs]
2025-09-30T23:24:05.548+0400: [GC (Allocation Failure) 155M->409M(4096M), 0.029 secs]
2025-09-30T23:24:06.554+0400: [GC (Allocation Failure) 142M->409M(4096M), 0.006 secs]
2025-09-30T23:24:08.564+0400: [Full GC (System.gc()) 158M->409M(4096M), 0.256 secs]
2025-09-30T23:24:10.575+0400: [GC (Allocation Failure) 155M->409M(4096M), 0.019 secs]
2025-09-30T23:24:10.575+0400: [GC (Allocation Failure) 155M->409M(4096M), 0.023 secs]
2025-09-30T23:24:10.593+0400: [System.gc() (Allocation Failure) 155M->58M(4096M), 0.018 secs]
2025-09-30T23:24:12.604+0400: [GC (Allocation Failure) 98M->409M(4096M), 0.019 secs]
2025-09-30T23:24:14.610+0400: [GC (Allocation Failure) 76M->409M(4096M), 0.027 secs]
2025-09-30T23:24:15.614+0400: [Full GC (System.gc()) 98M->409M(4096M), 0.262 secs]
2025-09-30T23:24:16.620+0400: [GC (Allocation Failure) 120M->409M(4096M), 0.017 secs]
2025-09-30T23:24:18.627+0400: [GC (Allocation Failure) 101M->409M(4096M), 0.022 secs]
2025-09-30T23:24:20.634+0400: [GC (Allocation Failure) 145M->409M(4096M), 0.019 secs]
2025-09-30T23:24:20.635+0400: [GC (Allocation Failure) 145M->409M(4096M), 0.023 secs]
2025-09-30T23:24:22.645+0400: [Full GC (System.gc()) 127M->409M(4096M), 0.139 secs]
2025-09-30T23:24:24.656+0400: [GC (Allocation Failure) 138M->409M(4096M), 0.024 secs]
2025-09-30T23:24:25.663+0400: [GC (Allocation Failure) 160M->409M(4096M), 0.020 secs]
2025-09-30T23:24:25.688+0400: [System.gc() (Allocation Failure) 160M->69M(4096M), 0.025 secs]
2025-09-30T23:24:26.694+0400: [GC (Allocation Failure) 87M->409M(4096M), 0.018 secs]
2025-09-30T23:24:28.704+0400: [GC (Allocation Failure) 131M->409M(4096M), 0.017 secs]
2025-09-30T23:24:30.709+0400: [Full GC (System.gc()) 102M->409M(4096M), 0.113 secs]
2025-09-30T23:24:30.710+0400: [GC (Allocation Failure) 102M->409M(4096M), 0.010 secs]
2025-09-30T23:24:32.713+0400: [GC (Allocation Failure) 146M->409M(4096M), 0.019 secs]
2025-09-30T23:24:34.724+0400: [GC (Allocation Failure) 138M->409M(4096M), 0.014 secs]
2025-09-30T23:24:35.730+0400: [GC (Allocation Failure) 158M->409M(4096M), 0.022 secs]
2025-09-30T23:24:36.736+0400: [Full GC (System.gc()) 124M->409M(4096M), 0.225 secs]
2025-09-30T23:24:38.742+0400: [GC (Allocation Failure) 168M->409M(4096M), 0.020 secs]
2025-09-30T23:24:40.747+0400: [GC (Allocation Failure) 158M->409M(4096M), 0.032 secs]
2025-09-30T23:24:40.748+0400: [GC (Allocation Failure) 158M->409M(4096M), 0.016 secs]
2025-09-30T23:24:40.767+0400: [System.gc() (Allocation Failure) 158M->80M(4096M), 0.019 secs]
2025-09-30T23:24:42.773+0400: [GC (Allocation Failure) 120M->409M(4096M), 0.009 secs]
2025-09-30T23:24:44.778+0400: [Full GC (System.gc()) 164M->409M(4096M), 0.141 secs]
2025-09-30T23:24:45.781+0400: [GC (Allocation Failure) 112M->409M(4096M), 0.006 secs]
2025-09-30T23:24:46.786+0400: [GC (Allocation Failure) 132M->409M(4096M), 0.011 secs]
2025-09-30T23:24:48.797+0400: [GC (Allocation Failure) 176M->409M(4096M), 0.028 secs]
2025-09-30T23:24:50.807+0400: [GC (Allocation Failure) 124M->409M(4096M), 0.013 secs]
2025-09-30T23:24:50.808+0400: [Full GC (System.gc()) 124M->409M(4096M), 0.138 secs]
2025-09-30T23:24:52.819+0400: [GC (Allocation Failure) 168M->409M(4096M), 0.018 secs]
2025-09-30T23:24:54.824+0400: [GC (Allocation Failure) 210M->409M(4096M), 0.024 secs]
2025-09-30T23:24:55.825+0400: [GC (Allocation Failure) 139M->409M(4096M), 0.020 secs]
2025-09-30T23:24:55.849+0400: [System.gc() (Allocation Failure) 139M->92M(4096M), 0.022 secs]
2025-09-30T23:24:56.849+0400: [GC (Allocation Failure) 112M->409M(4096M), 0.039 secs]
2025-09-30T23:24:58.860+0400: [Full GC (System.gc()) 154M->409M(4096M), 0.116 secs]
2025-09-30T23:25:00.871+0400: [GC (Allocation Failure) 198M->409M(4096M), 0.011 secs]
2025-09-30T23:25:00.872+0400: [GC (Allocation Failure) 198M->409M(4096M), 0.030 secs]
2025-09-30T23:25:02.876+0400: [GC (Allocation Failure) 136M->409M(4096M), 0.008 secs]
2025-09-30T23:25:04.887+0400: [GC (Allocation Failure) 180M->409M(4096M), 0.015 secs]
2025-09-30T23:25:05.890+0400: [Full GC (System.gc()) 202M->409M(4096M), 0.174 secs]
2025-09-30T23:25:06.890+0400: [GC (Allocation Failure) 127M->409M(4096M), 0.010 secs]
2025-09-30T23:25:08.901+0400: [GC (Allocation Failure) 171M->409M(4096M), 0.024 secs]
2025-09-30T23:25:10.912+0400: [GC (Allocation Failure) 213M->409M(4096M), 0.044 secs]
2025-09-30T23:25:10.913+0400: [GC (Allocation Failure) 213M->409M(4096M), 0.015 secs]
2025-09-30T23:25:10.939+0400: [System.gc() (Allocation Failure) 213M->103M(4096M), 0.026 secs]
2025-09-30T23:25:12.950+0400: [Full GC (System.gc()) 143M->409M(4096M), 0.178 secs]
2025-09-30T23:25:14.961+0400: [GC (Allocation Failure) 189M->409M(4096M), 0.039 secs]
2025-09-30T23:25:15.967+0400: [GC (Allocation Failure) 209M->409M(4096M), 0.019 secs]
2025-09-30T23:25:16.973+0400: [GC (Allocation Failure) 132M->409M(4096M), 0.021 secs]
2025-09-30T23:25:18.980+0400: [GC (Allocation Failure) 174M->409M(4096M), 0.033 secs]
2025-09-30T23:25:20.990+0400: [Full GC (System.gc()) 220M->409M(4096M), 0.279 secs]
2025-09-30T23:25:20.991+0400: [GC (Allocation Failure) 220M->409M(4096M), 0.022 secs]
2025-09-30T23:25:23.001+0400: [GC (Allocation Failure) 174M->409M(4096M), 0.049 secs]
2025-09-30T23:25:25.008+0400: [GC (Allocation Failure) 218M->409M(4096M), 0.017 secs]
2025-09-30T23:25:26.011+0400: [GC (Allocation Failure) 161M->409M(4096M), 0.012 secs]
2025-09-30T23:25:26.036+0400: [System.gc() (Allocation Failure) 161M->114M(4096M), 0.024 secs]
2025-09-30T23:25:27.042+0400: [Full GC (System.gc()) 134M->409M(4096M), 0.255 secs]
2025-09-30T23:25:29.048+0400: [GC (Allocation Failure) 176M->409M(4096M), 0.016 secs]
2025-09-30T23:25:31.059+0400: [GC (Allocation Failure) 220M->409M(4096M), 0.017 secs]
2025-09-30T23:25:31.060+0400: [GC (Allocation Failure) 220M->409M(4096M), 0.030 secs]
2025-09-30T23:25:33.070+0400: [GC (Allocation Failure) 170M->409M(4096M), 0.014 secs]
2025-09-30T23:25:35.080+0400: [Full GC (System.gc()) 212M->409M(4096M), 0.252 secs]
2025-09-30T23:25:36.082+0400: [GC (Allocation Failure) 161M->409M(4096M), 0.019 secs]
2025-09-30T23:25:37.088+0400: [GC (Allocation Failure) 183M->409M(4096M), 0.006 secs]
2025-09-30T23:25:39.097+0400: [GC (Allocation Failure) 225M->409M(4096M), 0.005 secs]
2025-09-30T23:25:41.107+0400: [GC (Allocation Failure) 201M->409M(4096M), 0.031 secs]
2025-09-30T23:25:41.108+0400: [Full GC (System.gc()) 201M->409M(4096M), 0.185 secs]
2025-09-30T23:25:41.135+0400: [System.gc() (Allocation Failure) 201M->125M(4096M), 0.027 secs]
2025-09-30T23:25:43.145+0400: [GC (Allocation Failure) 167M->409M(4096M), 0.021 secs]
2025-09-30T23:25:45.153+0400: [GC (Allocation Failure) 209M->409M(4096M), 0.016 secs]
2025-09-30T23:25:46.155+0400: [GC (Allocation Failure) 150M->409M(4096M), 0.010 secs]
2025-09-30T23:25:47.161+0400: [GC (Allocation Failure) 170M->409M(4096M), 0.023 secs]
2025-09-30T23:25:49.171+0400: [Full GC (System.gc()) 214M->409M(4096M), 0.116 secs]
2025-09-30T23:25:51.179+0400: [GC (Allocation Failure) 187M->409M(4096M), 0.024 secs]
2025-09-30T23:25:51.179+0400: [GC (Allocation Failure) 187M->409M(4096M), 0.022 secs]
2025-09-30T23:25:53.187+0400: [GC (Allocation Failure) 231M->409M(4096M), 0.041 secs]
2025-09-30T23:25:55.193+0400: [GC (Allocation Failure) 171M->409M(4096M), 0.011 secs]
2025-09-30T23:25:56.199+0400: [Full GC (System.gc()) 191M->409M(4096M), 0.153 secs]
2025-09-30T23:25:56.222+0400: [System.gc() (Allocation Failure) 191M->137M(4096M), 0.023 secs]
2025-09-30T23:25:57.227+0400: [GC (Allocation Failure) 157M->409M(4096M), 0.037 secs]
2025-09-30T23:25:59.231+0400: [GC (Allocation Failure) 199M->409M(4096M), 0.021 secs]
2025-09-30T23:26:01.242+0400: [GC (Allocation Failure) 243M->409M(4096M), 0.012 secs]
2025-09-30T23:26:01.243+0400: [GC (Allocation Failure) 243M->409M(4096M), 0.045 secs]
2025-09-30T23:26:03.253+0400: [Full GC (System.gc()) 176M->409M(4096M), 0.164 secs]
2025-09-30T23:26:05.264+0400: [GC (Allocation Failure) 218M->409M(4096M), 0.010 secs]
2025-09-30T23:26:06.266+0400: [GC (Allocation Failure) 240M->409M(4096M), 0.026 secs]
2025-09-30T23:26:07.268+0400: [GC (Allocation Failure) 262M->409M(4096M), 0.022 secs]
2025-09-30T23:26:09.277+0400: [GC (Allocation Failure) 202M->409M(4096M), 0.020 secs]
2025-09-30T23:26:11.287+0400: [Full GC (System.gc()) 246M->409M(4096M), 0.179 secs]
2025-09-30T23:26:11.288+0400: [GC (Allocation Failure) 246M->409M(4096M), 0.009 secs]
2025-09-30T23:26:11.317+0400: [System.gc() (Allocation Failure) 246M->148M(4096M), 0.029 secs]
2025-09-30T23:26:13.328+0400: [GC (Allocation Failure) 190M->409M(4096M), 0.019 secs]
2025-09-30T23:26:15.336+0400: [GC (Allocation Failure) 232M->409M(4096M), 0.013 secs]
2025-09-30T23:26:16.342+0400: [GC (Allocation Failure) 254M->409M(4096M), 0.010 secs]
2025-09-30T23:26:17.345+0400: [Full GC (System.gc()) 165M->409M(4096M), 0.162 secs]
2025-09-30T23:26:19.349+0400: [GC (Allocation Failure) 209M->409M(4096M), 0.019 secs]
2025-09-30T23:26:21.356+0400: [GC (Allocation Failure) 253M->409M(4096M), 0.009 secs]
2025-09-30T23:26:21.357+0400: [GC (Allocation Failure) 253M->409M(4096M), 0.009 secs]
2025-09-30T23:26:23.360+0400: [GC (Allocation Failure) 195M->409M(4096M), 0.025 secs]
2025-09-30T23:26:25.367+0400: [Full GC (System.gc()) 239M->409M(4096M), 0.216 secs]
2025-09-30T23:26:26.371+0400: [GC (Allocation Failure) 261M->409M(4096M), 0.007 secs]
2025-09-30T23:26:26.401+0400: [System.gc() (Allocation Failure) 261M->159M(4096M), 0.029 secs]
2025-09-30T23:26:27.406+0400: [GC (Allocation Failure) 179M->409M(4096M), 0.045 secs]
2025-09-30T23:26:29.417+0400: [GC (Allocation Failure) 221M->409M(4096M), 0.012 secs]
2025-09-30T23:26:31.425+0400: [GC (Allocation Failure) 265M->409M(4096M), 0.016 secs]
2025-09-30T23:26:31.425+0400: [Full GC (System.gc()) 265M->409M(4096M), 0.124 secs]
2025-09-30T23:26:33.432+0400: [GC (Allocation Failure) 209M->409M(4096M), 0.024 secs]
2025-09-30T23:26:35.444+0400: [GC (Allocation Failure) 251M->409M(4096M), 0.014 secs]
2025-09-30T23:26:36.449+0400: [GC (Allocation Failure) 273M->409M(4096M), 0.043 secs]
2025-09-30T23:26:37.455+0400: [GC (Allocation Failure) 208M->409M(4096M), 0.015 secs]
2025-09-30T23:26:39.465+0400: [Full GC (System.gc()) 250M->409M(4096M), 0.288 secs]
2025-09-30T23:26:41.476+0400: [GC (Allocation Failure) 215M->409M(4096M), 0.028 secs]
2025-09-30T23:26:41.477+0400: [GC (Allocation Failure) 215M->409M(4096M), 0.010 secs]
2025-09-30T23:26:41.501+0400: [System.gc() (Allocation Failure) 215M->170M(4096M), 0.024 secs]
2025-09-30T23:26:43.507+0400: [GC (Allocation Failure) 212M->409M(4096M), 0.007 secs]
2025-09-30T23:26:45.515+0400: [GC (Allocation Failure) 254M->409M(4096M), 0.031 secs]
2025-09-30T23:26:46.521+0400: [Full GC (System.gc()) 276M->409M(4096M), 0.174 secs]
2025-09-30T23:26:47.527+0400: [GC (Allocation Failure) 204M->409M(4096M), 0.018 secs]
2025-09-30T23:26:49.537+0400: [GC (Allocation Failure) 248M->409M(4096M), 0.016 secs]
2025-09-30T23:26:51.546+0400: [GC (Allocation Failure) 214M->409M(4096M), 0.024 secs]
2025-09-30T23:26:51.547+0400: [GC (Allocation Failure) 214M->409M(4096M), 0.015 secs]
2025-09-30T23:26:53.551+0400: [Full GC (System.gc()) 256M->409M(4096M), 0.147 secs]
2025-09-30T23:26:55.557+0400: [GC (Allocation Failure) 221M->409M(4096M), 0.021 secs]
2025-09-30T23:26:56.560+0400: [GC (Allocation Failure) 243M->409M(4096M), 0.007 secs]
2025-09-30T23:26:56.588+0400: [System.gc() (Allocation Failure) 243M->182M(4096M), 0.027 secs]
2025-09-30T23:26:57.593+0400: [GC (Allocation Failure) 202M->409M(4096M), 0.040 secs]
2025-09-30T23:26:59.599+0400: [GC (Allocation Failure) 244M->409M(4096M), 0.011 secs]
2025-09-30T23:27:01.607+0400: [Full GC (System.gc()) 197M->409M(4096M), 0.105 secs]
2025-09-30T23:27:01.608+0400: [GC (Allocation Failure) 197M->409M(4096M), 0.044 secs]
2025-09-30T23:27:03.617+0400: [GC (Allocation Failure) 241M->409M(4096M), 0.024 secs]
2025-09-30T23:27:05.629+0400: [GC (Allocation Failure) 214M->409M(4096M), 0.022 secs]
2025-09-30T23:27:06.634+0400: [GC (Allocation Failure) 234M->409M(4096M), 0.040 secs]
2025-09-30T23:27:07.640+0400: [Full GC (System.gc()) 256M->409M(4096M), 0.127 secs]
2025-09-30T23:27:09.649+0400: [GC (Allocation Failure) 298M->409M(4096M), 0.007 secs]
2025-09-30T23:27:11.656+0400: [GC (Allocation Failure) 293M->409M(4096M), 0.026 secs]
2025-09-30T23:27:11.657+0400: [GC (Allocation Failure) 293M->409M(4096M), 0.010 secs]
2025-09-30T23:27:11.690+0400: [System.gc() (Allocation Failure) 293M->193M(4096M), 0.033 secs]
2025-09-30T23:27:13.699+0400: [GC (Allocation Failure) 233M->409M(4096M), 0.009 secs]
2025-09-30T23:27:15.708+0400: [Full GC (System.gc()) 277M->409M(4096M), 0.271 secs]
2025-09-30T23:27:16.711+0400: [GC (Allocation Failure) 215M->409M(4096M), 0.006 secs]
2025-09-30T23:27:17.716+0400: [GC (Allocation Failure) 237M->409M(4096M), 0.014 secs]
2025-09-30T23:27:19.723+0400: [GC (Allocation Failure) 281M->409M(4096M), 0.034 secs]
2025-09-30T23:27:21.731+0400: [GC (Allocation Failure) 249M->409M(4096M), 0.007 secs]
2025-09-30T23:27:21.732+0400: [Full GC (System.gc()) 249M->409M(4096M), 0.284 secs]
2025-09-30T23:27:23.740+0400: [GC (Allocation Failure) 293M->409M(4096M), 0.034 secs]
2025-09-30T23:27:25.748+0400: [GC (Allocation Failure) 255M->409M(4096M), 0.016 secs]
2025-09-30T23:27:26.754+0400: [GC (Allocation Failure) 277M->409M(4096M), 0.013 secs]
2025-09-30T23:27:26.780+0400: [System.gc() (Allocation Failure) 277M->204M(4096M), 0.026 secs]
2025-09-30T23:27:27.786+0400: [GC (Allocation Failure) 224M->409M(4096M), 0.036 secs]
2025-09-30T23:27:29.797+0400: [Full GC (System.gc()) 266M->409M(4096M), 0.259 secs]
2025-09-30T23:27:31.800+0400: [GC (Allocation Failure) 310M->409M(4096M), 0.010 secs]
2025-09-30T23:27:31.800+0400: [GC (Allocation Failure) 310M->409M(4096M), 0.014 secs]
2025-09-30T23:27:33.805+0400: [GC (Allocation Failure) 250M->409M(4096M), 0.008 secs]
2025-09-30T23:27:35.817+0400: [GC (Allocation Failure) 292M->409M(4096M), 0.005 secs]
2025-09-30T23:27:36.823+0400: [Full GC (System.gc()) 314M->409M(4096M), 0.107 secs]
2025-09-30T23:27:37.828+0400: [GC (Allocation Failure) 244M->409M(4096M), 0.014 secs]
2025-09-30T23:27:39.840+0400: [GC (Allocation Failure) 290M->409M(4096M), 0.021 secs]
2025-09-30T23:27:41.851+0400: [GC (Allocation Failure) 332M->409M(4096M), 0.018 secs]
2025-09-30T23:27:41.851+0400: [GC (Allocation Failure) 332M->409M(4096M), 0.008 secs]
2025-09-30T23:27:41.881+0400: [System.gc() (Allocation Failure) 332M->215M(4096M), 0.029 secs]
2025-09-30T23:27:43.892+0400: [Full GC (System.gc()) 257M->409M(4096M), 0.180 secs]
2025-09-30T23:27:45.903+0400: [GC (Allocation Failure) 299M->409M(4096M), 0.035 secs]
2025-09-30T23:27:46.909+0400: [GC (Allocation Failure) 321M->409M(4096M), 0.010 secs]
2025-09-30T23:27:47.910+0400: [GC (Allocation Failure) 242M->409M(4096M), 0.010 secs]
2025-09-30T23:27:49.922+0400: [GC (Allocation Failure) 286M->409M(4096M), 0.021 secs]
2025-09-30T23:27:51.933+0400: [Full GC (System.gc()) 330M->409M(4096M), 0.275 secs]
2025-09-30T23:27:51.934+0400: [GC (Allocation Failure) 330M->409M(4096M), 0.005 secs]
2025-09-30T23:27:53.941+0400: [GC (Allocation Failure) 286M->409M(4096M), 0.046 secs]
2025-09-30T23:27:55.948+0400: [GC (Allocation Failure) 328M->409M(4096M), 0.011 secs]
2025-09-30T23:27:56.953+0400: [GC (Allocation Failure) 350M->409M(4096M), 0.016 secs]
2025-09-30T23:27:56.984+0400: [System.gc() (Allocation Failure) 350M->227M(4096M), 0.031 secs]
2025-09-30T23:27:57.989+0400: [Full GC (System.gc()) 247M->409M(4096M), 0.257 secs]
2025-09-30T23:27:59.996+0400: [GC (Allocation Failure) 291M->409M(4096M), 0.012 secs]
2025-09-30T23:28:02.006+0400: [GC (Allocation Failure) 333M->409M(4096M), 0.008 secs]
2025-09-30T23:28:02.007+0400: [GC (Allocation Failure) 333M->409M(4096M), 0.042 secs]
2025-09-30T23:28:04.015+0400: [GC (Allocation Failure) 264M->409M(4096M), 0.008 secs]
2025-09-30T23:28:06.027+0400: [Full GC (System.gc()) 308M->409M(4096M), 0.248 secs]
2025-09-30T23:28:07.032+0400: [GC (Allocation Failure) 328M->409M(4096M), 0.014 secs]
2025-09-30T23:28:08.038+0400: [GC (Allocation Failure) 350M->409M(4096M), 0.014 secs]
2025-09-30T23:28:10.046+0400: [GC (Allocation Failure) 295M->409M(4096M), 0.016 secs]
2025-09-30T23:28:12.073+0400: [System.gc() (Allocation Failure) 335M->12M(4096M), 0.019 secs]
2025-09-30T23:29:36.526+0400: [GC (Allocation Failure) 298M->409M(4096M), 0.031 secs]
2025-09-30T23:29:38.537+0400: [Full GC (System.gc()) 300M->409M(4096M), 0.184 secs]
2025-09-30T23:29:39.543+0400: [GC (Allocation Failure) 314M->409M(4096M), 0.020 secs]
2025-09-30T23:29:40.545+0400: [GC (Allocation Failure) 320M->409M(4096M), 0.034 secs]
2025-09-30T23:29:42.552+0400: [GC (Allocation Failure) 288M->409M(4096M), 0.007 secs]
2025-09-30T23:29:44.559+0400: [GC (Allocation Failure) 107M->409M(4096M), 0.018 secs]
2025-09-30T23:29:44.559+0400: [Full GC (System.gc()) 107M->409M(4096M), 0.101 secs]
2025-09-30T23:29:46.566+0400: [GC (Allocation Failure) 149M->409M(4096M), 0.012 secs]
2025-09-30T23:29:48.573+0400: [GC (Allocation Failure) 191M->409M(4096M), 0.022 secs]
2025-09-30T23:29:49.579+0400: [GC (Allocation Failure) 213M->409M(4096M), 0.030 secs]
2025-09-30T23:29:49.597+0400: [System.gc() (Allocation Failure) 213M->13M(4096M), 0.018 secs]
2025-09-30T23:29:50.601+0400: [GC (Allocation Failure) 31M->409M(4096M), 0.023 secs]
2025-09-30T23:29:52.612+0400: [Full GC (System.gc()) 48M->409M(4096M), 0.141 secs]
2025-09-30T23:29:54.623+0400: [GC (Allocation Failure) 61M->409M(4096M), 0.042 secs]
2025-09-30T23:29:54.623+0400: [GC (Allocation Failure) 61M->409M(4096M), 0.020 secs]
2025-09-30T23:29:56.632+0400: [GC (Allocation Failure) 76M->409M(4096M), 0.016 secs]
2025-09-30T23:29:58.635+0400: [GC (Allocation Failure) 92M->409M(4096M), 0.010 secs]
2025-09-30T23:29:59.638+0400: [Full GC (System.gc()) 97M->409M(4096M), 0.207 secs]
2025-09-30T23:30:00.643+0400: [GC (Allocation Failure) 89M->409M(4096M), 0.006 secs]
2025-09-30T23:30:02.645+0400: [GC (Allocation Failure) 98M->409M(4096M), 0.015 secs]
2025-09-30T23:30:04.650+0400: [GC (Allocation Failure) 89M->409M(4096M), 0.014 secs]
2025-09-30T23:30:04.651+0400: [GC (Allocation Failure) 89M->409M(4096M), 0.024 secs]
2025-09-30T23:30:04.664+0400: [System.gc() (Allocation Failure) 89M->12M(4096M), 0.013 secs]
2025-09-30T23:30:06.668+0400: [Full GC (System.gc()) 41M->409M(4096M), 0.149 secs]
2025-09-30T23:30:08.675+0400: [GC (Allocation Failure) 59M->409M(4096M), 0.007 secs]
2025-09-30T23:30:09.680+0400: [GC (Allocation Failure) 71M->409M(4096M), 0.005 secs]
2025-09-30T23:30:10.684+0400: [GC (Allocation Failure) 80M->409M(4096M), 0.048 secs]
2025-09-30T23:30:12.694+0400: [GC (Allocation Failure) 73M->409M(4096M), 0.016 secs]
2025-09-30T23:30:14.740+0400: [Full GC (System.gc()) 84M->409M(4096M), 0.177 secs]
2025-09-30T23:30:14.740+0400: [GC (Allocation Failure) 84M->409M(4096M), 0.044 secs]
2025-09-30T23:30:16.748+0400: [GC (Allocation Failure) 107M->409M(4096M), 0.006 secs]
2025-09-30T23:30:18.757+0400: [GC (Allocation Failure) 117M->409M(4096M), 0.022 secs]
2025-09-30T23:30:19.763+0400: [GC (Allocation Failure) 117M->409M(4096M), 0.015 secs]
2025-09-30T23:30:19.779+0400: [System.gc() (Allocation Failure) 117M->5M(4096M), 0.015 secs]
2025-09-30T23:30:20.784+0400: [Full GC (System.gc()) 5M->409M(4096M), 0.217 secs]
2025-09-30T23:30:22.791+0400: [GC (Allocation Failure) 38M->409M(4096M), 0.014 secs]
2025-09-30T23:30:24.800+0400: [GC (Allocation Failure) 55M->409M(4096M), 0.037 secs]
2025-09-30T23:30:24.800+0400: [GC (Allocation Failure) 55M->409M(4096M), 0.010 secs]
2025-09-30T23:30:26.803+0400: [GC (Allocation Failure) 93M->409M(4096M), 0.020 secs]
2025-09-30T23:30:28.812+0400: [Full GC (System.gc()) 59M->409M(4096M), 0.285 secs]
2025-09-30T23:30:29.818+0400: [GC (Allocation Failure) 69M->409M(4096M), 0.008 secs]
2025-09-30T23:30:30.823+0400: [GC (Allocation Failure) 83M->409M(4096M), 0.019 secs]
2025-09-30T23:30:32.830+0400: [GC (Allocation Failure) 83M->409M(4096M), 0.016 secs]
2025-09-30T23:30:34.838+0400: [GC (Allocation Failure) 107M->409M(4096M), 0.008 secs]
2025-09-30T23:30:34.839+0400: [Full GC (System.gc()) 107M->409M(4096M), 0.229 secs]
2025-09-30T23:30:34.859+0400: [System.gc() (Allocation Failure) 107M->12M(4096M), 0.020 secs]
2025-09-30T23:30:36.866+0400: [GC (Allocation Failure) 38M->409M(4096M), 0.036 secs]
2025-09-30T23:30:38.869+0400: [GC (Allocation Failure) 49M->409M(4096M), 0.010 secs]
2025-09-30T23:30:39.875+0400: [GC (Allocation Failure) 51M->409M(4096M), 0.015 secs]
2025-09-30T23:30:40.876+0400: [GC (Allocation Failure) 62M->409M(4096M), 0.045 secs]
2025-09-30T23:30:42.879+0400: [Full GC (System.gc()) 71M->409M(4096M), 0.203 secs]
2025-09-30T23:30:44.887+0400: [GC (Allocation Failure) 79M->409M(4096M), 0.023 secs]
2025-09-30T23:30:44.887+0400: [GC (Allocation Failure) 79M->409M(4096M), 0.014 secs]
2025-09-30T23:30:46.893+0400: [GC (Allocation Failure) 80M->409M(4096M), 0.018 secs]
2025-09-30T23:30:48.904+0400: [GC (Allocation Failure) 83M->409M(4096M), 0.023 secs]
2025-09-30T23:30:49.908+0400: [Full GC (System.gc()) 85M->409M(4096M), 0.149 secs]
2025-09-30T23:30:49.924+0400: [System.gc() (Allocation Failure) 85M->12M(4096M), 0.016 secs]
2025-09-30T23:30:50.930+0400: [GC (Allocation Failure) 27M->409M(4096M), 0.014 secs]
2025-09-30T23:30:52.941+0400: [GC (Allocation Failure) 40M->409M(4096M), 0.022 secs]
2025-09-30T23:30:54.951+0400: [GC (Allocation Failure) 56M->409M(4096M), 0.014 secs]
2025-09-30T23:30:54.952+0400: [GC (Allocation Failure) 56M->409M(4096M), 0.016 secs]
2025-09-30T23:30:56.961+0400: [Full GC (System.gc()) 70M->409M(4096M), 0.226 secs]
2025-09-30T23:30:58.963+0400: [GC (Allocation Failure) 65M->409M(4096M), 0.014 secs]
2025-09-30T23:30:59.967+0400: [GC (Allocation Failure) 75M->409M(4096M), 0.017 secs]
2025-09-30T23:31:00.972+0400: [GC (Allocation Failure) 75M->409M(4096M), 0.008 secs]
2025-09-30T23:31:02.977+0400: [GC (Allocation Failure) 87M->409M(4096M), 0.033 secs]
2025-09-30T23:31:04.987+0400: [Full GC (System.gc()) 83M->409M(4096M), 0.184 secs]
2025-09-30T23:31:04.987+0400: [GC (Allocation Failure) 83M->409M(4096M), 0.023 secs]
2025-09-30T23:31:05.008+0400: [System.gc() (Allocation Failure) 83M->12M(4096M), 0.021 secs]
2025-09-30T23:31:07.014+0400: [GC (Allocation Failure) 46M->409M(4096M), 0.024 secs]
2025-09-30T23:31:09.023+0400: [GC (Allocation Failure) 58M->409M(4096M), 0.010 secs]
2025-09-30T23:31:10.027+0400: [GC (Allocation Failure) 70M->409M(4096M), 0.020 secs]
2025-09-30T23:31:11.032+0400: [Full GC (System.gc()) 73M->409M(4096M), 0.125 secs]
2025-09-30T23:31:13.037+0400: [GC (Allocation Failure) 79M->409M(4096M), 0.013 secs]
2025-09-30T23:31:15.048+0400: [GC (Allocation Failure) 80M->409M(4096M), 0.005 secs]
2025-09-30T23:31:15.048+0400: [GC (Allocation Failure) 80M->409M(4096M), 0.023 secs]
2025-09-30T23:31:17.057+0400: [GC (Allocation Failure) 100M->409M(4096M), 0.006 secs]
2025-09-30T23:31:19.067+0400: [Full GC (System.gc()) 96M->409M(4096M), 0.173 secs]
2025-09-30T23:31:20.069+0400: [GC (Allocation Failure) 83M->409M(4096M), 0.011 secs]
2025-09-30T23:31:20.087+0400: [System.gc() (Allocation Failure) 83M->12M(4096M), 0.018 secs]
2025-09-30T23:31:21.092+0400: [GC (Allocation Failure) 24M->409M(4096M), 0.011 secs]
2025-09-30T23:31:23.099+0400: [GC (Allocation Failure) 41M->409M(4096M), 0.018 secs]
2025-09-30T23:31:25.110+0400: [GC (Allocation Failure) 53M->409M(4096M), 0.046 secs]
2025-09-30T23:31:25.111+0400: [Full GC (System.gc()) 53M->409M(4096M), 0.104 secs]
2025-09-30T23:31:27.118+0400: [GC (Allocation Failure) 91M->409M(4096M), 0.013 secs]
2025-09-30T23:31:29.128+0400: [GC (Allocation Failure) 85M->409M(4096M), 0.027 secs]
2025-09-30T23:31:30.131+0400: [GC (Allocation Failure) 97M->409M(4096M), 0.011 secs]
2025-09-30T23:31:31.135+0400: [GC (Allocation Failure) 63M->409M(4096M), 0.019 secs]
2025-09-30T23:31:33.139+0400: [Full GC (System.gc()) 95M->409M(4096M), 0.226 secs]
2025-09-30T23:31:35.150+0400: [GC (Allocation Failure) 66M->409M(4096M), 0.022 secs]
2025-09-30T23:31:35.150+0400: [GC (Allocation Failure) 66M->409M(4096M), 0.009 secs]
2025-09-30T23:31:35.160+0400: [System.gc() (Allocation Failure) 66M->13M(4096M), 0.010 secs]
2025-09-30T23:31:37.166+0400: [GC (Allocation Failure) 48M->409M(4096M), 0.038 secs]
2025-09-30T23:31:39.174+0400: [GC (Allocation Failure) 53M->409M(4096M), 0.008 secs]
2025-09-30T23:31:40.180+0400: [Full GC (System.gc()) 56M->409M(4096M), 0.152 secs]
2025-09-30T23:31:41.185+0400: [GC (Allocation Failure) 69M->409M(4096M), 0.014 secs]
2025-09-30T23:31:43.193+0400: [GC (Allocation Failure) 83M->409M(4096M), 0.011 secs]
2025-09-30T23:31:45.196+0400: [GC (Allocation Failure) 72M->409M(4096M), 0.023 secs]
2025-09-30T23:31:45.196+0400: [GC (Allocation Failure) 72M->409M(4096M), 0.027 secs]
2025-09-30T23:31:47.219+0400: [System.gc() (Allocation Failure) 108M->5M(4096M), 0.012 secs]
2025-09-30T23:32:11.255+0400: [Full GC (System.gc()) 107M->409M(4096M), 0.156 secs]
2025-09-30T23:32:13.266+0400: [GC (Allocation Failure) 121M->409M(4096M), 0.022 secs]
2025-09-30T23:32:14.266+0400: [GC (Allocation Failure) 121M->409M(4096M), 0.033 secs]
2025-09-30T23:32:15.272+0400: [GC (Allocation Failure) 26M->409M(4096M), 0.014 secs]
2025-09-30T23:32:17.282+0400: [GC (Allocation Failure) 26M->409M(4096M), 0.012 secs]
2025-09-30T23:32:19.291+0400: [Full GC (System.gc()) 68M->409M(4096M), 0.217 secs]
2025-09-30T23:32:19.292+0400: [GC (Allocation Failure) 68M->409M(4096M), 0.006 secs]
2025-09-30T23:32:21.302+0400: [GC (Allocation Failure) 75M->409M(4096M), 0.011 secs]
2025-09-30T23:32:23.309+0400: [GC (Allocation Failure) 85M->409M(4096M), 0.043 secs]
2025-09-30T23:32:24.310+0400: [GC (Allocation Failure) 79M->409M(4096M), 0.011 secs]
2025-09-30T23:32:24.325+0400: [System.gc() (Allocation Failure) 79M->12M(4096M), 0.014 secs]
2025-09-30T23:32:25.327+0400: [Full GC (System.gc()) 27M->409M(4096M), 0.297 secs]
2025-09-30T23:32:27.334+0400: [GC (Allocation Failure) 45M->409M(4096M), 0.032 secs]
2025-09-30T23:32:29.341+0400: [GC (Allocation Failure) 65M->409M(4096M), 0.007 secs]
2025-09-30T23:32:29.342+0400: [GC (Allocation Failure) 65M->409M(4096M), 0.012 secs]
2025-09-30T23:32:31.344+0400: [GC (Allocation Failure) 71M->409M(4096M), 0.015 secs]
2025-09-30T23:32:33.352+0400: [Full GC (System.gc()) 77M->409M(4096M), 0.273 secs]
2025-09-30T23:32:34.353+0400: [GC (Allocation Failure) 71M->409M(4096M), 0.012 secs]
2025-09-30T23:32:35.357+0400: [GC (Allocation Failure) 80M->409M(4096M), 0.044 secs]
2025-09-30T23:32:37.368+0400: [GC (Allocation Failure) 85M->409M(4096M), 0.011 secs]
2025-09-30T23:32:39.377+0400: [GC (Allocation Failure) 89M->409M(4096M), 0.015 secs]
2025-09-30T23:32:39.378+0400: [Full GC (System.gc()) 89M->409M(4096M), 0.178 secs]
2025-09-30T23:32:39.394+0400: [System.gc() (Allocation Failure) 89M->12M(4096M), 0.016 secs]
2025-09-30T23:32:41.400+0400: [GC (Allocation Failure) 43M->409M(4096M), 0.014 secs]
2025-09-30T23:32:43.408+0400: [GC (Allocation Failure) 68M->409M(4096M), 0.013 secs]
2025-09-30T23:32:44.410+0400: [GC (Allocation Failure) 51M->409M(4096M), 0.032 secs]
2025-09-30T23:32:45.416+0400: [GC (Allocation Failure) 71M->409M(4096M), 0.019 secs]
2025-09-30T23:32:47.425+0400: [Full GC (System.gc()) 82M->409M(4096M), 0.131 secs]
2025-09-30T23:32:49.435+0400: [GC (Allocation Failure) 96M->409M(4096M), 0.039 secs]
2025-09-30T23:32:49.436+0400: [GC (Allocation Failure) 98M->409M(4096M), 0.015 secs]
2025-09-30T23:32:51.446+0400: [GC (Allocation Failure) 79M->409M(4096M), 0.022 secs]
2025-09-30T23:32:53.453+0400: [GC (Allocation Failure) 77M->409M(4096M), 0.036 secs]
2025-09-30T23:32:54.458+0400: [Full GC (System.gc()) 97M->409M(4096M), 0.118 secs]
2025-09-30T23:32:54.478+0400: [System.gc() (Allocation Failure) 97M->12M(4096M), 0.019 secs]
2025-09-30T23:32:55.484+0400: [GC (Allocation Failure) 27M->409M(4096M), 0.018 secs]
2025-09-30T23:32:57.492+0400: [GC (Allocation Failure) 48M->409M(4096M), 0.022 secs]
2025-09-30T23:32:59.496+0400: [GC (Allocation Failure) 51M->409M(4096M), 0.012 secs]
2025-09-30T23:32:59.496+0400: [GC (Allocation Failure) 51M->409M(4096M), 0.017 secs]
2025-09-30T23:33:01.501+0400: [Full GC (System.gc()) 54M->409M(4096M), 0.223 secs]
2025-09-30T23:33:03.503+0400: [GC (Allocation Failure) 60M->409M(4096M), 0.007 secs]
2025-09-30T23:33:04.510+0400: [GC (Allocation Failure) 80M->409M(4096M), 0.006 secs]
2025-09-30T23:33:05.513+0400: [GC (Allocation Failure) 60M->409M(4096M), 0.049 secs]
2025-09-30T23:33:07.519+0400: [GC (Allocation Failure) 83M->409M(4096M), 0.007 secs]
2025-09-30T23:33:09.524+0400: [Full GC (System.gc()) 89M->409M(4096M), 0.105 secs]
2025-09-30T23:33:09.524+0400: [GC (Allocation Failure) 89M->409M(4096M), 0.019 secs]
2025-09-30T23:33:09.546+0400: [System.gc() (Allocation Failure) 89M->12M(4096M), 0.022 secs]
2025-09-30T23:33:11.553+0400: [GC (Allocation Failure) 49M->409M(4096M), 0.019 secs]
2025-09-30T23:33:13.564+0400: [GC (Allocation Failure) 62M->409M(4096M), 0.022 secs]
2025-09-30T23:33:14.567+0400: [GC (Allocation Failure) 61M->409M(4096M), 0.044 secs]
2025-09-30T23:33:15.571+0400: [Full GC (System.gc()) 69M->409M(4096M), 0.141 secs]
2025-09-30T23:33:17.577+0400: [GC (Allocation Failure) 83M->409M(4096M), 0.018 secs]
2025-09-30T23:33:19.584+0400: [GC (Allocation Failure) 75M->409M(4096M), 0.026 secs]
2025-09-30T23:33:19.584+0400: [GC (Allocation Failure) 75M->409M(4096M), 0.009 secs]
2025-09-30T23:33:21.595+0400: [GC (Allocation Failure) 85M->409M(4096M), 0.017 secs]
2025-09-30T23:33:23.603+0400: [Full GC (System.gc()) 98M->409M(4096M), 0.281 secs]
2025-09-30T23:33:24.606+0400: [GC (Allocation Failure) 112M->409M(4096M), 0.005 secs]
2025-09-30T23:33:24.626+0400: [System.gc() (Allocation Failure) 112M->12M(4096M), 0.019 secs]
2025-09-30T23:33:25.632+0400: [GC (Allocation Failure) 35M->409M(4096M), 0.011 secs]
2025-09-30T23:33:27.639+0400: [GC (Allocation Failure) 47M->409M(4096M), 0.037 secs]
2025-09-30T23:33:29.644+0400: [GC (Allocation Failure) 57M->409M(4096M), 0.020 secs]
2025-09-30T23:33:29.645+0400: [Full GC (System.gc()) 57M->409M(4096M), 0.265 secs]
2025-09-30T23:33:31.653+0400: [GC (Allocation Failure) 67M->409M(4096M), 0.030 secs]
2025-09-30T23:33:33.659+0400: [GC (Allocation Failure) 68M->409M(4096M), 0.019 secs]
2025-09-30T23:33:34.661+0400: [GC (Allocation Failure) 87M->409M(4096M), 0.006 secs]
2025-09-30T23:33:35.665+0400: [GC (Allocation Failure) 88M->409M(4096M), 0.020 secs]
2025-09-30T23:33:37.675+0400: [Full GC (System.gc()) 94M->409M(4096M), 0.177 secs]
2025-09-30T23:33:39.681+0400: [GC (Allocation Failure) 90M->409M(4096M), 0.016 secs]
2025-09-30T23:33:39.682+0400: [GC (Allocation Failure) 90M->409M(4096M), 0.020 secs]
2025-09-30T23:33:39.703+0400: [System.gc() (Allocation Failure) 90M->12M(4096M), 0.021 secs]
2025-09-30T23:33:41.710+0400: [GC (Allocation Failure) 41M->409M(4096M), 0.007 secs]
2025-09-30T23:33:43.721+0400: [GC (Allocation Failure) 53M->409M(4096M), 0.016 secs]
2025-09-30T23:33:44.728+0400: [Full GC (System.gc()) 71M->409M(4096M), 0.209 secs]
2025-09-30T23:33:45.733+0400: [GC (Allocation Failure) 67M->409M(4096M), 0.011 secs]
2025-09-30T23:33:47.736+0400: [GC (Allocation Failure) 82M->409M(4096M), 0.023 secs]
2025-09-30T23:33:49.737+0400: [GC (Allocation Failure) 85M->409M(4096M), 0.031 secs]
2025-09-30T23:33:49.738+0400: [GC (Allocation Failure) 85M->409M(4096M), 0.006 secs]
2025-09-30T23:33:51.749+0400: [Full GC (System.gc()) 67M->409M(4096M), 0.295 secs]
2025-09-30T23:33:53.754+0400: [GC (Allocation Failure) 87M->409M(4096M), 0.043 secs]
2025-09-30T23:33:54.759+0400: [GC (Allocation Failure) 91M->409M(4096M), 0.012 secs]
2025-09-30T23:33:54.776+0400: [System.gc() (Allocation Failure) 91M->13M(4096M), 0.016 secs]
2025-09-30T23:33:55.782+0400: [GC (Allocation Failure) 34M->409M(4096M), 0.017 secs]
2025-09-30T23:33:57.787+0400: [GC (Allocation Failure) 56M->409M(4096M), 0.046 secs]
2025-09-30T23:33:59.798+0400: [Full GC (System.gc()) 57M->409M(4096M), 0.218 secs]
2025-09-30T23:33:59.799+0400: [GC (Allocation Failure) 57M->409M(4096M), 0.019 secs]
2025-09-30T23:34:01.804+0400: [GC (Allocation Failure) 65M->409M(4096M), 0.033 secs]
2025-09-30T23:34:03.812+0400: [GC (Allocation Failure) 77M->409M(4096M), 0.015 secs]
2025-09-30T23:34:04.818+0400: [GC (Allocation Failure) 71M->409M(4096M), 0.009 secs]
2025-09-30T23:34:05.823+0400: [Full GC (System.gc()) 79M->409M(4096M), 0.297 secs]
2025-09-30T23:34:07.834+0400: [GC (Allocation Failure) 90M->409M(4096M), 0.023 secs]
2025-09-30T23:34:09.843+0400: [GC (Allocation Failure) 97M->409M(4096M), 0.022 secs]
2025-09-30T23:34:09.843+0400: [GC (Allocation Failure) 97M->409M(4096M), 0.023 secs]
2025-09-30T23:34:09.864+0400: [System.gc() (Allocation Failure) 97M->13M(4096M), 0.021 secs]
2025-09-30T23:34:11.874+0400: [GC (Allocation Failure) 40M->409M(4096M), 0.017 secs]
2025-09-30T23:34:13.883+0400: [Full GC (System.gc()) 65M->409M(4096M), 0.193 secs]
2025-09-30T23:34:14.888+0400: [GC (Allocation Failure) 66M->409M(4096M), 0.021 secs]
2025-09-30T23:34:15.893+0400: [GC (Allocation Failure) 71M->409M(4096M), 0.015 secs]
2025-09-30T23:34:17.895+0400: [GC (Allocation Failure) 67M->409M(4096M), 0.017 secs]
2025-09-30T23:34:19.906+0400: [GC (Allocation Failure) 79M->409M(4096M), 0.039 secs]
2025-09-30T23:34:19.906+0400: [Full GC (System.gc()) 79M->409M(4096M), 0.253 secs]
2025-09-30T23:34:21.913+0400: [GC (Allocation Failure) 81M->409M(4096M), 0.013 secs]
2025-09-30T23:34:23.921+0400: [GC (Allocation Failure) 84M->409M(4096M), 0.022 secs]
2025-09-30T23:34:24.922+0400: [GC (Allocation Failure) 86M->409M(4096M), 0.016 secs]
2025-09-30T23:34:24.940+0400: [System.gc() (Allocation Failure) 86M->13M(4096M), 0.018 secs]
2025-09-30T23:34:25.945+0400: [GC (Allocation Failure) 29M->409M(4096M), 0.009 secs]
2025-09-30T23:34:27.956+0400: [Full GC (System.gc()) 50M->409M(4096M), 0.246 secs]
2025-09-30T23:34:28.968+0400: [System.gc() (Allocation Failure) 67M->5M(4096M), 0.010 secs]
2025-09-30T23:35:10.022+0400: [GC (Allocation Failure) 360M->409M(4096M), 0.014 secs]
2025-09-30T23:35:12.034+0400: [GC (Allocation Failure) 374M->409M(4096M), 0.008 secs]
2025-09-30T23:35:13.038+0400: [GC (Allocation Failure) 374M->409M(4096M), 0.019 secs]
2025-09-30T23:35:14.044+0400: [GC (Allocation Failure) 392M->409M(4096M), 0.017 secs]
2025-09-30T23:35:16.052+0400: [Full GC (System.gc()) 434M->409M(4096M), 0.119 secs]
2025-09-30T23:35:18.058+0400: [GC (Allocation Failure) 474M->409M(4096M), 0.020 secs]
2025-09-30T23:35:18.064+0400: [GC (Allocation Failure) 474M->425M(4096M), 0.013 secs]
2025-09-30T23:35:20.077+0400: [GC (Allocation Failure) 544M->481M(4096M), 0.006 secs]
2025-09-30T23:35:22.087+0400: [GC (Allocation Failure) 578M->439M(4096M), 0.031 secs]
2025-09-30T23:35:23.092+0400: [Full GC (System.gc()) 87M->409M(4096M), 0.228 secs]
2025-09-30T23:35:23.111+0400: [System.gc() (Allocation Failure) 87M->13M(4096M), 0.018 secs]
2025-09-30T23:35:24.114+0400: [GC (Allocation Failure) 27M->409M(4096M), 0.013 secs]
2025-09-30T23:35:26.124+0400: [GC (Allocation Failure) 40M->409M(4096M), 0.023 secs]
2025-09-30T23:35:28.130+0400: [GC (Allocation Failure) 53M->409M(4096M), 0.005 secs]
2025-09-30T23:35:28.131+0400: [GC (Allocation Failure) 53M->409M(4096M), 0.019 secs]
2025-09-30T23:35:30.140+0400: [Full GC (System.gc()) 65M->409M(4096M), 0.228 secs]
2025-09-30T23:35:32.146+0400: [GC (Allocation Failure) 69M->409M(4096M), 0.020 secs]
2025-09-30T23:35:33.150+0400: [GC (Allocation Failure) 75M->409M(4096M), 0.022 secs]
2025-09-30T23:35:34.152+0400: [GC (Allocation Failure) 83M->409M(4096M), 0.022 secs]
2025-09-30T23:35:36.160+0400: [GC (Allocation Failure) 81M->409M(4096M), 0.016 secs]
2025-09-30T23:35:38.170+0400: [Full GC (System.gc()) 101M->409M(4096M), 0.164 secs]
2025-09-30T23:35:38.171+0400: [GC (Allocation Failure) 101M->409M(4096M), 0.039 secs]
2025-09-30T23:35:38.192+0400: [System.gc() (Allocation Failure) 101M->12M(4096M), 0.020 secs]
2025-09-30T23:35:40.203+0400: [GC (Allocation Failure) 16M->409M(4096M), 0.013 secs]
2025-09-30T23:35:42.210+0400: [GC (Allocation Failure) 56M->409M(4096M), 0.014 secs]
2025-09-30T23:35:43.215+0400: [GC (Allocation Failure) 46M->409M(4096M), 0.023 secs]
2025-09-30T23:35:44.216+0400: [Full GC (System.gc()) 66M->409M(4096M), 0.291 secs]
2025-09-30T23:35:46.222+0400: [GC (Allocation Failure) 71M->409M(4096M), 0.013 secs]
2025-09-30T23:35:48.229+0400: [GC (Allocation Failure) 100M->409M(4096M), 0.017 secs]
2025-09-30T23:35:48.229+0400: [GC (Allocation Failure) 100M->409M(4096M), 0.021 secs]
2025-09-30T23:35:50.240+0400: [GC (Allocation Failure) 87M->409M(4096M), 0.011 secs]
2025-09-30T23:35:52.247+0400: [Full GC (System.gc()) 116M->409M(4096M), 0.104 secs]
2025-09-30T23:35:53.253+0400: [GC (Allocation Failure) 110M->409M(4096M), 0.011 secs]
2025-09-30T23:35:53.274+0400: [System.gc() (Allocation Failure) 110M->12M(4096M), 0.021 secs]
2025-09-30T23:35:54.280+0400: [GC (Allocation Failure) 27M->409M(4096M), 0.017 secs]
2025-09-30T23:35:56.287+0400: [GC (Allocation Failure) 54M->409M(4096M), 0.021 secs]
2025-09-30T23:35:58.297+0400: [GC (Allocation Failure) 51M->409M(4096M), 0.018 secs]
2025-09-30T23:35:58.297+0400: [Full GC (System.gc()) 51M->409M(4096M), 0.237 secs]
2025-09-30T23:36:00.304+0400: [GC (Allocation Failure) 56M->409M(4096M), 0.046 secs]
2025-09-30T23:36:02.311+0400: [GC (Allocation Failure) 61M->409M(4096M), 0.021 secs]
2025-09-30T23:36:03.313+0400: [GC (Allocation Failure) 83M->409M(4096M), 0.019 secs]
2025-09-30T23:36:04.319+0400: [GC (Allocation Failure) 62M->409M(4096M), 0.032 secs]
2025-09-30T23:36:06.322+0400: [Full GC (System.gc()) 58M->409M(4096M), 0.211 secs]
2025-09-30T23:36:08.330+0400: [GC (Allocation Failure) 72M->409M(4096M), 0.007 secs]
2025-09-30T23:36:08.331+0400: [GC (Allocation Failure) 72M->409M(4096M), 0.045 secs]
2025-09-30T23:36:08.352+0400: [System.gc() (Allocation Failure) 72M->12M(4096M), 0.021 secs]
2025-09-30T23:36:10.363+0400: [GC (Allocation Failure) 41M->409M(4096M), 0.017 secs]
2025-09-30T23:36:12.366+0400: [GC (Allocation Failure) 50M->409M(4096M), 0.007 secs]
2025-09-30T23:36:13.372+0400: [Full GC (System.gc()) 62M->409M(4096M), 0.282 secs]
2025-09-30T23:36:14.372+0400: [GC (Allocation Failure) 66M->409M(4096M), 0.017 secs]
2025-09-30T23:36:16.384+0400: [GC (Allocation Failure) 68M->409M(4096M), 0.024 secs]
2025-09-30T23:36:18.395+0400: [GC (Allocation Failure) 70M->409M(4096M), 0.022 secs]
2025-09-30T23:36:18.395+0400: [GC (Allocation Failure) 70M->409M(4096M), 0.024 secs]
2025-09-30T23:36:20.405+0400: [Full GC (System.gc()) 93M->409M(4096M), 0.190 secs]
2025-09-30T23:36:22.417+0400: [GC (Allocation Failure) 73M->409M(4096M), 0.016 secs]
2025-09-30T23:36:23.420+0400: [GC (Allocation Failure) 73M->409M(4096M), 0.022 secs]
2025-09-30T23:36:23.441+0400: [System.gc() (Allocation Failure) 73M->12M(4096M), 0.021 secs]
2025-09-30T23:36:24.446+0400: [GC (Allocation Failure) 26M->409M(4096M), 0.007 secs]
2025-09-30T23:36:26.453+0400: [GC (Allocation Failure) 44M->409M(4096M), 0.040 secs]
2025-09-30T23:36:28.461+0400: [Full GC (System.gc()) 72M->409M(4096M), 0.179 secs]
2025-09-30T23:36:28.462+0400: [GC (Allocation Failure) 72M->409M(4096M), 0.020 secs]
2025-09-30T23:36:30.469+0400: [GC (Allocation Failure) 77M->409M(4096M), 0.012 secs]
2025-09-30T23:36:32.479+0400: [GC (Allocation Failure) 86M->409M(4096M), 0.005 secs]
2025-09-30T23:36:33.485+0400: [GC (Allocation Failure) 85M->409M(4096M), 0.023 secs]
2025-09-30T23:36:34.490+0400: [Full GC (System.gc()) 76M->409M(4096M), 0.199 secs]
2025-09-30T23:36:36.497+0400: [GC (Allocation Failure) 86M->409M(4096M), 0.012 secs]
2025-09-30T23:36:38.506+0400: [GC (Allocation Failure) 97M->409M(4096M), 0.017 secs]
2025-09-30T23:36:38.507+0400: [GC (Allocation Failure) 97M->409M(4096M), 0.028 secs]
2025-09-30T23:36:38.527+0400: [System.gc() (Allocation Failure) 97M->12M(4096M), 0.020 secs]
2025-09-30T23:36:40.535+0400: [GC (Allocation Failure) 38M->409M(4096M), 0.009 secs]
2025-09-30T23:36:42.544+0400: [Full GC (System.gc()) 45M->409M(4096M), 0.215 secs]
2025-09-30T23:36:43.551+0400: [GC (Allocation Failure) 63M->409M(4096M), 0.038 secs]
2025-09-30T23:36:44.556+0400: [GC (Allocation Failure) 64M->409M(4096M), 0.023 secs]
2025-09-30T23:36:46.567+0400: [GC (Allocation Failure) 64M->409M(4096M), 0.015 secs]
2025-09-30T23:36:48.577+0400: [GC (Allocation Failure) 70M->409M(4096M), 0.038 secs]
2025-09-30T23:36:48.578+0400: [Full GC (System.gc()) 70M->409M(4096M), 0.147 secs]
2025-09-30T23:36:50.585+0400: [GC (Allocation Failure) 75M->409M(4096M), 0.022 secs]
2025-09-30T23:36:52.590+0400: [GC (Allocation Failure) 81M->409M(4096M), 0.034 secs]
2025-09-30T23:36:53.596+0400: [GC (Allocation Failure) 82M->409M(4096M), 0.020 secs]
2025-09-30T23:36:53.614+0400: [System.gc() (Allocation Failure) 82M->13M(4096M), 0.018 secs]
2025-09-30T23:36:54.615+0400: [GC (Allocation Failure) 27M->409M(4096M), 0.019 secs]
2025-09-30T23:36:56.622+0400: [Full GC (System.gc()) 55M->409M(4096M), 0.205 secs]
2025-09-30T23:36:58.625+0400: [GC (Allocation Failure) 61M->409M(4096M), 0.015 secs]
2025-09-30T23:36:58.626+0400: [GC (Allocation Failure) 61M->409M(4096M), 0.012 secs]
2025-09-30T23:37:00.633+0400: [GC (Allocation Failure) 67M->409M(4096M), 0.029 secs]
2025-09-30T23:37:02.638+0400: [GC (Allocation Failure) 76M->409M(4096M), 0.017 secs]
2025-09-30T23:37:03.644+0400: [Full GC (System.gc()) 71M->409M(4096M), 0.163 secs]
2025-09-30T23:37:04.646+0400: [GC (Allocation Failure) 81M->409M(4096M), 0.035 secs]
2025-09-30T23:37:06.649+0400: [GC (Allocation Failure) 81M->409M(4096M), 0.010 secs]
2025-09-30T23:37:08.656+0400: [GC (Allocation Failure) 89M->409M(4096M), 0.022 secs]
2025-09-30T23:37:08.657+0400: [GC (Allocation Failure) 89M->409M(4096M), 0.022 secs]
2025-09-30T23:37:08.679+0400: [System.gc() (Allocation Failure) 89M->13M(4096M), 0.022 secs]
2025-09-30T23:37:10.686+0400: [Full GC (System.gc()) 49M->409M(4096M), 0.209 secs]
2025-09-30T23:37:12.691+0400: [GC (Allocation Failure) 58M->409M(4096M), 0.006 secs]
2025-09-30T23:37:13.693+0400: [GC (Allocation Failure) 61M->409M(4096M), 0.021 secs]
2025-09-30T23:37:14.698+0400: [GC (Allocation Failure) 63M->409M(4096M), 0.011 secs]
2025-09-30T23:37:16.708+0400: [GC (Allocation Failure) 76M->409M(4096M), 0.021 secs]
2025-09-30T23:37:18.716+0400: [Full GC (System.gc()) 91M->409M(4096M), 0.163 secs]
2025-09-30T23:37:18.717+0400: [GC (Allocation Failure) 91M->409M(4096M), 0.023 secs]
2025-09-30T23:37:20.722+0400: [GC (Allocation Failure) 90M->409M(4096M), 0.021 secs]
2025-09-30T23:37:22.730+0400: [GC (Allocation Failure) 84M->409M(4096M), 0.038 secs]
2025-09-30T23:37:23.731+0400: [GC (Allocation Failure) 104M->409M(4096M), 0.018 secs]
2025-09-30T23:37:23.749+0400: [System.gc() (Allocation Failure) 104M->13M(4096M), 0.018 secs]
2025-09-30T23:37:24.755+0400: [Full GC (System.gc()) 27M->409M(4096M), 0.171 secs]
2025-09-30T23:37:26.764+0400: [GC (Allocation Failure) 41M->409M(4096M), 0.028 secs]
2025-09-30T23:37:28.775+0400: [GC (Allocation Failure) 55M->409M(4096M), 0.016 secs]
2025-09-30T23:37:28.776+0400: [GC (Allocation Failure) 55M->409M(4096M), 0.015 secs]
2025-09-30T23:37:30.784+0400: [GC (Allocation Failure) 74M->409M(4096M), 0.018 secs]
2025-09-30T23:37:32.790+0400: [Full GC (System.gc()) 66M->409M(4096M), 0.230 secs]
2025-09-30T23:37:33.792+0400: [GC (Allocation Failure) 62M->409M(4096M), 0.008 secs]
2025-09-30T23:37:34.797+0400: [GC (Allocation Failure) 80M->409M(4096M), 0.014 secs]
2025-09-30T23:37:36.803+0400: [GC (Allocation Failure) 79M->409M(4096M), 0.022 secs]
2025-09-30T23:37:38.813+0400: [GC (Allocation Failure) 111M->409M(4096M), 0.007 secs]
2025-09-30T23:37:38.814+0400: [Full GC (System.gc()) 111M->409M(4096M), 0.242 secs]
2025-09-30T23:37:38.821+0400: [System.gc() (Allocation Failure) 111M->5M(4096M), 0.007 secs]
2025-09-30T23:37:40.828+0400: [GC (Allocation Failure) 5M->409M(4096M), 0.023 secs]
2025-09-30T23:37:42.836+0400: [GC (Allocation Failure) 19M->409M(4096M), 0.013 secs]
2025-09-30T23:37:43.842+0400: [GC (Allocation Failure) 19M->409M(4096M), 0.010 secs]
2025-09-30T23:37:44.847+0400: [GC (Allocation Failure) 19M->409M(4096M), 0.012 secs]
2025-09-30T23:37:46.858+0400: [Full GC (System.gc()) 47M->409M(4096M), 0.174 secs]
2025-09-30T23:37:48.868+0400: [GC (Allocation Failure) 61M->409M(4096M), 0.047 secs]
2025-09-30T23:37:48.869+0400: [GC (Allocation Failure) 61M->409M(4096M), 0.017 secs]
2025-09-30T23:37:50.879+0400: [GC (Allocation Failure) 63M->409M(4096M), 0.020 secs]
2025-09-30T23:37:52.885+0400: [GC (Allocation Failure) 63M->409M(4096M), 0.017 secs]
2025-09-30T23:37:53.888+0400: [Full GC (System.gc()) 63M->409M(4096M), 0.230 secs]
2025-09-30T23:37:53.915+0400: [System.gc() (Allocation Failure) 63M->5M(4096M), 0.026 secs]
2025-09-30T23:37:54.920+0400: [GC (Allocation Failure) 5M->409M(4096M), 0.022 secs]
2025-09-30T23:37:56.928+0400: [GC (Allocation Failure) 5M->409M(4096M), 0.046 secs]
2025-09-30T23:37:58.939+0400: [GC (Allocation Failure) 5M->409M(4096M), 0.017 secs]
2025-09-30T23:37:58.940+0400: [GC (Allocation Failure) 5M->409M(4096M), 0.021 secs]
2025-09-30T23:38:00.945+0400: [Full GC (System.gc()) 5M->409M(4096M), 0.296 secs]
2025-09-30T23:38:02.956+0400: [GC (Allocation Failure) 5M->409M(4096M), 0.018 secs]
2025-09-30T23:38:03.957+0400: [GC (Allocation Failure) 5M->409M(4096M), 0.024 secs]
2025-09-30T23:38:04.960+0400: [GC (Allocation Failure) 33M->409M(4096M), 0.025 secs]
2025-09-30T23:38:06.970+0400: [GC (Allocation Failure) 125M->409M(4096M), 0.023 secs]
2025-09-30T23:38:08.978+0400: [Full GC (System.gc()) 341M->409M(4096M), 0.171 secs]
2025-09-30T23:38:08.978+0400: [GC (Allocation Failure) 341M->409M(4096M), 0.012 secs]
2025-09-30T23:38:08.989+0400: [System.gc() (Allocation Failure) 341M->17M(4096M), 0.011 secs]
2025-09-30T23:38:10.999+0400: [GC (Allocation Failure) 221M->409M(4096M), 0.014 secs]
2025-09-30T23:38:13.005+0400: [GC (Allocation Failure) 437M->409M(4096M), 0.015 secs]
2025-09-30T23:38:14.011+0400: [GC (Allocation Failure) 459M->409M(4096M), 0.031 secs]
2025-09-30T23:38:15.016+0400: [Full GC (System.gc()) 459M->409M(4096M), 0.125 secs]
2025-09-30T23:38:17.026+0400: [GC (Allocation Failure) 459M->409M(4096M), 0.021 secs]
2025-09-30T23:38:19.037+0400: [GC (Allocation Failure) 473M->409M(4096M), 0.034 secs]
2025-09-30T23:38:19.037+0400: [GC (Allocation Failure) 473M->412M(4096M), 0.006 secs]
2025-09-30T23:38:21.048+0400: [GC (Allocation Failure) 473M->437M(4096M), 0.018 secs]
2025-09-30T23:38:23.060+0400: [Full GC (System.gc()) 149M->409M(4096M), 0.178 secs]
2025-09-30T23:38:24.065+0400: [GC (Allocation Failure) 149M->409M(4096M), 0.024 secs]
2025-09-30T23:38:24.087+0400: [System.gc() (Allocation Failure) 149M->5M(4096M), 0.021 secs]
2025-09-30T23:38:25.091+0400: [GC (Allocation Failure) 5M->409M(4096M), 0.009 secs]
2025-09-30T23:38:27.101+0400: [GC (Allocation Failure) 5M->409M(4096M), 0.024 secs]
2025-09-30T23:38:29.106+0400: [GC (Allocation Failure) 19M->409M(4096M), 0.013 secs]
2025-09-30T23:38:29.107+0400: [Full GC (System.gc()) 19M->409M(4096M), 0.147 secs]
2025-09-30T23:38:31.118+0400: [GC (Allocation Failure) 33M->409M(4096M), 0.020 secs]
2025-09-30T23:38:33.124+0400: [GC (Allocation Failure) 33M->409M(4096M), 0.018 secs]
2025-09-30T23:38:34.130+0400: [GC (Allocation Failure) 33M->409M(4096M), 0.021 secs]
2025-09-30T23:38:35.135+0400: [GC (Allocation Failure) 47M->409M(4096M), 0.042 secs]
2025-09-30T23:38:37.142+0400: [Full GC (System.gc()) 63M->409M(4096M), 0.163 secs]
2025-09-30T23:38:39.149+0400: [GC (Allocation Failure) 63M->409M(4096M), 0.023 secs]
2025-09-30T23:38:39.149+0400: [GC (Allocation Failure) 63M->409M(4096M), 0.038 secs]
2025-09-30T23:38:39.165+0400: [System.gc() (Allocation Failure) 63M->5M(4096M), 0.016 secs]
2025-09-30T23:38:41.175+0400: [GC (Allocation Failure) 5M->409M(4096M), 0.013 secs]
2025-09-30T23:38:43.181+0400: [GC (Allocation Failure) 5M->409M(4096M), 0.011 secs]
2025-09-30T23:38:44.184+0400: [Full GC (System.gc()) 5M->409M(4096M), 0.179 secs]
2025-09-30T23:38:45.189+0400: [GC (Allocation Failure) 5M->409M(4096M), 0.022 secs]
2025-09-30T23:38:47.200+0400: [GC (Allocation Failure) 5M->409M(4096M), 0.013 secs]
2025-09-30T23:38:49.207+0400: [GC (Allocation Failure) 5M->409M(4096M), 0.039 secs]
2025-09-30T23:38:49.207+0400: [GC (Allocation Failure) 5M->409M(4096M), 0.020 secs]
2025-09-30T23:38:51.216+0400: [Full GC (System.gc()) 5M->409M(4096M), 0.157 secs]
2025-09-30T23:38:53.227+0400: [GC (Allocation Failure) 5M->409M(4096M), 0.049 secs]
2025-09-30T23:38:54.231+0400: [GC (Allocation Failure) 5M->409M(4096M), 0.007 secs]
2025-09-30T23:38:54.257+0400: [System.gc() (Allocation Failure) 5M->5M(4096M), 0.026 secs]
2025-09-30T23:38:55.263+0400: [GC (Allocation Failure) 5M->409M(4096M), 0.008 secs]
2025-09-30T23:38:57.266+0400: [GC (Allocation Failure) 5M->409M(4096M), 0.030 secs]
2025-09-30T23:38:59.274+0400: [Full GC (System.gc()) 5M->409M(4096M), 0.108 secs]
2025-09-30T23:38:59.275+0400: [GC (Allocation Failure) 5M->409M(4096M), 0.024 secs]
2025-09-30T23:39:01.286+0400: [GC (Allocation Failure) 5M->409M(4096M), 0.014 secs]
2025-09-30T23:39:03.291+0400: [GC (Allocation Failure) 5M->409M(4096M), 0.013 secs]
2025-09-30T23:39:04.293+0400: [GC (Allocation Failure) 5M->409M(4096M), 0.006 secs]
2025-09-30T23:39:05.298+0400: [Full GC (System.gc()) 5M->409M(4096M), 0.191 secs]
2025-09-30T23:39:07.308+0400: [GC (Allocation Failure) 5M->409M(4096M), 0.019 secs]
2025-09-30T23:39:09.319+0400: [GC (Allocation Failure) 5M->409M(4096M), 0.022 secs]
2025-09-30T23:39:09.319+0400: [GC (Allocation Failure) 5M->409M(4096M), 0.032 secs]
2025-09-30T23:39:09.360+0400: [System.gc() (Allocation Failure) 5M->5M(4096M), 0.041 secs]
2025-09-30T23:39:11.371+0400: [GC (Allocation Failure) 5M->409M(4096M), 0.023 secs]
2025-09-30T23:39:13.380+0400: [Full GC (System.gc()) 5M->409M(4096M), 0.222 secs]
2025-09-30T23:39:14.386+0400: [GC (Allocation Failure) 5M->409M(4096M), 0.023 secs]
2025-09-30T23:39:15.391+0400: [GC (Allocation Failure) 5M->409M(4096M), 0.022 secs]
2025-09-30T23:39:17.397+0400: [GC (Allocation Failure) 5M->409M(4096M), 0.021 secs]
2025-09-30T23:39:19.408+0400: [GC (Allocation Failure) 5M->409M(4096M), 0.022 secs]
2025-09-30T23:39:19.408+0400: [Full GC (System.gc()) 5M->409M(4096M), 0.207 secs]
2025-09-30T23:39:21.418+0400: [GC (Allocation Failure) 5M->409M(4096M), 0.010 secs]
2025-09-30T23:39:23.425+0400: [GC (Allocation Failure) 5M->409M(4096M), 0.020 secs]
2025-09-30T23:39:24.428+0400: [GC (Allocation Failure) 5M->409M(4096M), 0.006 secs]
2025-09-30T23:39:24.469+0400: [System.gc() (Allocation Failure) 5M->5M(4096M), 0.041 secs]
2025-09-30T23:39:25.472+0400: [GC (Allocation Failure) 5M->409M(4096M), 0.012 secs]
2025-09-30T23:39:27.477+0400: [Full GC (System.gc()) 5M->409M(4096M), 0.282 secs]
2025-09-30T23:39:29.481+0400: [GC (Allocation Failure) 5M->409M(4096M), 0.024 secs]
2025-09-30T23:39:29.482+0400: [GC (Allocation Failure) 5M->409M(4096M), 0.019 secs]
2025-09-30T23:39:31.487+0400: [GC (Allocation Failure) 5M->409M(4096M), 0.014 secs]
2025-09-30T23:39:33.497+0400: [GC (Allocation Failure) 5M->409M(4096M), 0.023 secs]
2025-09-30T23:39:34.502+0400: [Full GC (System.gc()) 5M->409M(4096M), 0.232 secs]
2025-09-30T23:39:35.508+0400: [GC (Allocation Failure) 5M->409M(4096M), 0.021 secs]
2025-09-30T23:39:37.518+0400: [GC (Allocation Failure) 5M->409M(4096M), 0.006 secs]
2025-09-30T23:39:39.525+0400: [GC (Allocation Failure) 5M->409M(4096M), 0.015 secs]
2025-09-30T23:39:39.526+0400: [GC (Allocation Failure) 5M->409M(4096M), 0.014 secs]
2025-09-30T23:39:39.565+0400: [System.gc() (Allocation Failure) 5M->5M(4096M), 0.039 secs]
2025-09-30T23:39:41.569+0400: [Full GC (System.gc()) 5M->409M(4096M), 0.196 secs]
2025-09-30T23:39:43.579+0400: [GC (Allocation Failure) 5M->409M(4096M), 0.010 secs]
2025-09-30T23:39:44.582+0400: [GC (Allocation Failure) 5M->409M(4096M), 0.019 secs]
2025-09-30T23:39:45.587+0400: [GC (Allocation Failure) 5M->409M(4096M), 0.005 secs]
2025-09-30T23:39:47.596+0400: [GC (Allocation Failure) 5M->409M(4096M), 0.015 secs]
2025-09-30T23:39:49.603+0400: [Full GC (System.gc()) 5M->409M(4096M), 0.274 secs]
2025-09-30T23:39:49.604+0400: [GC (Allocation Failure) 5M->409M(4096M), 0.024 secs]
2025-09-30T23:39:51.610+0400: [GC (Allocation Failure) 5M->409M(4096M), 0.016 secs]
2025-09-30T23:39:53.617+0400: [GC (Allocation Failure) 5M->409M(4096M), 0.045 secs]
2025-09-30T23:39:54.618+0400: [GC (Allocation Failure) 5M->409M(4096M), 0.013 secs]
2025-09-30T23:39:54.657+0400: [System.gc() (Allocation Failure) 5M->5M(4096M), 0.039 secs]
2025-09-30T23:39:55.663+0400: [Full GC (System.gc()) 5M->409M(4096M), 0.299 secs]
2025-09-30T23:39:57.674+0400: [GC (Allocation Failure) 19M->409M(4096M), 0.037 secs]
2025-09-30T23:39:59.682+0400: [GC (Allocation Failure) 34M->409M(4096M), 0.022 secs]
2025-09-30T23:39:59.683+0400: [GC (Allocation Failure) 34M->409M(4096M), 0.012 secs]
2025-09-30T23:40:01.691+0400: [GC (Allocation Failure) 34M->409M(4096M), 0.031 secs]
2025-09-30T23:40:03.701+0400: [Full GC (System.gc()) 34M->409M(4096M), 0.113 secs]
2025-09-30T23:40:04.704+0400: [GC (Allocation Failure) 34M->409M(4096M), 0.016 secs]
2025-09-30T23:40:05.706+0400: [GC (Allocation Failure) 34M->409M(4096M), 0.030 secs]
2025-09-30T23:40:07.715+0400: [GC (Allocation Failure) 34M->409M(4096M), 0.017 secs]
2025-09-30T23:40:09.742+0400: [System.gc() (Allocation Failure) 34M->5M(4096M), 0.020 secs]
